Component: ARM Compiler 5.06 update 7 (build 960) Tool: armlink [4d3601]

==============================================================================

Section Cross References

    startup_stm32f446xx.o(STACK) refers (Special) to heapauxi.o(.text) for __use_two_region_memory
    startup_stm32f446xx.o(HEAP) refers (Special) to heapauxi.o(.text) for __use_two_region_memory
    startup_stm32f446xx.o(RESET) refers (Special) to heapauxi.o(.text) for __use_two_region_memory
    startup_stm32f446xx.o(RESET) refers to startup_stm32f446xx.o(STACK) for __initial_sp
    startup_stm32f446xx.o(RESET) refers to startup_stm32f446xx.o(.text) for Reset_Handler
    startup_stm32f446xx.o(RESET) refers to stm32f4xx_it.o(i.NMI_Handler) for NMI_Handler
    startup_stm32f446xx.o(RESET) refers to stm32f4xx_it.o(i.HardFault_Handler) for HardFault_Handler
    startup_stm32f446xx.o(RESET) refers to stm32f4xx_it.o(i.MemManage_Handler) for MemManage_Handler
    startup_stm32f446xx.o(RESET) refers to stm32f4xx_it.o(i.BusFault_Handler) for BusFault_Handler
    startup_stm32f446xx.o(RESET) refers to stm32f4xx_it.o(i.UsageFault_Handler) for UsageFault_Handler
    startup_stm32f446xx.o(RESET) refers to stm32f4xx_it.o(i.SVC_Handler) for SVC_Handler
    startup_stm32f446xx.o(RESET) refers to stm32f4xx_it.o(i.DebugMon_Handler) for DebugMon_Handler
    startup_stm32f446xx.o(RESET) refers to stm32f4xx_it.o(i.PendSV_Handler) for PendSV_Handler
    startup_stm32f446xx.o(RESET) refers to stm32f4xx_it.o(i.SysTick_Handler) for SysTick_Handler
    startup_stm32f446xx.o(RESET) refers to stm32f4xx_it.o(i.I2C1_EV_IRQHandler) for I2C1_EV_IRQHandler
    startup_stm32f446xx.o(RESET) refers to stm32f4xx_it.o(i.I2C1_ER_IRQHandler) for I2C1_ER_IRQHandler
    startup_stm32f446xx.o(RESET) refers to stm32f4xx_it.o(i.USART1_IRQHandler) for USART1_IRQHandler
    startup_stm32f446xx.o(RESET) refers to stm32f4xx_it.o(i.DMA2_Stream1_IRQHandler) for DMA2_Stream1_IRQHandler
    startup_stm32f446xx.o(RESET) refers to stm32f4xx_it.o(i.DMA2_Stream2_IRQHandler) for DMA2_Stream2_IRQHandler
    startup_stm32f446xx.o(RESET) refers to stm32f4xx_it.o(i.DMA2_Stream6_IRQHandler) for DMA2_Stream6_IRQHandler
    startup_stm32f446xx.o(RESET) refers to stm32f4xx_it.o(i.DMA2_Stream7_IRQHandler) for DMA2_Stream7_IRQHandler
    startup_stm32f446xx.o(.text) refers (Special) to heapauxi.o(.text) for __use_two_region_memory
    startup_stm32f446xx.o(.text) refers to system_stm32f4xx.o(i.SystemInit) for SystemInit
    startup_stm32f446xx.o(.text) refers to __main.o(!!!main) for __main
    startup_stm32f446xx.o(.text) refers to startup_stm32f446xx.o(HEAP) for Heap_Mem
    startup_stm32f446xx.o(.text) refers to startup_stm32f446xx.o(STACK) for Stack_Mem
    main.o(i.ControlMotor) refers to main.o(i.PID_Compute) for PID_Compute
    main.o(i.ControlMotor) refers to main.o(.data) for .data
    main.o(i.ControlMotor) refers to tim.o(.bss) for htim3
    main.o(i.HAL_UART_RxCpltCallback) refers to main.o(i.ControlMotor) for ControlMotor
    main.o(i.HAL_UART_RxCpltCallback) refers to stm32f4xx_hal_uart.o(i.HAL_UART_Receive_IT) for HAL_UART_Receive_IT
    main.o(i.HAL_UART_RxCpltCallback) refers to stm32f4xx_hal_uart.o(i.HAL_UART_Receive_DMA) for HAL_UART_Receive_DMA
    main.o(i.HAL_UART_RxCpltCallback) refers to usart.o(.bss) for huart1
    main.o(i.HAL_UART_RxCpltCallback) refers to main.o(.data) for .data
    main.o(i.HAL_UART_RxCpltCallback) refers to tim.o(.bss) for htim3
    main.o(i.HAL_UART_RxCpltCallback) refers to main.o(.bss) for .bss
    main.o(i.HandleMotionManager) refers to main.o(i.ControlMotor) for ControlMotor
    main.o(i.HandleMotionManager) refers to main.o(.data) for .data
    main.o(i.ProcessLidarData) refers to main.o(.data) for .data
    main.o(i.ProcessLidarData) refers to usart.o(.bss) for huart6
    main.o(i.SendConnectionNotification) refers to main.o(.data) for .data
    main.o(i.SendLidarToBluetooth) refers to _printf_percent.o(.ARM.Collect$$_printf_percent$$00000000) for _printf_percent
    main.o(i.SendLidarToBluetooth) refers to _printf_d.o(.ARM.Collect$$_printf_percent$$00000009) for _printf_d
    main.o(i.SendLidarToBluetooth) refers to _printf_f.o(.ARM.Collect$$_printf_percent$$00000003) for _printf_f
    main.o(i.SendLidarToBluetooth) refers to _printf_dec.o(.text) for _printf_int_dec
    main.o(i.SendLidarToBluetooth) refers to printf1.o(x$fpl$printf1) for _printf_fp_dec
    main.o(i.SendLidarToBluetooth) refers to f2d.o(x$fpl$f2d) for __aeabi_f2d
    main.o(i.SendLidarToBluetooth) refers to __2snprintf.o(.text) for __2snprintf
    main.o(i.SendLidarToBluetooth) refers to stm32f4xx_hal_uart.o(i.HAL_UART_Transmit) for HAL_UART_Transmit
    main.o(i.SendLidarToBluetooth) refers to usart.o(.bss) for huart1
    main.o(i.SystemClock_Config) refers to rt_memclr_w.o(.text) for __aeabi_memclr4
    main.o(i.SystemClock_Config) refers to stm32f4xx_hal_rcc_ex.o(i.HAL_RCC_OscConfig) for HAL_RCC_OscConfig
[...]
    I2C_ITError                              0x08003e71   Thumb Code   336  stm32f4xx_hal_i2c.o(i.I2C_ITError)
    i.I2C_IsAcknowledgeFailed                0x08003fc8   Section        0  stm32f4xx_hal_i2c.o(i.I2C_IsAcknowledgeFailed)
    I2C_IsAcknowledgeFailed                  0x08003fc9   Thumb Code    46  stm32f4xx_hal_i2c.o(i.I2C_IsAcknowledgeFailed)
    i.I2C_MasterReceive_BTF                  0x08003ff6   Section        0  stm32f4xx_hal_i2c.o(i.I2C_MasterReceive_BTF)
    I2C_MasterReceive_BTF                    0x08003ff7   Thumb Code   218  stm32f4xx_hal_i2c.o(i.I2C_MasterReceive_BTF)
    i.I2C_MasterReceive_RXNE                 0x080040d0   Section        0  stm32f4xx_hal_i2c.o(i.I2C_MasterReceive_RXNE)
    I2C_MasterReceive_RXNE                   0x080040d1   Thumb Code   238  stm32f4xx_hal_i2c.o(i.I2C_MasterReceive_RXNE)
    i.I2C_MasterTransmit_BTF                 0x080041c4   Section        0  stm32f4xx_hal_i2c.o(i.I2C_MasterTransmit_BTF)
    I2C_MasterTransmit_BTF                   0x080041c5   Thumb Code   130  stm32f4xx_hal_i2c.o(i.I2C_MasterTransmit_BTF)
    i.I2C_MasterTransmit_TXE                 0x08004248   Section        0  stm32f4xx_hal_i2c.o(i.I2C_MasterTransmit_TXE)
    I2C_MasterTransmit_TXE                   0x08004249   Thumb Code   182  stm32f4xx_hal_i2c.o(i.I2C_MasterTransmit_TXE)
    i.I2C_Master_ADDR                        0x08004300   Section        0  stm32f4xx_hal_i2c.o(i.I2C_Master_ADDR)
    I2C_Master_ADDR                          0x08004301   Thumb Code   276  stm32f4xx_hal_i2c.o(i.I2C_Master_ADDR)
    i.I2C_Master_SB                          0x08004418   Section        0  stm32f4xx_hal_i2c.o(i.I2C_Master_SB)
    I2C_Master_SB                            0x08004419   Thumb Code   140  stm32f4xx_hal_i2c.o(i.I2C_Master_SB)
    i.I2C_MemoryTransmit_TXE_BTF             0x080044a4   Section        0  stm32f4xx_hal_i2c.o(i.I2C_MemoryTransmit_TXE_BTF)
    I2C_MemoryTransmit_TXE_BTF               0x080044a5   Thumb Code   168  stm32f4xx_hal_i2c.o(i.I2C_MemoryTransmit_TXE_BTF)
    i.I2C_RequestMemoryRead                  0x0800454c   Section        0  stm32f4xx_hal_i2c.o(i.I2C_RequestMemoryRead)
    I2C_RequestMemoryRead                    0x0800454d   Thumb Code   246  stm32f4xx_hal_i2c.o(i.I2C_RequestMemoryRead)
    i.I2C_RequestMemoryWrite                 0x08004648   Section        0  stm32f4xx_hal_i2c.o(i.I2C_RequestMemoryWrite)
    I2C_RequestMemoryWrite                   0x08004649   Thumb Code   162  stm32f4xx_hal_i2c.o(i.I2C_RequestMemoryWrite)
    i.I2C_Slave_ADDR                         0x080046f0   Section        0  stm32f4xx_hal_i2c.o(i.I2C_Slave_ADDR)
    I2C_Slave_ADDR                           0x080046f1   Thumb Code    70  stm32f4xx_hal_i2c.o(i.I2C_Slave_ADDR)
    i.I2C_Slave_AF                           0x08004738   Section        0  stm32f4xx_hal_i2c.o(i.I2C_Slave_AF)
    I2C_Slave_AF                             0x08004739   Thumb Code   138  stm32f4xx_hal_i2c.o(i.I2C_Slave_AF)
    i.I2C_Slave_STOPF                        0x080047c8   Section        0  stm32f4xx_hal_i2c.o(i.I2C_Slave_STOPF)
    I2C_Slave_STOPF                          0x080047c9   Thumb Code   338  stm32f4xx_hal_i2c.o(i.I2C_Slave_STOPF)
    i.I2C_WaitOnBTFFlagUntilTimeout          0x08004924   Section        0  stm32f4xx_hal_i2c.o(i.I2C_WaitOnBTFFlagUntilTimeout)
    I2C_WaitOnBTFFlagUntilTimeout            0x08004925   Thumb Code    86  stm32f4xx_hal_i2c.o(i.I2C_WaitOnBTFFlagUntilTimeout)
    i.I2C_WaitOnFlagUntilTimeout             0x0800497c   Section        0  stm32f4xx_hal_i2c.o(i.I2C_WaitOnFlagUntilTimeout)
    I2C_WaitOnFlagUntilTimeout               0x0800497d   Thumb Code   144  stm32f4xx_hal_i2c.o(i.I2C_WaitOnFlagUntilTimeout)
    i.I2C_WaitOnMasterAddressFlagUntilTimeout 0x08004a0c   Section        0  stm32f4xx_hal_i2c.o(i.I2C_WaitOnMasterAddressFlagUntilTimeout)
    I2C_WaitOnMasterAddressFlagUntilTimeout  0x08004a0d   Thumb Code   188  stm32f4xx_hal_i2c.o(i.I2C_WaitOnMasterAddressFlagUntilTimeout)
    i.I2C_WaitOnRXNEFlagUntilTimeout         0x08004ac8   Section        0  stm32f4xx_hal_i2c.o(i.I2C_WaitOnRXNEFlagUntilTimeout)
    I2C_WaitOnRXNEFlagUntilTimeout           0x08004ac9   Thumb Code   112  stm32f4xx_hal_i2c.o(i.I2C_WaitOnRXNEFlagUntilTimeout)
    i.I2C_WaitOnTXEFlagUntilTimeout          0x08004b38   Section        0  stm32f4xx_hal_i2c.o(i.I2C_WaitOnTXEFlagUntilTimeout)
    I2C_WaitOnTXEFlagUntilTimeout            0x08004b39   Thumb Code    86  stm32f4xx_hal_i2c.o(i.I2C_WaitOnTXEFlagUntilTimeout)
    i.MPU6500_Init                           0x08004b8e   Section        0  mpu6500.o(i.MPU6500_Init)
    i.MPU6500_ReadData                       0x08004c38   Section        0  mpu6500.o(i.MPU6500_ReadData)
    i.MX_ADC1_Init                           0x08004cf8   Section        0  adc.o(i.MX_ADC1_Init)
    i.MX_DMA_Init                            0x08004d5c   Section        0  dma.o(i.MX_DMA_Init)
    i.MX_GPIO_Init                           0x08004db8   Section        0  gpio.o(i.MX_GPIO_Init)
    i.MX_I2C1_Init                           0x08004e68   Section        0  i2c.o(i.MX_I2C1_Init)
    i.MX_TIM2_Init                           0x08004ea8   Section        0  tim.o(i.MX_TIM2_Init)
    i.MX_TIM3_Init                           0x08004f0c   Section        0  tim.o(i.MX_TIM3_Init)
    i.MX_TIM4_Init                           0x08004fac   Section        0  tim.o(i.MX_TIM4_Init)
    i.MX_USART1_UART_Init                    0x08005014   Section        0  usart.o(i.MX_USART1_UART_Init)
    i.MX_USART6_UART_Init                    0x0800504c   Section        0  usart.o(i.MX_USART6_UART_Init)
    i.MemManage_Handler                      0x08005084   Section        0  stm32f4xx_it.o(i.MemManage_Handler)
    i.NMI_Handler                            0x08005086   Section        0  stm32f4xx_it.o(i.NMI_Handler)
    i.PID_Compute                            0x08005088   Section        0  main.o(i.PID_Compute)
    i.PendSV_Handler                         0x080050f4   Section        0  stm32f4xx_it.o(i.PendSV_Handler)
    i.ProcessLidarData                       0x080050f8   Section        0  main.o(i.ProcessLidarData)
    i.SVC_Handler                            0x080051bc   Section        0  stm32f4xx_it.o(i.SVC_Handler)
    i.SendConnectionNotification             0x080051c0   Section        0  main.o(i.SendConnectionNotification)
    i.SysTick_Handler                        0x080051d8   Section        0  stm32f4xx_it.o(i.SysTick_Handler)
    i.SystemClock_Config                     0x080051dc   Section        0  main.o(i.SystemClock_Config)
    i.SystemInit                             0x0800527c   Section        0  system_stm32f4xx.o(i.SystemInit)
    i.TIM_Base_SetConfig                     0x0800528c   Section        0  stm32f4xx_hal_tim.o(i.TIM_Base_SetConfig)
    i.TIM_CCxChannelCmd                      0x0800535c   Section        0  stm32f4xx_hal_tim.o(i.TIM_CCxChannelCmd)
    i.TIM_OC1_SetConfig                      0x08005378   Section        0  stm32f4xx_hal_tim.o(i.TIM_OC1_SetConfig)
    TIM_OC1_SetConfig                        0x08005379   Thumb Code    88  stm32f4xx_hal_tim.o(i.TIM_OC1_SetConfig)
    i.TIM_OC2_SetConfig                      0x080053d8   Section        0  stm32f4xx_hal_tim.o(i.TIM_OC2_SetConfig)
    i.TIM_OC3_SetConfig                      0x08005444   Section        0  stm32f4xx_hal_tim.o(i.TIM_OC3_SetConfig)
    TIM_OC3_SetConfig                        0x08005445   Thumb Code    96  stm32f4xx_hal_tim.o(i.TIM_OC3_SetConfig)
    i.TIM_OC4_SetConfig                      0x080054ac   Section        0  stm32f4xx_hal_tim.o(i.TIM_OC4_SetConfig)
    TIM_OC4_SetConfig                        0x080054ad   Thumb Code    70  stm32f4xx_hal_tim.o(i.TIM_OC4_SetConfig)
    i.UART_DMAAbortOnError                   0x080054fc   Section        0  stm32f4xx_hal_uart.o(i.UART_DMAAbortOnError)
    UART_DMAAbortOnError                     0x080054fd   Thumb Code    14  stm32f4xx_hal_uart.o(i.UART_DMAAbortOnError)
    i.UART_DMAError                          0x0800550a   Section        0  stm32f4xx_hal_uart.o(i.UART_DMAError)
    UART_DMAError                            0x0800550b   Thumb Code    74  stm32f4xx_hal_uart.o(i.UART_DMAError)
    i.UART_DMAReceiveCplt                    0x08005554   Section        0  stm32f4xx_hal_uart.o(i.UART_DMAReceiveCplt)
    UART_DMAReceiveCplt                      0x08005555   Thumb Code   134  stm32f4xx_hal_uart.o(i.UART_DMAReceiveCplt)
    i.UART_DMARxHalfCplt                     0x080055da   Section        0  stm32f4xx_hal_uart.o(i.UART_DMARxHalfCplt)
    UART_DMARxHalfCplt                       0x080055db   Thumb Code    30  stm32f4xx_hal_uart.o(i.UART_DMARxHalfCplt)
    i.UART_EndRxTransfer                     0x080055f8   Section        0  stm32f4xx_hal_uart.o(i.UART_EndRxTransfer)
    UART_EndRxTransfer                       0x080055f9   Thumb Code    78  stm32f4xx_hal_uart.o(i.UART_EndRxTransfer)
    i.UART_EndTxTransfer                     0x08005646   Section        0  stm32f4xx_hal_uart.o(i.UART_EndTxTransfer)
    UART_EndTxTransfer                       0x08005647   Thumb Code    28  stm32f4xx_hal_uart.o(i.UART_EndTxTransfer)
    i.UART_Receive_IT                        0x08005662   Section        0  stm32f4xx_hal_uart.o(i.UART_Receive_IT)
    UART_Receive_IT                          0x08005663   Thumb Code   194  stm32f4xx_hal_uart.o(i.UART_Receive_IT)
    i.UART_SetConfig                         0x08005724   Section        0  stm32f4xx_hal_uart.o(i.UART_SetConfig)
    UART_SetConfig                           0x08005725   Thumb Code   258  stm32f4xx_hal_uart.o(i.UART_SetConfig)
    i.UART_Start_Receive_DMA                 0x08005830   Section        0  stm32f4xx_hal_uart.o(i.UART_Start_Receive_DMA)
    i.UART_Start_Receive_IT                  0x080058d0   Section        0  stm32f4xx_hal_uart.o(i.UART_Start_Receive_IT)
    i.UART_WaitOnFlagUntilTimeout            0x08005906   Section        0  stm32f4xx_hal_uart.o(i.UART_WaitOnFlagUntilTimeout)
    UART_WaitOnFlagUntilTimeout              0x08005907   Thumb Code   114  stm32f4xx_hal_uart.o(i.UART_WaitOnFlagUntilTimeout)
    i.USART1_IRQHandler                      0x08005978   Section        0  stm32f4xx_it.o(i.USART1_IRQHandler)
    i.UpdateSpeedRamp                        0x08005984   Section        0  main.o(i.UpdateSpeedRamp)
    i.UsageFault_Handler                     0x08005a20   Section        0  stm32f4xx_it.o(i.UsageFault_Handler)
    i.__ARM_fpclassify                       0x08005a22   Section        0  fpclassify.o(i.__ARM_fpclassify)
    i.__NVIC_SetPriority                     0x08005a52   Section        0  stm32f4xx_hal_cortex.o(i.__NVIC_SetPriority)
    __NVIC_SetPriority                       0x08005a53   Thumb Code    32  stm32f4xx_hal_cortex.o(i.__NVIC_SetPriority)
    i._is_digit                              0x08005a72   Section        0  __printf_wp.o(i._is_digit)
    i.get_encoder_delta                      0x08005a80   Section        0  main.o(i.get_encoder_delta)
    i.main                                   0x08005a8c   Section        0  main.o(i.main)
    locale$$code                             0x08005e18   Section       44  lc_numeric_c.o(locale$$code)
    x$fpl$dretinf                            0x08005e44   Section       12  dretinf.o(x$fpl$dretinf)
    $v0                                      0x08005e44   Number         0  dretinf.o(x$fpl$dretinf)
    x$fpl$f2d                                0x08005e50   Section       86  f2d.o(x$fpl$f2d)
    $v0                                      0x08005e50   Number         0  f2d.o(x$fpl$f2d)
    x$fpl$fnaninf                            0x08005ea6   Section      140  fnaninf.o(x$fpl$fnaninf)
    $v0                                      0x08005ea6   Number         0  fnaninf.o(x$fpl$fnaninf)
    x$fpl$fpinit                             0x08005f32   Section       10  fpinit.o(x$fpl$fpinit)
    $v0                                      0x08005f32   Number         0  fpinit.o(x$fpl$fpinit)
    x$fpl$printf1                            0x08005f3c   Section        4  printf1.o(x$fpl$printf1)
    $v0                                      0x08005f3c   Number         0  printf1.o(x$fpl$printf1)
    .constdata                               0x08005f40   Section        8  stm32f4xx_hal_dma.o(.constdata)
    x$fpl$usenofp                            0x08005f40   Section        0  usenofp.o(x$fpl$usenofp)
    flagBitshiftOffset                       0x08005f40   Data           8  stm32f4xx_hal_dma.o(.constdata)
    .constdata                               0x08005f48   Section       16  system_stm32f4xx.o(.constdata)
    .constdata                               0x08005f58   Section        8  system_stm32f4xx.o(.constdata)
    .constdata                               0x08005f60   Section      148  bigflt0.o(.constdata)
    tenpwrs_x                                0x08005f60   Data          60  bigflt0.o(.constdata)
    tenpwrs_i                                0x08005f9c   Data          64  bigflt0.o(.constdata)
    locale$$data                             0x08006014   Section       28  lc_numeric_c.o(locale$$data)
    __lcnum_c_name                           0x08006018   Data           2  lc_numeric_c.o(locale$$data)
    __lcnum_c_start                          0x08006020   Data           0  lc_numeric_c.o(locale$$data)
    __lcnum_c_point                          0x0800602c   Data           0  lc_numeric_c.o(locale$$data)
    __lcnum_c_thousands                      0x0800602e   Data           0  lc_numeric_c.o(locale$$data)
    __lcnum_c_grouping                       0x0800602f   Data           0  lc_numeric_c.o(locale$$data)
    __lcnum_c_end                            0x08006030   Data           0  lc_numeric_c.o(locale$$data)
    .data                                    0x20000000   Section      172  main.o(.data)
    motion                                   0x20000007   Data           1  main.o(.data)
    command_index                            0x2000000a   Data           1  main.o(.data)
    command_buffer                           0x2000000b   Data           2  main.o(.data)
    turn_target_sumabs_cm                    0x20000034   Data           4  main.o(.data)
    turn_accum_sumabs_cm                     0x20000038   Data           4  main.o(.data)
    last_debug_time                          0x20000048   Data           4  main.o(.data)
    left_compensation                        0x20000054   Data           4  main.o(.data)
    right_compensation                       0x20000058   Data           4  main.o(.data)
    .data                                    0x200000ac   Section       12  stm32f4xx_hal.o(.data)
    .data                                    0x200000b8   Section        4  system_stm32f4xx.o(.data)
    .bss                                     0x200000bc   Section      256  main.o(.bss)
    .bss                                     0x200001bc   Section       72  adc.o(.bss)
    .bss                                     0x20000204   Section       84  i2c.o(.bss)
    .bss                                     0x20000258   Section      216  tim.o(.bss)
    .bss                                     0x20000330   Section      528  usart.o(.bss)
    .bss                                     0x20000540   Section       96  libspace.o(.bss)
    HEAP                                     0x200005a0   Section      512  startup_stm32f446xx.o(HEAP)
    Heap_Mem                                 0x200005a0   Data         512  startup_stm32f446xx.o(HEAP)
    STACK                                    0x200007a0   Section     1024  startup_stm32f446xx.o(STACK)
    Stack_Mem                                0x200007a0   Data        1024  startup_stm32f446xx.o(STACK)
    __initial_sp                             0x20000ba0   Data           0  startup_stm32f446xx.o(STACK)

    Global Symbols

    Symbol Name                              Value     Ov Type        Size  Object(Section)

    BuildAttributes$$THM_ISAv4$E$P$D$K$B$S$7EM$VFPi3$EXTD16$VFPS$VFMA$PE$A:L22UL41UL21$X:L11$S22US41US21$IEEE1$IW$USESV6$~STKCKD$USESV7$~SHL$OTIME$ROPI$IEEEJ$EBA8$UX$STANDARDLIB$REQ8$PRES8$EABIv2 0x00000000   Number         0  anon$$obj.o ABSOLUTE
    __ARM_use_no_argv                        0x00000000   Number         0  main.o ABSOLUTE
    _printf_flags                            0x00000000   Number         0  printf_stubs.o ABSOLUTE
    _printf_return_value                     0x00000000   Number         0  printf_stubs.o ABSOLUTE
    _printf_sizespec                         0x00000000   Number         0  printf_stubs.o ABSOLUTE
    _printf_widthprec                        0x00000000   Number         0  printf_stubs.o ABSOLUTE
    __ARM_exceptions_init                     - Undefined Weak Reference
    __alloca_initialize                       - Undefined Weak Reference
    __arm_fini_                               - Undefined Weak Reference
    __arm_preinit_                            - Undefined Weak Reference
    __cpp_initialize__aeabi_                  - Undefined Weak Reference
    __cxa_finalize                            - Undefined Weak Reference
    __sigvec_lookup                           - Undefined Weak Reference
    _atexit_init                              - Undefined Weak Reference
    _call_atexit_fns                          - Undefined Weak Reference
    _clock_init                               - Undefined Weak Reference
    _fp_trap_init                             - Undefined Weak Reference
    _fp_trap_shutdown                         - Undefined Weak Reference
    _get_lc_collate                           - Undefined Weak Reference
    _get_lc_ctype                             - Undefined Weak Reference
    _get_lc_monetary                          - Undefined Weak Reference
    _get_lc_time                              - Undefined Weak Reference
    _getenv_init                              - Undefined Weak Reference
    _handle_redirection                       - Undefined Weak Reference
    _init_alloc                               - Undefined Weak Reference
    _init_user_alloc                          - Undefined Weak Reference
    _initio                                   - Undefined Weak Reference
    _printf_post_padding                      - Undefined Weak Reference
    _printf_pre_padding                       - Undefined Weak Reference
    _printf_truncate_signed                   - Undefined Weak Reference
    _printf_truncate_unsigned                 - Undefined Weak Reference
    _rand_init                                - Undefined Weak Reference
    _signal_finish                            - Undefined Weak Reference
    _signal_init                              - Undefined Weak Reference
    _terminate_alloc                          - Undefined Weak Reference
    _terminate_user_alloc                     - Undefined Weak Reference
    _terminateio                              - Undefined Weak Reference
    __Vectors_Size                           0x000001c4   Number         0  startup_stm32f446xx.o ABSOLUTE
    __Vectors                                0x08000000   Data           4  startup_stm32f446xx.o(RESET)
    __Vectors_End                            0x080001c4   Data           0  startup_stm32f446xx.o(RESET)
    __main                                   0x080001c5   Thumb Code     8  __main.o(!!!main)
    __scatterload                            0x080001cd   Thumb Code     0  __scatter.o(!!!scatter)
    __scatterload_rt2                        0x080001cd   Thumb Code    44  __scatter.o(!!!scatter)
    __scatterload_rt2_thumb_only             0x080001cd   Thumb Code     0  __scatter.o(!!!scatter)
    __scatterload_null                       0x080001db   Thumb Code     0  __scatter.o(!!!scatter)
    __scatterload_copy                       0x08000201   Thumb Code    26  __scatter_copy.o(!!handler_copy)
    __scatterload_zeroinit                   0x0800021d   Thumb Code    28  __scatter_zi.o(!!handler_zi)
    _printf_f                                0x08000239   Thumb Code     0  _printf_f.o(.ARM.Collect$$_printf_percent$$00000003)
    _printf_percent                          0x08000239   Thumb Code     0  _printf_percent.o(.ARM.Collect$$_printf_percent$$00000000)
    _printf_u                                0x0800023f   Thumb Code     0  _printf_u.o(.ARM.Collect$$_printf_percent$$0000000A)
    _printf_percent_end                      0x08000245   Thumb Code     0  _printf_percent_end.o(.ARM.Collect$$_printf_percent$$00000017)
    __rt_lib_init                            0x08000249   Thumb Code     0  libinit.o(.ARM.Collect$$libinit$$00000000)
    __rt_lib_init_fp_1                       0x0800024b   Thumb Code     0  libinit2.o(.ARM.Collect$$libinit$$00000001)
    __rt_lib_init_heap_1                     0x0800024f   Thumb Code     0  libinit2.o(.ARM.Collect$$libinit$$0000000A)
    __rt_lib_init_lc_common                  0x0800024f   Thumb Code     0  libinit2.o(.ARM.Collect$$libinit$$0000000F)
    __rt_lib_init_preinit_1                  0x0800024f   Thumb Code     0  libinit2.o(.ARM.Collect$$libinit$$00000004)
    __rt_lib_init_rand_1                     0x0800024f   Thumb Code     0  libinit2.o(.ARM.Collect$$libinit$$0000000E)
    __rt_lib_init_user_alloc_1               0x0800024f   Thumb Code     0  libinit2.o(.ARM.Collect$$libinit$$0000000C)
    __rt_lib_init_lc_collate_1               0x08000255   Thumb Code     0  libinit2.o(.ARM.Collect$$libinit$$00000011)
    __rt_lib_init_lc_ctype_1                 0x08000255   Thumb Code     0  libinit2.o(.ARM.Collect$$libinit$$00000013)
    __rt_lib_init_lc_monetary_1              0x08000255   Thumb Code     0  libinit2.o(.ARM.Collect$$libinit$$00000015)
    __rt_lib_init_lc_numeric_2               0x08000255   Thumb Code     0  libinit2.o(.ARM.Collect$$libinit$$00000016)
    __rt_lib_init_alloca_1                   0x0800025f   Thumb Code     0  libinit2.o(.ARM.Collect$$libinit$$0000002E)
    __rt_lib_init_argv_1                     0x0800025f   Thumb Code     0  libinit2.o(.ARM.Collect$$libinit$$0000002C)
    __rt_lib_init_atexit_1                   0x0800025f   Thumb Code     0  libinit2.o(.ARM.Collect$$libinit$$0000001B)
    __rt_lib_init_clock_1                    0x0800025f   Thumb Code     0  libinit2.o(.ARM.Collect$$libinit$$00000021)
    __rt_lib_init_cpp_1                      0x0800025f   Thumb Code     0  libinit2.o(.ARM.Collect$$libinit$$00000032)
    __rt_lib_init_exceptions_1               0x0800025f   Thumb Code     0  libinit2.o(.ARM.Collect$$libinit$$00000030)
    __rt_lib_init_fp_trap_1                  0x0800025f   Thumb Code     0  libinit2.o(.ARM.Collect$$libinit$$0000001F)
    __rt_lib_init_getenv_1                   0x0800025f   Thumb Code     0  libinit2.o(.ARM.Collect$$libinit$$00000023)
    __rt_lib_init_lc_numeric_1               0x0800025f   Thumb Code     0  libinit2.o(.ARM.Collect$$libinit$$00000017)
    __rt_lib_init_lc_time_1                  0x0800025f   Thumb Code     0  libinit2.o(.ARM.Collect$$libinit$$00000019)
    __rt_lib_init_return                     0x0800025f   Thumb Code     0  libinit2.o(.ARM.Collect$$libinit$$00000033)
    __rt_lib_init_signal_1                   0x0800025f   Thumb Code     0  libinit2.o(.ARM.Collect$$libinit$$0000001D)
    __rt_lib_init_stdio_1                    0x0800025f   Thumb Code     0  libinit2.o(.ARM.Collect$$libinit$$00000025)
    __rt_lib_shutdown                        0x08000261   Thumb Code     0  libshutdown.o(.ARM.Collect$$libshutdown$$00000000)
    __rt_lib_shutdown_cpp_1                  0x08000263   Thumb Code     0  libshutdown2.o(.ARM.Collect$$libshutdown$$00000004)
    __rt_lib_shutdown_fini_1                 0x08000263   Thumb Code     0  libshutdown2.o(.ARM.Collect$$libshutdown$$00000002)
    __rt_lib_shutdown_fp_trap_1              0x08000263   Thumb Code     0  libshutdown2.o(.ARM.Collect$$libshutdown$$00000009)
    __rt_lib_shutdown_heap_1                 0x08000263   Thumb Code     0  libshutdown2.o(.ARM.Collect$$libshutdown$$00000011)
    __rt_lib_shutdown_return                 0x08000263   Thumb Code     0  libshutdown2.o(.ARM.Collect$$libshutdown$$00000012)
    __rt_lib_shutdown_signal_1               0x08000263   Thumb Code     0  libshutdown2.o(.ARM.Collect$$libshutdown$$0000000C)
    __rt_lib_shutdown_stdio_1                0x08000263   Thumb Code     0  libshutdown2.o(.ARM.Collect$$libshutdown$$00000006)
    __rt_lib_shutdown_user_alloc_1           0x08000263   Thumb Code     0  libshutdown2.o(.ARM.Collect$$libshutdown$$0000000E)
    __rt_entry                               0x08000265   Thumb Code     0  __rtentry.o(.ARM.Collect$$rtentry$$00000000)
    __rt_entry_presh_1                       0x08000265   Thumb Code     0  __rtentry2.o(.ARM.Collect$$rtentry$$00000002)
    __rt_entry_sh                            0x08000265   Thumb Code     0  __rtentry4.o(.ARM.Collect$$rtentry$$00000004)
    __rt_entry_li                            0x0800026b   Thumb Code     0  __rtentry2.o(.ARM.Collect$$rtentry$$0000000A)
    __rt_entry_postsh_1                      0x0800026b   Thumb Code     0  __rtentry2.o(.ARM.Collect$$rtentry$$00000009)
    __rt_entry_main                          0x0800026f   Thumb Code     0  __rtentry2.o(.ARM.Collect$$rtentry$$0000000D)
    __rt_entry_postli_1                      0x0800026f   Thumb Code     0  __rtentry2.o(.ARM.Collect$$rtentry$$0000000C)
    __rt_exit                                0x08000277   Thumb Code     0  rtexit.o(.ARM.Collect$$rtexit$$00000000)
    __rt_exit_ls                             0x08000279   Thumb Code     0  rtexit2.o(.ARM.Collect$$rtexit$$00000003)
    __rt_exit_prels_1                        0x08000279   Thumb Code     0  rtexit2.o(.ARM.Collect$$rtexit$$00000002)
    __rt_exit_exit                           0x0800027d   Thumb Code     0  rtexit2.o(.ARM.Collect$$rtexit$$00000004)
    Reset_Handler                            0x08000285   Thumb Code     8  startup_stm32f446xx.o(.text)
    ADC_IRQHandler                           0x0800029f   Thumb Code     0  startup_stm32f446xx.o(.text)
    CAN1_RX0_IRQHandler                      0x0800029f   Thumb Code     0  startup_stm32f446xx.o(.text)
    CAN1_RX1_IRQHandler                      0x0800029f   Thumb Code     0  startup_stm32f446xx.o(.text)
    CAN1_SCE_IRQHandler                      0x0800029f   Thumb Code     0  startup_stm32f446xx.o(.text)
    CAN1_TX_IRQHandler                       0x0800029f   Thumb Code     0  startup_stm32f446xx.o(.text)
    CAN2_RX0_IRQHandler                      0x0800029f   Thumb Code     0  startup_stm32f446xx.o(.text)
    CAN2_RX1_IRQHandler                      0x0800029f   Thumb Code     0  startup_stm32f446xx.o(.text)
    CAN2_SCE_IRQHandler                      0x0800029f   Thumb Code     0  startup_stm32f446xx.o(.text)
    CAN2_TX_IRQHandler                       0x0800029f   Thumb Code     0  startup_stm32f446xx.o(.text)
    CEC_IRQHandler                           0x0800029f   Thumb Code     0  startup_stm32f446xx.o(.text)
    DCMI_IRQHandler                          0x0800029f   Thumb Code     0  startup_stm32f446xx.o(.text)
    DMA1_Stream0_IRQHandler                  0x0800029f   Thumb Code     0  startup_stm32f446xx.o(.text)
    DMA1_Stream1_IRQHandler                  0x0800029f   Thumb Code     0  startup_stm32f446xx.o(.text)
    DMA1_Stream2_IRQHandler                  0x0800029f   Thumb Code     0  startup_stm32f446xx.o(.text)
    DMA1_Stream3_IRQHandler                  0x0800029f   Thumb Code     0  startup_stm32f446xx.o(.text)
    DMA1_Stream4_IRQHandler                  0x0800029f   Thumb Code     0  startup_stm32f446xx.o(.text)
    DMA1_Stream5_IRQHandler                  0x0800029f   Thumb Code     0  startup_stm32f446xx.o(.text)
    DMA1_Stream6_IRQHandler                  0x0800029f   Thumb Code     0  startup_stm32f446xx.o(.text)
    DMA1_Stream7_IRQHandler                  0x0800029f   Thumb Code     0  startup_stm32f446xx.o(.text)
    DMA2_Stream0_IRQHandler                  0x0800029f   Thumb Code     0  startup_stm32f446xx.o(.text)
    DMA2_Stream3_IRQHandler                  0x0800029f   Thumb Code     0  startup_stm32f446xx.o(.text)
    DMA2_Stream4_IRQHandler                  0x0800029f   Thumb Code     0  startup_stm32f446xx.o(.text)
    DMA2_Stream5_IRQHandler                  0x0800029f   Thumb Code     0  startup_stm32f446xx.o(.text)
    EXTI0_IRQHandler                         0x0800029f   Thumb Code     0  startup_stm32f446xx.o(.text)
    EXTI15_10_IRQHandler                     0x0800029f   Thumb Code     0  startup_stm32f446xx.o(.text)
    EXTI1_IRQHandler                         0x0800029f   Thumb Code     0  startup_stm32f446xx.o(.text)
    EXTI2_IRQHandler                         0x0800029f   Thumb Code     0  startup_stm32f446xx.o(.text)
    EXTI3_IRQHandler                         0x0800029f   Thumb Code     0  startup_stm32f446xx.o(.text)
    EXTI4_IRQHandler                         0x0800029f   Thumb Code     0  startup_stm32f446xx.o(.text)
    EXTI9_5_IRQHandler                       0x0800029f   Thumb Code     0  startup_stm32f446xx.o(.text)
    FLASH_IRQHandler                         0x0800029f   Thumb Code     0  startup_stm32f446xx.o(.text)
    FMC_IRQHandler                           0x0800029f   Thumb Code     0  startup_stm32f446xx.o(.text)
    FMPI2C1_ER_IRQHandler                    0x0800029f   Thumb Code     0  startup_stm32f446xx.o(.text)
    FMPI2C1_EV_IRQHandler                    0x0800029f   Thumb Code     0  startup_stm32f446xx.o(.text)
    FPU_IRQHandler                           0x0800029f   Thumb Code     0  startup_stm32f446xx.o(.text)
    I2C2_ER_IRQHandler                       0x0800029f   Thumb Code     0  startup_stm32f446xx.o(.text)
    I2C2_EV_IRQHandler                       0x0800029f   Thumb Code     0  startup_stm32f446xx.o(.text)
    I2C3_ER_IRQHandler                       0x0800029f   Thumb Code     0  startup_stm32f446xx.o(.text)
    I2C3_EV_IRQHandler                       0x0800029f   Thumb Code     0  startup_stm32f446xx.o(.text)
    OTG_FS_IRQHandler                        0x0800029f   Thumb Code     0  startup_stm32f446xx.o(.text)
    OTG_FS_WKUP_IRQHandler                   0x0800029f   Thumb Code     0  startup_stm32f446xx.o(.text)
    OTG_HS_EP1_IN_IRQHandler                 0x0800029f   Thumb Code     0  startup_stm32f446xx.o(.text)
    OTG_HS_EP1_OUT_IRQHandler                0x0800029f   Thumb Code     0  startup_stm32f446xx.o(.text)
    OTG_HS_IRQHandler                        0x0800029f   Thumb Code     0  startup_stm32f446xx.o(.text)
    OTG_HS_WKUP_IRQHandler                   0x0800029f   Thumb Code     0  startup_stm32f446xx.o(.text)
    PVD_IRQHandler                           0x0800029f   Thumb Code     0  startup_stm32f446xx.o(.text)
    QUADSPI_IRQHandler                       0x0800029f   Thumb Code     0  startup_stm32f446xx.o(.text)
    RCC_IRQHandler                           0x0800029f   Thumb Code     0  startup_stm32f446xx.o(.text)
    RTC_Alarm_IRQHandler                     0x0800029f   Thumb Code     0  startup_stm32f446xx.o(.text)
    RTC_WKUP_IRQHandler                      0x0800029f   Thumb Code     0  startup_stm32f446xx.o(.text)
    SAI1_IRQHandler                          0x0800029f   Thumb Code     0  startup_stm32f446xx.o(.text)
    SAI2_IRQHandler                          0x0800029f   Thumb Code     0  startup_stm32f446xx.o(.text)
    SDIO_IRQHandler                          0x0800029f   Thumb Code     0  startup_stm32f446xx.o(.text)
    SPDIF_RX_IRQHandler                      0x0800029f   Thumb Code     0  startup_stm32f446xx.o(.text)
    SPI1_IRQHandler                          0x0800029f   Thumb Code     0  startup_stm32f446xx.o(.text)
    SPI2_IRQHandler                          0x0800029f   Thumb Code     0  startup_stm32f446xx.o(.text)
    SPI3_IRQHandler                          0x0800029f   Thumb Code     0  startup_stm32f446xx.o(.text)
    SPI4_IRQHandler                          0x0800029f   Thumb Code     0  startup_stm32f446xx.o(.text)
    TAMP_STAMP_IRQHandler                    0x0800029f   Thumb Code     0  startup_stm32f446xx.o(.text)
    TIM1_BRK_TIM9_IRQHandler                 0x0800029f   Thumb Code     0  startup_stm32f446xx.o(.text)
    TIM1_CC_IRQHandler                       0x0800029f   Thumb Code     0  startup_stm32f446xx.o(.text)
    TIM1_TRG_COM_TIM11_IRQHandler            0x0800029f   Thumb Code     0  startup_stm32f446xx.o(.text)
    TIM1_UP_TIM10_IRQHandler                 0x0800029f   Thumb Code     0  startup_stm32f446xx.o(.text)
    TIM2_IRQHandler                          0x0800029f   Thumb Code     0  startup_stm32f446xx.o(.text)
    TIM3_IRQHandler                          0x0800029f   Thumb Code     0  startup_stm32f446xx.o(.text)
    TIM4_IRQHandler                          0x0800029f   Thumb Code     0  startup_stm32f446xx.o(.text)
    TIM5_IRQHandler                          0x0800029f   Thumb Code     0  startup_stm32f446xx.o(.text)
    TIM6_DAC_IRQHandler                      0x0800029f   Thumb Code     0  startup_stm32f446xx.o(.text)
    TIM7_IRQHandler                          0x0800029f   Thumb Code     0  startup_stm32f446xx.o(.text)
    TIM8_BRK_TIM12_IRQHandler                0x0800029f   Thumb Code     0  startup_stm32f446xx.o(.text)
    TIM8_CC_IRQHandler                       0x0800029f   Thumb Code     0  startup_stm32f446xx.o(.text)
    TIM8_TRG_COM_TIM14_IRQHandler            0x0800029f   Thumb Code     0  startup_stm32f446xx.o(.text)
    TIM8_UP_TIM13_IRQHandler                 0x0800029f   Thumb Code     0  startup_stm32f446xx.o(.text)
    UART4_IRQHandler                         0x0800029f   Thumb Code     0  startup_stm32f446xx.o(.text)
    UART5_IRQHandler                         0x0800029f   Thumb Code     0  startup_stm32f446xx.o(.text)
    USART2_IRQHandler                        0x0800029f   Thumb Code     0  startup_stm32f446xx.o(.text)
    USART3_IRQHandler                        0x0800029f   Thumb Code     0  startup_stm32f446xx.o(.text)
    USART6_IRQHandler                        0x0800029f   Thumb Code     0  startup_stm32f446xx.o(.text)
    WWDG_IRQHandler                          0x0800029f   Thumb Code     0  startup_stm32f446xx.o(.text)
    __user_initial_stackheap                 0x080002a1   Thumb Code     0  startup_stm32f446xx.o(.text)
    __aeabi_uldivmod                         0x080002c5   Thumb Code     0  lludivv7m.o(.text)
    _ll_udiv                                 0x080002c5   Thumb Code   238  lludivv7m.o(.text)
    __2snprintf                              0x080003b5   Thumb Code    50  __2snprintf.o(.text)
    _printf_int_dec                          0x080003ed   Thumb Code   104  _printf_dec.o(.text)
    __printf                                 0x08000465   Thumb Code   270  __printf_wp.o(.text)
    __aeabi_memclr4                          0x08000573   Thumb Code     0  rt_memclr_w.o(.text)
    __aeabi_memclr8                          0x08000573   Thumb Code     0  rt_memclr_w.o(.text)
    __rt_memclr_w                            0x08000573   Thumb Code    78  rt_memclr_w.o(.text)
    _memset_w                                0x08000577   Thumb Code     0  rt_memclr_w.o(.text)
    __use_two_region_memory                  0x080005c1   Thumb Code     2  heapauxi.o(.text)
    __rt_heap_escrow$2region                 0x080005c3   Thumb Code     2  heapauxi.o(.text)
    __rt_heap_expand$2region                 0x080005c5   Thumb Code     2  heapauxi.o(.text)
    _printf_int_common                       0x080005c7   Thumb Code   178  _printf_intcommon.o(.text)
    __lib_sel_fp_printf                      0x08000679   Thumb Code     2  _printf_fp_dec.o(.text)
    _printf_fp_dec_real                      0x0800082b   Thumb Code   620  _printf_fp_dec.o(.text)
    _printf_char_common                      0x08000aa3   Thumb Code    32  _printf_char_common.o(.text)
    _sputc                                   0x08000ac9   Thumb Code    10  _sputc.o(.text)
    _snputc                                  0x08000ad3   Thumb Code    16  _snputc.o(.text)
    __rt_locale                              0x08000ae5   Thumb Code     8  rt_locale_intlibspace.o(.text)
    _ll_udiv10                               0x08000aed   Thumb Code   138  lludiv10.o(.text)
    _printf_fp_infnan                        0x08000b79   Thumb Code   112  _printf_fp_infnan.o(.text)
    _btod_etento                             0x08000bf9   Thumb Code   224  bigflt0.o(.text)
    __user_libspace                          0x08000cdd   Thumb Code     8  libspace.o(.text)
    __user_perproc_libspace                  0x08000cdd   Thumb Code     0  libspace.o(.text)
    __user_perthread_libspace                0x08000cdd   Thumb Code     0  libspace.o(.text)
    __user_setup_stackheap                   0x08000ce5   Thumb Code    74  sys_stackheap_outer.o(.text)
    exit                                     0x08000d2f   Thumb Code    18  exit.o(.text)
    strcmp                                   0x08000d41   Thumb Code   128  strcmpv7m.o(.text)
    _sys_exit                                0x08000dc1   Thumb Code     8  sys_exit.o(.text)
    __I$use$semihosting                      0x08000dcd   Thumb Code     0  use_no_semi.o(.text)
    __use_no_semihosting_swi                 0x08000dcd   Thumb Code     2  use_no_semi.o(.text)
    __semihosting_library_function           0x08000dcf   Thumb Code     0  indicate_semi.o(.text)
    _btod_d2e                                0x08000dcf   Thumb Code    62  btod.o(CL$$btod_d2e)
    _d2e_denorm_low                          0x08000e0d   Thumb Code    70  btod.o(CL$$btod_d2e_denorm_low)
    _d2e_norm_op1                            0x08000e53   Thumb Code    96  btod.o(CL$$btod_d2e_norm_op1)
    __btod_div_common                        0x08000eb3   Thumb Code   696  btod.o(CL$$btod_div_common)
    _e2e                                     0x080011eb   Thumb Code   220  btod.o(CL$$btod_e2e)
    _btod_ediv                               0x080012c7   Thumb Code    42  btod.o(CL$$btod_ediv)
    _btod_emul                               0x080012f1   Thumb Code    42  btod.o(CL$$btod_emul)
    __btod_mult_common                       0x0800131b   Thumb Code   580  btod.o(CL$$btod_mult_common)
    BusFault_Handler                         0x08001689   Thumb Code     2  stm32f4xx_it.o(i.BusFault_Handler)
    ControlMotor                             0x0800168d   Thumb Code   206  main.o(i.ControlMotor)
    DMA2_Stream1_IRQHandler                  0x08001765   Thumb Code     6  stm32f4xx_it.o(i.DMA2_Stream1_IRQHandler)
    DMA2_Stream2_IRQHandler                  0x08001771   Thumb Code     6  stm32f4xx_it.o(i.DMA2_Stream2_IRQHandler)
    DMA2_Stream6_IRQHandler                  0x0800177d   Thumb Code     6  stm32f4xx_it.o(i.DMA2_Stream6_IRQHandler)
    DMA2_Stream7_IRQHandler                  0x08001789   Thumb Code     6  stm32f4xx_it.o(i.DMA2_Stream7_IRQHandler)
    DebugMon_Handler                         0x08001839   Thumb Code     2  stm32f4xx_it.o(i.DebugMon_Handler)
    Error_Handler                            0x0800183b   Thumb Code     4  main.o(i.Error_Handler)
    HAL_ADC_ConfigChannel                    0x08001841   Thumb Code   334  stm32f4xx_hal_adc.o(i.HAL_ADC_ConfigChannel)
    HAL_ADC_GetValue                         0x080019a5   Thumb Code     6  stm32f4xx_hal_adc.o(i.HAL_ADC_GetValue)
    HAL_ADC_Init                             0x080019ab   Thumb Code    84  stm32f4xx_hal_adc.o(i.HAL_ADC_Init)
    HAL_ADC_MspInit                          0x08001a01   Thumb Code    84  adc.o(i.HAL_ADC_MspInit)
    HAL_ADC_PollForConversion                0x08001a61   Thumb Code   170  stm32f4xx_hal_adc.o(i.HAL_ADC_PollForConversion)
    HAL_ADC_Start                            0x08001b0d   Thumb Code   228  stm32f4xx_hal_adc.o(i.HAL_ADC_Start)
    HAL_DMA_Abort                            0x08001c09   Thumb Code   146  stm32f4xx_hal_dma.o(i.HAL_DMA_Abort)
    HAL_DMA_Abort_IT                         0x08001c9b   Thumb Code    36  stm32f4xx_hal_dma.o(i.HAL_DMA_Abort_IT)
    HAL_DMA_GetState                         0x08001cbf   Thumb Code     6  stm32f4xx_hal_dma.o(i.HAL_DMA_GetState)
    HAL_DMA_IRQHandler                       0x08001cc5   Thumb Code   412  stm32f4xx_hal_dma.o(i.HAL_DMA_IRQHandler)
    HAL_DMA_Init                             0x08001e65   Thumb Code   206  stm32f4xx_hal_dma.o(i.HAL_DMA_Init)
    HAL_DMA_Start_IT                         0x08001f39   Thumb Code   110  stm32f4xx_hal_dma.o(i.HAL_DMA_Start_IT)
    HAL_Delay                                0x08001fa9   Thumb Code    32  stm32f4xx_hal.o(i.HAL_Delay)
    HAL_GPIO_Init                            0x08001fcd   Thumb Code   436  stm32f4xx_hal_gpio.o(i.HAL_GPIO_Init)
    HAL_GPIO_WritePin                        0x080021a9   Thumb Code    10  stm32f4xx_hal_gpio.o(i.HAL_GPIO_WritePin)
    HAL_GetTick                              0x080021b5   Thumb Code     6  stm32f4xx_hal.o(i.HAL_GetTick)
    HAL_I2C_AbortCpltCallback                0x080021c1   Thumb Code     2  stm32f4xx_hal_i2c.o(i.HAL_I2C_AbortCpltCallback)
    HAL_I2C_AddrCallback                     0x080021c3   Thumb Code     2  stm32f4xx_hal_i2c.o(i.HAL_I2C_AddrCallback)
    HAL_I2C_ER_IRQHandler                    0x080021c5   Thumb Code   186  stm32f4xx_hal_i2c.o(i.HAL_I2C_ER_IRQHandler)
    HAL_I2C_EV_IRQHandler                    0x0800227f   Thumb Code   560  stm32f4xx_hal_i2c.o(i.HAL_I2C_EV_IRQHandler)
    HAL_I2C_ErrorCallback                    0x080024af   Thumb Code     2  stm32f4xx_hal_i2c.o(i.HAL_I2C_ErrorCallback)
    HAL_I2C_Init                             0x080024b1   Thumb Code   376  stm32f4xx_hal_i2c.o(i.HAL_I2C_Init)
    HAL_I2C_ListenCpltCallback               0x08002639   Thumb Code     2  stm32f4xx_hal_i2c.o(i.HAL_I2C_ListenCpltCallback)
    HAL_I2C_MasterRxCpltCallback             0x0800263b   Thumb Code     2  stm32f4xx_hal_i2c.o(i.HAL_I2C_MasterRxCpltCallback)
    HAL_I2C_MasterTxCpltCallback             0x0800263d   Thumb Code     2  stm32f4xx_hal_i2c.o(i.HAL_I2C_MasterTxCpltCallback)
    HAL_I2C_MemRxCpltCallback                0x0800263f   Thumb Code     2  stm32f4xx_hal_i2c.o(i.HAL_I2C_MemRxCpltCallback)
    HAL_I2C_MemTxCpltCallback                0x08002641   Thumb Code     2  stm32f4xx_hal_i2c.o(i.HAL_I2C_MemTxCpltCallback)
    HAL_I2C_Mem_Read                         0x08002645   Thumb Code   502  stm32f4xx_hal_i2c.o(i.HAL_I2C_Mem_Read)
    HAL_I2C_Mem_Write                        0x08002849   Thumb Code   294  stm32f4xx_hal_i2c.o(i.HAL_I2C_Mem_Write)
    HAL_I2C_MspInit                          0x08002979   Thumb Code   126  i2c.o(i.HAL_I2C_MspInit)
    HAL_I2C_SlaveRxCpltCallback              0x08002a05   Thumb Code     2  stm32f4xx_hal_i2c.o(i.HAL_I2C_SlaveRxCpltCallback)
    HAL_I2C_SlaveTxCpltCallback              0x08002a07   Thumb Code     2  stm32f4xx_hal_i2c.o(i.HAL_I2C_SlaveTxCpltCallback)
    HAL_IncTick                              0x08002a09   Thumb Code    12  stm32f4xx_hal.o(i.HAL_IncTick)
    HAL_Init                                 0x08002a19   Thumb Code    48  stm32f4xx_hal.o(i.HAL_Init)
    HAL_InitTick                             0x08002a4d   Thumb Code    54  stm32f4xx_hal.o(i.HAL_InitTick)
    HAL_MspInit                              0x08002a8d   Thumb Code    48  stm32f4xx_hal_msp.o(i.HAL_MspInit)
    HAL_NVIC_EnableIRQ                       0x08002ac1   Thumb Code    26  stm32f4xx_hal_cortex.o(i.HAL_NVIC_EnableIRQ)
    HAL_NVIC_SetPriority                     0x08002add   Thumb Code    60  stm32f4xx_hal_cortex.o(i.HAL_NVIC_SetPriority)
    HAL_NVIC_SetPriorityGrouping             0x08002b1d   Thumb Code    26  stm32f4xx_hal_cortex.o(i.HAL_NVIC_SetPriorityGrouping)
    HAL_PWREx_EnableOverDrive                0x08002b41   Thumb Code    98  stm32f4xx_hal_pwr_ex.o(i.HAL_PWREx_EnableOverDrive)
    HAL_RCC_ClockConfig                      0x08002bb1   Thumb Code   288  stm32f4xx_hal_rcc.o(i.HAL_RCC_ClockConfig)
    HAL_RCC_GetPCLK1Freq                     0x08002ce5   Thumb Code    20  stm32f4xx_hal_rcc.o(i.HAL_RCC_GetPCLK1Freq)
    HAL_RCC_GetPCLK2Freq                     0x08002d05   Thumb Code    20  stm32f4xx_hal_rcc.o(i.HAL_RCC_GetPCLK2Freq)
    HAL_RCC_GetSysClockFreq                  0x08002d25   Thumb Code   140  stm32f4xx_hal_rcc_ex.o(i.HAL_RCC_GetSysClockFreq)
    HAL_RCC_OscConfig                        0x08002db9   Thumb Code   900  stm32f4xx_hal_rcc_ex.o(i.HAL_RCC_OscConfig)
    HAL_SYSTICK_Config                       0x08003151   Thumb Code    40  stm32f4xx_hal_cortex.o(i.HAL_SYSTICK_Config)
    HAL_TIMEx_MasterConfigSynchronization    0x08003179   Thumb Code   116  stm32f4xx_hal_tim_ex.o(i.HAL_TIMEx_MasterConfigSynchronization)
    HAL_TIM_Encoder_Init                     0x08003209   Thumb Code   164  stm32f4xx_hal_tim.o(i.HAL_TIM_Encoder_Init)
    HAL_TIM_Encoder_MspInit                  0x080032ad   Thumb Code   148  tim.o(i.HAL_TIM_Encoder_MspInit)
    HAL_TIM_Encoder_Start                    0x08003351   Thumb Code   142  stm32f4xx_hal_tim.o(i.HAL_TIM_Encoder_Start)
    HAL_TIM_MspPostInit                      0x080033e1   Thumb Code   104  tim.o(i.HAL_TIM_MspPostInit)
    HAL_TIM_PWM_ConfigChannel                0x08003459   Thumb Code   204  stm32f4xx_hal_tim.o(i.HAL_TIM_PWM_ConfigChannel)
    HAL_TIM_PWM_Init                         0x08003525   Thumb Code    90  stm32f4xx_hal_tim.o(i.HAL_TIM_PWM_Init)
    HAL_TIM_PWM_MspInit                      0x08003581   Thumb Code    30  tim.o(i.HAL_TIM_PWM_MspInit)
    HAL_TIM_PWM_Start                        0x080035a9   Thumb Code   172  stm32f4xx_hal_tim.o(i.HAL_TIM_PWM_Start)
    HAL_UARTEx_RxEventCallback               0x08003671   Thumb Code     2  stm32f4xx_hal_uart.o(i.HAL_UARTEx_RxEventCallback)
    HAL_UART_ErrorCallback                   0x08003673   Thumb Code     2  stm32f4xx_hal_uart.o(i.HAL_UART_ErrorCallback)
    HAL_UART_IRQHandler                      0x08003675   Thumb Code   636  stm32f4xx_hal_uart.o(i.HAL_UART_IRQHandler)
    HAL_UART_Init                            0x080038f5   Thumb Code   100  stm32f4xx_hal_uart.o(i.HAL_UART_Init)
    HAL_UART_MspInit                         0x08003959   Thumb Code   354  usart.o(i.HAL_UART_MspInit)
    HAL_UART_Receive_DMA                     0x08003add   Thumb Code    28  stm32f4xx_hal_uart.o(i.HAL_UART_Receive_DMA)
    HAL_UART_Receive_IT                      0x08003af9   Thumb Code    28  stm32f4xx_hal_uart.o(i.HAL_UART_Receive_IT)
    HAL_UART_RxCpltCallback                  0x08003b15   Thumb Code   282  main.o(i.HAL_UART_RxCpltCallback)
    HAL_UART_RxHalfCpltCallback              0x08003c59   Thumb Code     2  stm32f4xx_hal_uart.o(i.HAL_UART_RxHalfCpltCallback)
    HAL_UART_Transmit                        0x08003c5b   Thumb Code   160  stm32f4xx_hal_uart.o(i.HAL_UART_Transmit)
    HAL_UART_TxCpltCallback                  0x08003cfb   Thumb Code     2  stm32f4xx_hal_uart.o(i.HAL_UART_TxCpltCallback)
    HardFault_Handler                        0x08003d89   Thumb Code     2  stm32f4xx_it.o(i.HardFault_Handler)
    I2C1_ER_IRQHandler                       0x08003d8d   Thumb Code     6  stm32f4xx_it.o(i.I2C1_ER_IRQHandler)
    I2C1_EV_IRQHandler                       0x08003d99   Thumb Code     6  stm32f4xx_it.o(i.I2C1_EV_IRQHandler)
    MPU6500_Init                             0x08004b8f   Thumb Code   168  mpu6500.o(i.MPU6500_Init)
    MPU6500_ReadData                         0x08004c39   Thumb Code   182  mpu6500.o(i.MPU6500_ReadData)
    MX_ADC1_Init                             0x08004cf9   Thumb Code    88  adc.o(i.MX_ADC1_Init)
    MX_DMA_Init                              0x08004d5d   Thumb Code    88  dma.o(i.MX_DMA_Init)
    MX_GPIO_Init                             0x08004db9   Thumb Code   164  gpio.o(i.MX_GPIO_Init)
    MX_I2C1_Init                             0x08004e69   Thumb Code    50  i2c.o(i.MX_I2C1_Init)
    MX_TIM2_Init                             0x08004ea9   Thumb Code    96  tim.o(i.MX_TIM2_Init)
    MX_TIM3_Init                             0x08004f0d   Thumb Code   152  tim.o(i.MX_TIM3_Init)
    MX_TIM4_Init                             0x08004fad   Thumb Code    96  tim.o(i.MX_TIM4_Init)
    MX_USART1_UART_Init                      0x08005015   Thumb Code    48  usart.o(i.MX_USART1_UART_Init)
    MX_USART6_UART_Init                      0x0800504d   Thumb Code    48  usart.o(i.MX_USART6_UART_Init)
    MemManage_Handler                        0x08005085   Thumb Code     2  stm32f4xx_it.o(i.MemManage_Handler)
    NMI_Handler                              0x08005087   Thumb Code     2  stm32f4xx_it.o(i.NMI_Handler)
    PID_Compute                              0x08005089   Thumb Code   108  main.o(i.PID_Compute)
    PendSV_Handler                           0x080050f5   Thumb Code     2  stm32f4xx_it.o(i.PendSV_Handler)
    ProcessLidarData                         0x080050f9   Thumb Code   166  main.o(i.ProcessLidarData)
    SVC_Handler                              0x080051bd   Thumb Code     2  stm32f4xx_it.o(i.SVC_Handler)
    SendConnectionNotification               0x080051c1   Thumb Code    20  main.o(i.SendConnectionNotification)
    SysTick_Handler                          0x080051d9   Thumb Code     4  stm32f4xx_it.o(i.SysTick_Handler)
    SystemClock_Config                       0x080051dd   Thumb Code   150  main.o(i.SystemClock_Config)
    SystemInit                               0x0800527d   Thumb Code    12  system_stm32f4xx.o(i.SystemInit)
    TIM_Base_SetConfig                       0x0800528d   Thumb Code   164  stm32f4xx_hal_tim.o(i.TIM_Base_SetConfig)
    TIM_CCxChannelCmd                        0x0800535d   Thumb Code    26  stm32f4xx_hal_tim.o(i.TIM_CCxChannelCmd)
    TIM_OC2_SetConfig                        0x080053d9   Thumb Code    98  stm32f4xx_hal_tim.o(i.TIM_OC2_SetConfig)
    UART_Start_Receive_DMA                   0x08005831   Thumb Code   146  stm32f4xx_hal_uart.o(i.UART_Start_Receive_DMA)
    UART_Start_Receive_IT                    0x080058d1   Thumb Code    54  stm32f4xx_hal_uart.o(i.UART_Start_Receive_IT)
    USART1_IRQHandler                        0x08005979   Thumb Code     6  stm32f4xx_it.o(i.USART1_IRQHandler)
    UpdateSpeedRamp                          0x08005985   Thumb Code   152  main.o(i.UpdateSpeedRamp)
    UsageFault_Handler                       0x08005a21   Thumb Code     2  stm32f4xx_it.o(i.UsageFault_Handler)
    __ARM_fpclassify                         0x08005a23   Thumb Code    48  fpclassify.o(i.__ARM_fpclassify)
    _is_digit                                0x08005a73   Thumb Code    14  __printf_wp.o(i._is_digit)
    get_encoder_delta                        0x08005a81   Thumb Code    12  main.o(i.get_encoder_delta)
    main                                     0x08005a8d   Thumb Code   818  main.o(i.main)
    _get_lc_numeric                          0x08005e19   Thumb Code    44  lc_numeric_c.o(locale$$code)
    __fpl_dretinf                            0x08005e45   Thumb Code    12  dretinf.o(x$fpl$dretinf)
    __aeabi_f2d                              0x08005e51   Thumb Code     0  f2d.o(x$fpl$f2d)
    _f2d                                     0x08005e51   Thumb Code    86  f2d.o(x$fpl$f2d)
    __fpl_fnaninf                            0x08005ea7   Thumb Code   140  fnaninf.o(x$fpl$fnaninf)
    _fp_init                                 0x08005f33   Thumb Code    10  fpinit.o(x$fpl$fpinit)
    __fplib_config_fpu_vfp                   0x08005f3b   Thumb Code     0  fpinit.o(x$fpl$fpinit)
    __fplib_config_pureend_doubles           0x08005f3b   Thumb Code     0  fpinit.o(x$fpl$fpinit)
    _printf_fp_dec                           0x08005f3d   Thumb Code     4  printf1.o(x$fpl$printf1)
    __I$use$fp                               0x08005f40   Number         0  usenofp.o(x$fpl$usenofp)
    AHBPrescTable                            0x08005f48   Data          16  system_stm32f4xx.o(.constdata)
    APBPrescTable                            0x08005f58   Data           8  system_stm32f4xx.o(.constdata)
    Region$$Table$$Base                      0x08005ff4   Number         0  anon$$obj.o(Region$$Table)
    Region$$Table$$Limit                     0x08006014   Number         0  anon$$obj.o(Region$$Table)
    bluetooth_rx_data                        0x20000000   Data           1  main.o(.data)
    target_direction                         0x20000001   Data           1  main.o(.data)
    current_direction                        0x20000002   Data           1  main.o(.data)
    bluetooth_connected                      0x20000003   Data           1  main.o(.data)
    connection_announced                     0x20000004   Data           1  main.o(.data)
    lidar_dataIndex                          0x20000005   Data           1  main.o(.data)
    distance_control_active                  0x20000006   Data           1  main.o(.data)
    latest_lidar_quality                     0x20000008   Data           1  main.o(.data)
    has_new_lidar_data                       0x20000009   Data           1  main.o(.data)
    current_speed                            0x20000010   Data           4  main.o(.data)
    target_speed                             0x20000014   Data           4  main.o(.data)
    last_speed_update_time                   0x20000018   Data           4  main.o(.data)
    lastEncoderA                             0x2000001c   Data           4  main.o(.data)
    lastEncoderB                             0x20000020   Data           4  main.o(.data)
    lidar_rxIndex                            0x20000024   Data           4  main.o(.data)
    lastLidarAngle                           0x20000028   Data           4  main.o(.data)
    lastLidarRxTime                          0x2000002c   Data           4  main.o(.data)
    accumulated_pulses                       0x20000030   Data           4  main.o(.data)
    target_pulses                            0x2000003c   Data           4  main.o(.data)
    speedA_cmps                              0x20000040   Data           4  main.o(.data)
    speedB_cmps                              0x20000044   Data           4  main.o(.data)
    latest_lidar_angle                       0x2000004c   Data           4  main.o(.data)
    latest_lidar_distance                    0x20000050   Data           4  main.o(.data)
    lidar_dataBuffer                         0x2000005c   Data           5  main.o(.data)
    pidA                                     0x20000064   Data          36  main.o(.data)
    pidB                                     0x20000088   Data          36  main.o(.data)
    uwTickFreq                               0x200000ac   Data           1  stm32f4xx_hal.o(.data)
    uwTickPrio                               0x200000b0   Data           4  stm32f4xx_hal.o(.data)
    uwTick                                   0x200000b4   Data           4  stm32f4xx_hal.o(.data)
    SystemCoreClock                          0x200000b8   Data           4  system_stm32f4xx.o(.data)
    lidar_dma_buffer                         0x200000bc   Data         256  main.o(.bss)
    hadc1                                    0x200001bc   Data          72  adc.o(.bss)
    hi2c1                                    0x20000204   Data          84  i2c.o(.bss)
    htim2                                    0x20000258   Data          72  tim.o(.bss)
    htim3                                    0x200002a0   Data          72  tim.o(.bss)
    htim4                                    0x200002e8   Data          72  tim.o(.bss)
    huart1                                   0x20000330   Data          72  usart.o(.bss)
    huart6                                   0x20000378   Data          72  usart.o(.bss)
    hdma_usart1_rx                           0x200003c0   Data          96  usart.o(.bss)
    hdma_usart1_tx                           0x20000420   Data          96  usart.o(.bss)
    hdma_usart6_rx                           0x20000480   Data          96  usart.o(.bss)
    hdma_usart6_tx                           0x200004e0   Data          96  usart.o(.bss)
    __libspace_start                         0x20000540   Data          96  libspace.o(.bss)
    __temporary_stack_top$libspace           0x200005a0   Data           0  libspace.o(.bss)



==============================================================================

Memory Map of the image

  Image Entry point : 0x080001c5

  Load Region LR_IROM1 (Base: 0x08000000, Size: 0x000060ec, Max: 0x00080000, ABSOLUTE)

    Execution Region ER_IROM1 (Exec base: 0x08000000, Load base: 0x08000000, Size: 0x00006030, Max: 0x00080000, ABSOLUTE)

    Exec Addr    Load Addr    Size         Type   Attr      Idx    E Section Name        Object

    0x08000000   0x08000000   0x000001c4   Data   RO            3    RESET               startup_stm32f446xx.o
    0x080001c4   0x080001c4   0x00000008   Code   RO         4109  * !!!main             c_w.l(__main.o)
    0x080001cc   0x080001cc   0x00000034   Code   RO         4343    !!!scatter          c_w.l(__scatter.o)
    0x08000200   0x08000200   0x0000001a   Code   RO         4345    !!handler_copy      c_w.l(__scatter_copy.o)
    0x0800021a   0x0800021a   0x00000002   PAD
    0x0800021c   0x0800021c   0x0000001c   Code   RO         4347    !!handler_zi        c_w.l(__scatter_zi.o)
    0x08000238   0x08000238   0x00000000   Code   RO         4104    .ARM.Collect$$_printf_percent$$00000000  c_w.l(_printf_percent.o)
    0x08000238   0x08000238   0x00000006   Code   RO         4103    .ARM.Collect$$_printf_percent$$00000003  c_w.l(_printf_f.o)
    0x0800023e   0x0800023e   0x00000006   Code   RO         4102    .ARM.Collect$$_printf_percent$$0000000A  c_w.l(_printf_u.o)
    0x08000244   0x08000244   0x00000004   Code   RO         4130    .ARM.Collect$$_printf_percent$$00000017  c_w.l(_printf_percent_end.o)
    0x08000248   0x08000248   0x00000002   Code   RO         4214    .ARM.Collect$$libinit$$00000000  c_w.l(libinit.o)
    0x0800024a   0x0800024a   0x00000004   Code   RO         4215    .ARM.Collect$$libinit$$00000001  c_w.l(libinit2.o)
    0x0800024e   0x0800024e   0x00000000   Code   RO         4218    .ARM.Collect$$libinit$$00000004  c_w.l(libinit2.o)
    0x0800024e   0x0800024e   0x00000000   Code   RO         4221    .ARM.Collect$$libinit$$0000000A  c_w.l(libinit2.o)
    0x0800024e   0x0800024e   0x00000000   Code   RO         4223    .ARM.Collect$$libinit$$0000000C  c_w.l(libinit2.o)
    0x0800024e   0x0800024e   0x00000000   Code   RO         4225    .ARM.Collect$$libinit$$0000000E  c_w.l(libinit2.o)
    0x0800024e   0x0800024e   0x00000006   Code   RO         4226    .ARM.Collect$$libinit$$0000000F  c_w.l(libinit2.o)
    0x08000254   0x08000254   0x00000000   Code   RO         4228    .ARM.Collect$$libinit$$00000011  c_w.l(libinit2.o)
    0x08000254   0x08000254   0x00000000   Code   RO         4230    .ARM.Collect$$libinit$$00000013  c_w.l(libinit2.o)
    0x08000254   0x08000254   0x00000000   Code   RO         4232    .ARM.Collect$$libinit$$00000015  c_w.l(libinit2.o)
    0x08000254   0x08000254   0x0000000a   Code   RO         4233    .ARM.Collect$$libinit$$00000016  c_w.l(libinit2.o)
    0x0800025e   0x0800025e   0x00000000   Code   RO         4234    .ARM.Collect$$libinit$$00000017  c_w.l(libinit2.o)
    0x0800025e   0x0800025e   0x00000000   Code   RO         4236    .ARM.Collect$$libinit$$00000019  c_w.l(libinit2.o)
    0x0800025e   0x0800025e   0x00000000   Code   RO         4238    .ARM.Collect$$libinit$$0000001B  c_w.l(libinit2.o)
    0x0800025e   0x0800025e   0x00000000   Code   RO         4240    .ARM.Collect$$libinit$$0000001D  c_w.l(libinit2.o)
    0x0800025e   0x0800025e   0x00000000   Code   RO         4242    .ARM.Collect$$libinit$$0000001F  c_w.l(libinit2.o)
    0x0800025e   0x0800025e   0x00000000   Code   RO         4244    .ARM.Collect$$libinit$$00000021  c_w.l(libinit2.o)
    0x0800025e   0x0800025e   0x00000000   Code   RO         4246    .ARM.Collect$$libinit$$00000023  c_w.l(libinit2.o)
    0x0800025e   0x0800025e   0x00000000   Code   RO         4248    .ARM.Collect$$libinit$$00000025  c_w.l(libinit2.o)
    0x0800025e   0x0800025e   0x00000000   Code   RO         4252    .ARM.Collect$$libinit$$0000002C  c_w.l(libinit2.o)
    0x0800025e   0x0800025e   0x00000000   Code   RO         4254    .ARM.Collect$$libinit$$0000002E  c_w.l(libinit2.o)
    0x0800025e   0x0800025e   0x00000000   Code   RO         4256    .ARM.Collect$$libinit$$00000030  c_w.l(libinit2.o)
    0x0800025e   0x0800025e   0x00000000   Code   RO         4258    .ARM.Collect$$libinit$$00000032  c_w.l(libinit2.o)
    0x0800025e   0x0800025e   0x00000002   Code   RO         4259    .ARM.Collect$$libinit$$00000033  c_w.l(libinit2.o)
    0x08000260   0x08000260   0x00000002   Code   RO         4306    .ARM.Collect$$libshutdown$$00000000  c_w.l(libshutdown.o)
    0x08000262   0x08000262   0x00000000   Code   RO         4324    .ARM.Collect$$libshutdown$$00000002  c_w.l(libshutdown2.o)
    0x08000262   0x08000262   0x00000000   Code   RO         4326    .ARM.Collect$$libshutdown$$00000004  c_w.l(libshutdown2.o)
    0x08000262   0x08000262   0x00000000   Code   RO         4328    .ARM.Collect$$libshutdown$$00000006  c_w.l(libshutdown2.o)
    0x08000262   0x08000262   0x00000000   Code   RO         4331    .ARM.Collect$$libshutdown$$00000009  c_w.l(libshutdown2.o)
    0x08000262   0x08000262   0x00000000   Code   RO         4334    .ARM.Collect$$libshutdown$$0000000C  c_w.l(libshutdown2.o)
    0x08000262   0x08000262   0x00000000   Code   RO         4336    .ARM.Collect$$libshutdown$$0000000E  c_w.l(libshutdown2.o)
    0x08000262   0x08000262   0x00000000   Code   RO         4339    .ARM.Collect$$libshutdown$$00000011  c_w.l(libshutdown2.o)
    0x08000262   0x08000262   0x00000002   Code   RO         4340    .ARM.Collect$$libshutdown$$00000012  c_w.l(libshutdown2.o)
    0x08000264   0x08000264   0x00000000   Code   RO         4115    .ARM.Collect$$rtentry$$00000000  c_w.l(__rtentry.o)
    0x08000264   0x08000264   0x00000000   Code   RO         4137    .ARM.Collect$$rtentry$$00000002  c_w.l(__rtentry2.o)
    0x08000264   0x08000264   0x00000006   Code   RO         4149    .ARM.Collect$$rtentry$$00000004  c_w.l(__rtentry4.o)
    0x0800026a   0x0800026a   0x00000000   Code   RO         4139    .ARM.Collect$$rtentry$$00000009  c_w.l(__rtentry2.o)
    0x0800026a   0x0800026a   0x00000004   Code   RO         4140    .ARM.Collect$$rtentry$$0000000A  c_w.l(__rtentry2.o)
    0x0800026e   0x0800026e   0x00000000   Code   RO         4142    .ARM.Collect$$rtentry$$0000000C  c_w.l(__rtentry2.o)
    0x0800026e   0x0800026e   0x00000008   Code   RO         4143    .ARM.Collect$$rtentry$$0000000D  c_w.l(__rtentry2.o)
    0x08000276   0x08000276   0x00000002   Code   RO         4260    .ARM.Collect$$rtexit$$00000000  c_w.l(rtexit.o)
    0x08000278   0x08000278   0x00000000   Code   RO         4275    .ARM.Collect$$rtexit$$00000002  c_w.l(rtexit2.o)
    0x08000278   0x08000278   0x00000004   Code   RO         4276    .ARM.Collect$$rtexit$$00000003  c_w.l(rtexit2.o)
    0x0800027c   0x0800027c   0x00000006   Code   RO         4277    .ARM.Collect$$rtexit$$00000004  c_w.l(rtexit2.o)
    0x08000282   0x08000282   0x00000002   PAD
    0x08000284   0x08000284   0x00000040   Code   RO            4    .text               startup_stm32f446xx.o
    0x080002c4   0x080002c4   0x000000ee   Code   RO         4071    .text               c_w.l(lludivv7m.o)
    0x080003b2   0x080003b2   0x00000002   PAD
    0x080003b4   0x080003b4   0x00000038   Code   RO         4073    .text               c_w.l(__2snprintf.o)
    0x080003ec   0x080003ec   0x00000078   Code   RO         4079    .text               c_w.l(_printf_dec.o)
    0x08000464   0x08000464   0x0000010e   Code   RO         4089    .text               c_w.l(__printf_wp.o)
    0x08000572   0x08000572   0x0000004e   Code   RO         4105    .text               c_w.l(rt_memclr_w.o)
    0x080005c0   0x080005c0   0x00000006   Code   RO         4107    .text               c_w.l(heapauxi.o)
    0x080005c6   0x080005c6   0x000000b2   Code   RO         4120    .text               c_w.l(_printf_intcommon.o)
    0x08000678   0x08000678   0x0000041e   Code   RO         4122    .text               c_w.l(_printf_fp_dec.o)
    0x08000a96   0x08000a96   0x00000002   PAD
    0x08000a98   0x08000a98   0x00000030   Code   RO         4124    .text               c_w.l(_printf_char_common.o)
    0x08000ac8   0x08000ac8   0x0000000a   Code   RO         4126    .text               c_w.l(_sputc.o)
    0x08000ad2   0x08000ad2   0x00000010   Code   RO         4128    .text               c_w.l(_snputc.o)
    0x08000ae2   0x08000ae2   0x00000002   PAD
    0x08000ae4   0x08000ae4   0x00000008   Code   RO         4156    .text               c_w.l(rt_locale_intlibspace.o)
    0x08000aec   0x08000aec   0x0000008a   Code   RO         4158    .text               c_w.l(lludiv10.o)
    0x08000b76   0x08000b76   0x00000002   PAD
    0x08000b78   0x08000b78   0x00000080   Code   RO         4160    .text               c_w.l(_printf_fp_infnan.o)
    0x08000bf8   0x08000bf8   0x000000e4   Code   RO         4164    .text               c_w.l(bigflt0.o)
    0x08000cdc   0x08000cdc   0x00000008   Code   RO         4196    .text               c_w.l(libspace.o)
    0x08000ce4   0x08000ce4   0x0000004a   Code   RO         4199    .text               c_w.l(sys_stackheap_outer.o)
    0x08000d2e   0x08000d2e   0x00000012   Code   RO         4201    .text               c_w.l(exit.o)
    0x08000d40   0x08000d40   0x00000080   Code   RO         4207    .text               c_w.l(strcmpv7m.o)
    0x08000dc0   0x08000dc0   0x0000000c   Code   RO         4272    .text               c_w.l(sys_exit.o)
    0x08000dcc   0x08000dcc   0x00000002   Code   RO         4293    .text               c_w.l(use_no_semi.o)
    0x08000dce   0x08000dce   0x00000000   Code   RO         4295    .text               c_w.l(indicate_semi.o)
    0x08000dce   0x08000dce   0x0000003e   Code   RO         4167    CL$$btod_d2e        c_w.l(btod.o)
    0x08000e0c   0x08000e0c   0x00000046   Code   RO         4169    CL$$btod_d2e_denorm_low  c_w.l(btod.o)
    0x08000e52   0x08000e52   0x00000060   Code   RO         4168    CL$$btod_d2e_norm_op1  c_w.l(btod.o)
    0x08000eb2   0x08000eb2   0x00000338   Code   RO         4177    CL$$btod_div_common  c_w.l(btod.o)
    0x080011ea   0x080011ea   0x000000dc   Code   RO         4174    CL$$btod_e2e        c_w.l(btod.o)
    0x080012c6   0x080012c6   0x0000002a   Code   RO         4171    CL$$btod_ediv       c_w.l(btod.o)
    0x080012f0   0x080012f0   0x0000002a   Code   RO         4170    CL$$btod_emul       c_w.l(btod.o)
    0x0800131a   0x0800131a   0x00000244   Code   RO         4176    CL$$btod_mult_common  c_w.l(btod.o)
    0x0800155e   0x0800155e   0x00000002   PAD
    0x08001560   0x08001560   0x00000128   Code   RO          704    i.ADC_Init          stm32f4xx_hal_adc.o
    0x08001688   0x08001688   0x00000002   Code   RO          525    i.BusFault_Handler  stm32f4xx_it.o
    0x0800168a   0x0800168a   0x00000002   PAD
    0x0800168c   0x0800168c   0x000000d8   Code   RO           13    i.ControlMotor      main.o
    0x08001764   0x08001764   0x0000000c   Code   RO          526    i.DMA2_Stream1_IRQHandler  stm32f4xx_it.o
    0x08001770   0x08001770   0x0000000c   Code   RO          527    i.DMA2_Stream2_IRQHandler  stm32f4xx_it.o
    0x0800177c   0x0800177c   0x0000000c   Code   RO          528    i.DMA2_Stream6_IRQHandler  stm32f4xx_it.o
    0x08001788   0x08001788   0x0000000c   Code   RO          529    i.DMA2_Stream7_IRQHandler  stm32f4xx_it.o
    0x08001794   0x08001794   0x00000028   Code   RO         1522    i.DMA_CalcBaseAndBitshift  stm32f4xx_hal_dma.o
    0x080017bc   0x080017bc   0x00000054   Code   RO         1523    i.DMA_CheckFifoParam  stm32f4xx_hal_dma.o
    0x08001810   0x08001810   0x00000028   Code   RO         1524    i.DMA_SetConfig     stm32f4xx_hal_dma.o
    0x08001838   0x08001838   0x00000002   Code   RO          530    i.DebugMon_Handler  stm32f4xx_it.o
    0x0800183a   0x0800183a   0x00000004   Code   RO           14    i.Error_Handler     main.o
    0x0800183e   0x0800183e   0x00000002   PAD
    0x08001840   0x08001840   0x00000164   Code   RO          706    i.HAL_ADC_ConfigChannel  stm32f4xx_hal_adc.o
    0x080019a4   0x080019a4   0x00000006   Code   RO          713    i.HAL_ADC_GetValue  stm32f4xx_hal_adc.o
    0x080019aa   0x080019aa   0x00000054   Code   RO          715    i.HAL_ADC_Init      stm32f4xx_hal_adc.o
    0x080019fe   0x080019fe   0x00000002   PAD
    0x08001a00   0x08001a00   0x00000060   Code   RO          292    i.HAL_ADC_MspInit   adc.o
    0x08001a60   0x08001a60   0x000000aa   Code   RO          719    i.HAL_ADC_PollForConversion  stm32f4xx_hal_adc.o
    0x08001b0a   0x08001b0a   0x00000002   PAD
    0x08001b0c   0x08001b0c   0x000000fc   Code   RO          721    i.HAL_ADC_Start     stm32f4xx_hal_adc.o
    0x08001c08   0x08001c08   0x00000092   Code   RO         1525    i.HAL_DMA_Abort     stm32f4xx_hal_dma.o
    0x08001c9a   0x08001c9a   0x00000024   Code   RO         1526    i.HAL_DMA_Abort_IT  stm32f4xx_hal_dma.o
    0x08001cbe   0x08001cbe   0x00000006   Code   RO         1529    i.HAL_DMA_GetState  stm32f4xx_hal_dma.o
    0x08001cc4   0x08001cc4   0x000001a0   Code   RO         1530    i.HAL_DMA_IRQHandler  stm32f4xx_hal_dma.o
    0x08001e64   0x08001e64   0x000000d4   Code   RO         1531    i.HAL_DMA_Init      stm32f4xx_hal_dma.o
    0x08001f38   0x08001f38   0x0000006e   Code   RO         1535    i.HAL_DMA_Start_IT  stm32f4xx_hal_dma.o
    0x08001fa6   0x08001fa6   0x00000002   PAD
    0x08001fa8   0x08001fa8   0x00000024   Code   RO         1980    i.HAL_Delay         stm32f4xx_hal.o
    0x08001fcc   0x08001fcc   0x000001dc   Code   RO         1418    i.HAL_GPIO_Init     stm32f4xx_hal_gpio.o
    0x080021a8   0x080021a8   0x0000000a   Code   RO         1422    i.HAL_GPIO_WritePin  stm32f4xx_hal_gpio.o
    0x080021b2   0x080021b2   0x00000002   PAD
    0x080021b4   0x080021b4   0x0000000c   Code   RO         1986    i.HAL_GetTick       stm32f4xx_hal.o
    0x080021c0   0x080021c0   0x00000002   Code   RO         2231    i.HAL_I2C_AbortCpltCallback  stm32f4xx_hal_i2c.o
    0x080021c2   0x080021c2   0x00000002   Code   RO         2232    i.HAL_I2C_AddrCallback  stm32f4xx_hal_i2c.o
    0x080021c4   0x080021c4   0x000000ba   Code   RO         2235    i.HAL_I2C_ER_IRQHandler  stm32f4xx_hal_i2c.o
    0x0800227e   0x0800227e   0x00000230   Code   RO         2236    i.HAL_I2C_EV_IRQHandler  stm32f4xx_hal_i2c.o
    0x080024ae   0x080024ae   0x00000002   Code   RO         2238    i.HAL_I2C_ErrorCallback  stm32f4xx_hal_i2c.o
    0x080024b0   0x080024b0   0x00000188   Code   RO         2242    i.HAL_I2C_Init      stm32f4xx_hal_i2c.o
    0x08002638   0x08002638   0x00000002   Code   RO         2244    i.HAL_I2C_ListenCpltCallback  stm32f4xx_hal_i2c.o
    0x0800263a   0x0800263a   0x00000002   Code   RO         2245    i.HAL_I2C_MasterRxCpltCallback  stm32f4xx_hal_i2c.o
    0x0800263c   0x0800263c   0x00000002   Code   RO         2246    i.HAL_I2C_MasterTxCpltCallback  stm32f4xx_hal_i2c.o
    0x0800263e   0x0800263e   0x00000002   Code   RO         2258    i.HAL_I2C_MemRxCpltCallback  stm32f4xx_hal_i2c.o
    0x08002640   0x08002640   0x00000002   Code   RO         2259    i.HAL_I2C_MemTxCpltCallback  stm32f4xx_hal_i2c.o
    0x08002642   0x08002642   0x00000002   PAD
    0x08002644   0x08002644   0x00000204   Code   RO         2260    i.HAL_I2C_Mem_Read  stm32f4xx_hal_i2c.o
    0x08002848   0x08002848   0x00000130   Code   RO         2263    i.HAL_I2C_Mem_Write  stm32f4xx_hal_i2c.o
    0x08002978   0x08002978   0x0000008c   Code   RO          358    i.HAL_I2C_MspInit   i2c.o
    0x08002a04   0x08002a04   0x00000002   Code   RO         2268    i.HAL_I2C_SlaveRxCpltCallback  stm32f4xx_hal_i2c.o
    0x08002a06   0x08002a06   0x00000002   Code   RO         2269    i.HAL_I2C_SlaveTxCpltCallback  stm32f4xx_hal_i2c.o
    0x08002a08   0x08002a08   0x00000010   Code   RO         1992    i.HAL_IncTick       stm32f4xx_hal.o
    0x08002a18   0x08002a18   0x00000034   Code   RO         1993    i.HAL_Init          stm32f4xx_hal.o
    0x08002a4c   0x08002a4c   0x00000040   Code   RO         1994    i.HAL_InitTick      stm32f4xx_hal.o
    0x08002a8c   0x08002a8c   0x00000034   Code   RO          643    i.HAL_MspInit       stm32f4xx_hal_msp.o
    0x08002ac0   0x08002ac0   0x0000001a   Code   RO         1828    i.HAL_NVIC_EnableIRQ  stm32f4xx_hal_cortex.o
    0x08002ada   0x08002ada   0x00000002   PAD
    0x08002adc   0x08002adc   0x00000040   Code   RO         1834    i.HAL_NVIC_SetPriority  stm32f4xx_hal_cortex.o
    0x08002b1c   0x08002b1c   0x00000024   Code   RO         1835    i.HAL_NVIC_SetPriorityGrouping  stm32f4xx_hal_cortex.o
    0x08002b40   0x08002b40   0x00000070   Code   RO         1754    i.HAL_PWREx_EnableOverDrive  stm32f4xx_hal_pwr_ex.o
    0x08002bb0   0x08002bb0   0x00000134   Code   RO          980    i.HAL_RCC_ClockConfig  stm32f4xx_hal_rcc.o
    0x08002ce4   0x08002ce4   0x00000020   Code   RO          987    i.HAL_RCC_GetPCLK1Freq  stm32f4xx_hal_rcc.o
    0x08002d04   0x08002d04   0x00000020   Code   RO          988    i.HAL_RCC_GetPCLK2Freq  stm32f4xx_hal_rcc.o
    0x08002d24   0x08002d24   0x00000094   Code   RO         1091    i.HAL_RCC_GetSysClockFreq  stm32f4xx_hal_rcc_ex.o
    0x08002db8   0x08002db8   0x00000398   Code   RO         1092    i.HAL_RCC_OscConfig  stm32f4xx_hal_rcc_ex.o
    0x08003150   0x08003150   0x00000028   Code   RO         1839    i.HAL_SYSTICK_Config  stm32f4xx_hal_cortex.o
    0x08003178   0x08003178   0x00000090   Code   RO         3423    i.HAL_TIMEx_MasterConfigSynchronization  stm32f4xx_hal_tim_ex.o
    0x08003208   0x08003208   0x000000a4   Code   RO         2721    i.HAL_TIM_Encoder_Init  stm32f4xx_hal_tim.o
    0x080032ac   0x080032ac   0x000000a4   Code   RO          400    i.HAL_TIM_Encoder_MspInit  tim.o
    0x08003350   0x08003350   0x0000008e   Code   RO         2724    i.HAL_TIM_Encoder_Start  stm32f4xx_hal_tim.o
    0x080033de   0x080033de   0x00000002   PAD
    0x080033e0   0x080033e0   0x00000078   Code   RO          401    i.HAL_TIM_MspPostInit  tim.o
    0x08003458   0x08003458   0x000000cc   Code   RO         2772    i.HAL_TIM_PWM_ConfigChannel  stm32f4xx_hal_tim.o
    0x08003524   0x08003524   0x0000005a   Code   RO         2775    i.HAL_TIM_PWM_Init  stm32f4xx_hal_tim.o
    0x0800357e   0x0800357e   0x00000002   PAD
    0x08003580   0x08003580   0x00000028   Code   RO          403    i.HAL_TIM_PWM_MspInit  tim.o
    0x080035a8   0x080035a8   0x000000c8   Code   RO         2780    i.HAL_TIM_PWM_Start  stm32f4xx_hal_tim.o
    0x08003670   0x08003670   0x00000002   Code   RO         3683    i.HAL_UARTEx_RxEventCallback  stm32f4xx_hal_uart.o
    0x08003672   0x08003672   0x00000002   Code   RO         3697    i.HAL_UART_ErrorCallback  stm32f4xx_hal_uart.o
    0x08003674   0x08003674   0x00000280   Code   RO         3700    i.HAL_UART_IRQHandler  stm32f4xx_hal_uart.o
    0x080038f4   0x080038f4   0x00000064   Code   RO         3701    i.HAL_UART_Init     stm32f4xx_hal_uart.o
    0x08003958   0x08003958   0x00000184   Code   RO          472    i.HAL_UART_MspInit  usart.o
    0x08003adc   0x08003adc   0x0000001c   Code   RO         3705    i.HAL_UART_Receive_DMA  stm32f4xx_hal_uart.o
    0x08003af8   0x08003af8   0x0000001c   Code   RO         3706    i.HAL_UART_Receive_IT  stm32f4xx_hal_uart.o
    0x08003b14   0x08003b14   0x00000144   Code   RO           15    i.HAL_UART_RxCpltCallback  main.o
    0x08003c58   0x08003c58   0x00000002   Code   RO         3708    i.HAL_UART_RxHalfCpltCallback  stm32f4xx_hal_uart.o
    0x08003c5a   0x08003c5a   0x000000a0   Code   RO         3709    i.HAL_UART_Transmit  stm32f4xx_hal_uart.o
    0x08003cfa   0x08003cfa   0x00000002   Code   RO         3712    i.HAL_UART_TxCpltCallback  stm32f4xx_hal_uart.o
    0x08003cfc   0x08003cfc   0x0000008c   Code   RO           16    i.HandleMotionManager  main.o
    0x08003d88   0x08003d88   0x00000002   Code   RO          531    i.HardFault_Handler  stm32f4xx_it.o
    0x08003d8a   0x08003d8a   0x00000002   PAD
    0x08003d8c   0x08003d8c   0x0000000c   Code   RO          532    i.I2C1_ER_IRQHandler  stm32f4xx_it.o
    0x08003d98   0x08003d98   0x0000000c   Code   RO          533    i.I2C1_EV_IRQHandler  stm32f4xx_it.o
    0x08003da4   0x08003da4   0x000000bc   Code   RO         2280    i.I2C_DMAAbort      stm32f4xx_hal_i2c.o
    0x08003e60   0x08003e60   0x00000010   Code   RO         2283    i.I2C_Flush_DR      stm32f4xx_hal_i2c.o
    0x08003e70   0x08003e70   0x00000158   Code   RO         2284    i.I2C_ITError       stm32f4xx_hal_i2c.o
    0x08003fc8   0x08003fc8   0x0000002e   Code   RO         2285    i.I2C_IsAcknowledgeFailed  stm32f4xx_hal_i2c.o
    0x08003ff6   0x08003ff6   0x000000da   Code   RO         2286    i.I2C_MasterReceive_BTF  stm32f4xx_hal_i2c.o
    0x080040d0   0x080040d0   0x000000f4   Code   RO         2287    i.I2C_MasterReceive_RXNE  stm32f4xx_hal_i2c.o
    0x080041c4   0x080041c4   0x00000082   Code   RO         2290    i.I2C_MasterTransmit_BTF  stm32f4xx_hal_i2c.o
    0x08004246   0x08004246   0x00000002   PAD
    0x08004248   0x08004248   0x000000b6   Code   RO         2291    i.I2C_MasterTransmit_TXE  stm32f4xx_hal_i2c.o
    0x080042fe   0x080042fe   0x00000002   PAD
    0x08004300   0x08004300   0x00000118   Code   RO         2292    i.I2C_Master_ADDR   stm32f4xx_hal_i2c.o
    0x08004418   0x08004418   0x0000008c   Code   RO         2293    i.I2C_Master_SB     stm32f4xx_hal_i2c.o
    0x080044a4   0x080044a4   0x000000a8   Code   RO         2294    i.I2C_MemoryTransmit_TXE_BTF  stm32f4xx_hal_i2c.o
    0x0800454c   0x0800454c   0x000000fc   Code   RO         2295    i.I2C_RequestMemoryRead  stm32f4xx_hal_i2c.o
    0x08004648   0x08004648   0x000000a8   Code   RO         2296    i.I2C_RequestMemoryWrite  stm32f4xx_hal_i2c.o
    0x080046f0   0x080046f0   0x00000046   Code   RO         2297    i.I2C_Slave_ADDR    stm32f4xx_hal_i2c.o
    0x08004736   0x08004736   0x00000002   PAD
    0x08004738   0x08004738   0x00000090   Code   RO         2298    i.I2C_Slave_AF      stm32f4xx_hal_i2c.o
    0x080047c8   0x080047c8   0x0000015c   Code   RO         2299    i.I2C_Slave_STOPF   stm32f4xx_hal_i2c.o
    0x08004924   0x08004924   0x00000056   Code   RO         2300    i.I2C_WaitOnBTFFlagUntilTimeout  stm32f4xx_hal_i2c.o
    0x0800497a   0x0800497a   0x00000002   PAD
    0x0800497c   0x0800497c   0x00000090   Code   RO         2301    i.I2C_WaitOnFlagUntilTimeout  stm32f4xx_hal_i2c.o
    0x08004a0c   0x08004a0c   0x000000bc   Code   RO         2302    i.I2C_WaitOnMasterAddressFlagUntilTimeout  stm32f4xx_hal_i2c.o
    0x08004ac8   0x08004ac8   0x00000070   Code   RO         2303    i.I2C_WaitOnRXNEFlagUntilTimeout  stm32f4xx_hal_i2c.o
    0x08004b38   0x08004b38   0x00000056   Code   RO         2304    i.I2C_WaitOnTXEFlagUntilTimeout  stm32f4xx_hal_i2c.o
    0x08004b8e   0x08004b8e   0x000000a8   Code   RO          667    i.MPU6500_Init      mpu6500.o
    0x08004c36   0x08004c36   0x00000002   PAD
    0x08004c38   0x08004c38   0x000000c0   Code   RO          668    i.MPU6500_ReadData  mpu6500.o
    0x08004cf8   0x08004cf8   0x00000064   Code   RO          293    i.MX_ADC1_Init      adc.o
    0x08004d5c   0x08004d5c   0x0000005c   Code   RO          333    i.MX_DMA_Init       dma.o
    0x08004db8   0x08004db8   0x000000b0   Code   RO          267    i.MX_GPIO_Init      gpio.o
    0x08004e68   0x08004e68   0x00000040   Code   RO          359    i.MX_I2C1_Init      i2c.o
    0x08004ea8   0x08004ea8   0x00000064   Code   RO          404    i.MX_TIM2_Init      tim.o
    0x08004f0c   0x08004f0c   0x000000a0   Code   RO          405    i.MX_TIM3_Init      tim.o
    0x08004fac   0x08004fac   0x00000068   Code   RO          406    i.MX_TIM4_Init      tim.o
    0x08005014   0x08005014   0x00000038   Code   RO          473    i.MX_USART1_UART_Init  usart.o
    0x0800504c   0x0800504c   0x00000038   Code   RO          474    i.MX_USART6_UART_Init  usart.o
    0x08005084   0x08005084   0x00000002   Code   RO          534    i.MemManage_Handler  stm32f4xx_it.o
    0x08005086   0x08005086   0x00000002   Code   RO          535    i.NMI_Handler       stm32f4xx_it.o
    0x08005088   0x08005088   0x0000006c   Code   RO           17    i.PID_Compute       main.o
    0x080050f4   0x080050f4   0x00000002   Code   RO          536    i.PendSV_Handler    stm32f4xx_it.o
    0x080050f6   0x080050f6   0x00000002   PAD
    0x080050f8   0x080050f8   0x000000c4   Code   RO           18    i.ProcessLidarData  main.o
    0x080051bc   0x080051bc   0x00000002   Code   RO          537    i.SVC_Handler       stm32f4xx_it.o
    0x080051be   0x080051be   0x00000002   PAD
    0x080051c0   0x080051c0   0x00000018   Code   RO           19    i.SendConnectionNotification  main.o
    0x080051d8   0x080051d8   0x00000004   Code   RO          538    i.SysTick_Handler   stm32f4xx_it.o
    0x080051dc   0x080051dc   0x000000a0   Code   RO           21    i.SystemClock_Config  main.o
    0x0800527c   0x0800527c   0x00000010   Code   RO         4035    i.SystemInit        system_stm32f4xx.o
    0x0800528c   0x0800528c   0x000000d0   Code   RO         2793    i.TIM_Base_SetConfig  stm32f4xx_hal_tim.o
    0x0800535c   0x0800535c   0x0000001a   Code   RO         2794    i.TIM_CCxChannelCmd  stm32f4xx_hal_tim.o
    0x08005376   0x08005376   0x00000002   PAD
    0x08005378   0x08005378   0x00000060   Code   RO         2806    i.TIM_OC1_SetConfig  stm32f4xx_hal_tim.o
    0x080053d8   0x080053d8   0x0000006c   Code   RO         2807    i.TIM_OC2_SetConfig  stm32f4xx_hal_tim.o
    0x08005444   0x08005444   0x00000068   Code   RO         2808    i.TIM_OC3_SetConfig  stm32f4xx_hal_tim.o
    0x080054ac   0x080054ac   0x00000050   Code   RO         2809    i.TIM_OC4_SetConfig  stm32f4xx_hal_tim.o
    0x080054fc   0x080054fc   0x0000000e   Code   RO         3714    i.UART_DMAAbortOnError  stm32f4xx_hal_uart.o
    0x0800550a   0x0800550a   0x0000004a   Code   RO         3715    i.UART_DMAError     stm32f4xx_hal_uart.o
    0x08005554   0x08005554   0x00000086   Code   RO         3716    i.UART_DMAReceiveCplt  stm32f4xx_hal_uart.o
    0x080055da   0x080055da   0x0000001e   Code   RO         3718    i.UART_DMARxHalfCplt  stm32f4xx_hal_uart.o
    0x080055f8   0x080055f8   0x0000004e   Code   RO         3724    i.UART_EndRxTransfer  stm32f4xx_hal_uart.o
    0x08005646   0x08005646   0x0000001c   Code   RO         3725    i.UART_EndTxTransfer  stm32f4xx_hal_uart.o
    0x08005662   0x08005662   0x000000c2   Code   RO         3726    i.UART_Receive_IT   stm32f4xx_hal_uart.o
    0x08005724   0x08005724   0x0000010c   Code   RO         3727    i.UART_SetConfig    stm32f4xx_hal_uart.o
    0x08005830   0x08005830   0x000000a0   Code   RO         3728    i.UART_Start_Receive_DMA  stm32f4xx_hal_uart.o
    0x080058d0   0x080058d0   0x00000036   Code   RO         3729    i.UART_Start_Receive_IT  stm32f4xx_hal_uart.o
    0x08005906   0x08005906   0x00000072   Code   RO         3730    i.UART_WaitOnFlagUntilTimeout  stm32f4xx_hal_uart.o
    0x08005978   0x08005978   0x0000000c   Code   RO          539    i.USART1_IRQHandler  stm32f4xx_it.o
    0x08005984   0x08005984   0x0000009c   Code   RO           22    i.UpdateSpeedRamp   main.o
    0x08005a20   0x08005a20   0x00000002   Code   RO          540    i.UsageFault_Handler  stm32f4xx_it.o
    0x08005a22   0x08005a22   0x00000030   Code   RO         4194    i.__ARM_fpclassify  m_wm.l(fpclassify.o)
    0x08005a52   0x08005a52   0x00000020   Code   RO         1841    i.__NVIC_SetPriority  stm32f4xx_hal_cortex.o
    0x08005a72   0x08005a72   0x0000000e   Code   RO         4091    i._is_digit         c_w.l(__printf_wp.o)
    0x08005a80   0x08005a80   0x0000000c   Code   RO           23    i.get_encoder_delta  main.o
    0x08005a8c   0x08005a8c   0x0000038c   Code   RO           24    i.main              main.o
    0x08005e18   0x08005e18   0x0000002c   Code   RO         4190    locale$$code        c_w.l(lc_numeric_c.o)
    0x08005e44   0x08005e44   0x0000000c   Code   RO         4131    x$fpl$dretinf       fz_wm.l(dretinf.o)
    0x08005e50   0x08005e50   0x00000056   Code   RO         4111    x$fpl$f2d           fz_wm.l(f2d.o)
    0x08005ea6   0x08005ea6   0x0000008c   Code   RO         4133    x$fpl$fnaninf       fz_wm.l(fnaninf.o)
    0x08005f32   0x08005f32   0x0000000a   Code   RO         4270    x$fpl$fpinit        fz_wm.l(fpinit.o)
    0x08005f3c   0x08005f3c   0x00000004   Code   RO         4113    x$fpl$printf1       fz_wm.l(printf1.o)
    0x08005f40   0x08005f40   0x00000000   Code   RO         4135    x$fpl$usenofp       fz_wm.l(usenofp.o)
    0x08005f40   0x08005f40   0x00000008   Data   RO         1537    .constdata          stm32f4xx_hal_dma.o
    0x08005f48   0x08005f48   0x00000010   Data   RO         4036    .constdata          system_stm32f4xx.o
    0x08005f58   0x08005f58   0x00000008   Data   RO         4037    .constdata          system_stm32f4xx.o
    0x08005f60   0x08005f60   0x00000094   Data   RO         4165    .constdata          c_w.l(bigflt0.o)
    0x08005ff4   0x08005ff4   0x00000020   Data   RO         4341    Region$$Table       anon$$obj.o
    0x08006014   0x08006014   0x0000001c   Data   RO         4189    locale$$data        c_w.l(lc_numeric_c.o)


    Execution Region RW_IRAM1 (Exec base: 0x20000000, Load base: 0x08006030, Size: 0x00000ba0, Max: 0x00020000, ABSOLUTE)

    Exec Addr    Load Addr    Size         Type   Attr      Idx    E Section Name        Object

    0x20000000   0x08006030   0x000000ac   Data   RW           27    .data               main.o
    0x200000ac   0x080060dc   0x0000000c   Data   RW         2000    .data               stm32f4xx_hal.o
    0x200000b8   0x080060e8   0x00000004   Data   RW         4038    .data               system_stm32f4xx.o
    0x200000bc        -       0x00000100   Zero   RW           26    .bss                main.o
    0x200001bc        -       0x00000048   Zero   RW          294    .bss                adc.o
    0x20000204        -       0x00000054   Zero   RW          360    .bss                i2c.o
    0x20000258        -       0x000000d8   Zero   RW          407    .bss                tim.o
    0x20000330        -       0x00000210   Zero   RW          476    .bss                usart.o
    0x20000540        -       0x00000060   Zero   RW         4197    .bss                c_w.l(libspace.o)
    0x200005a0        -       0x00000200   Zero   RW            2    HEAP                startup_stm32f446xx.o
    0x200007a0        -       0x00000400   Zero   RW            1    STACK               startup_stm32f446xx.o


==============================================================================

Image component sizes


      Code (inc. data)   RO Data    RW Data    ZI Data      Debug   Object Name

       196         24          0          0         72       1797   adc.o
        92          4          0          0          0        846   dma.o
       176         12          0          0          0       1031   gpio.o
       204         28          0          0         84       1789   i2c.o
      2248        206          0        172        256     748960   main.o
       360         10          0          0          0       1930   mpu6500.o
        64         26        452          0       1536        868   startup_stm32f446xx.o
       180         28          0         12          0       9461   stm32f4xx_hal.o
      1164         58          0          0          0       5446   stm32f4xx_hal_adc.o
       198         14          0          0          0      33983   stm32f4xx_hal_cortex.o
      1090         16          8          0          0       8177   stm32f4xx_hal_dma.o
       486         40          0          0          0       2256   stm32f4xx_hal_gpio.o
      5532         92          0          0          0      34444   stm32f4xx_hal_i2c.o
        52          4          0          0          0        914   stm32f4xx_hal_msp.o
       112         14          0          0          0       1336   stm32f4xx_hal_pwr_ex.o
       372         44          0          0          0       3006   stm32f4xx_hal_rcc.o
      1068         28          0          0          0       2886   stm32f4xx_hal_rcc_ex.o
      1422        108          0          0          0      10693   stm32f4xx_hal_tim.o
       144         28          0          0          0       1424   stm32f4xx_hal_tim_ex.o
      2112         28          0          0          0      16750   stm32f4xx_hal_uart.o
       104         42          0          0          0       7868   stm32f4xx_it.o
        16          4         24          4          0       1199   system_stm32f4xx.o
       688         62          0          0        216       4679   tim.o
       500         50          0          0        528       2935   usart.o

    ----------------------------------------------------------------------
     18618        970        516        188       2692     904678   Object Totals
         0          0         32          0          0          0   (incl. Generated)
        38          0          0          0          0          0   (incl. Padding)

    ----------------------------------------------------------------------

      Code (inc. data)   RO Data    RW Data    ZI Data      Debug   Library Member Name

        56          6          0          0          0         88   __2snprintf.o
         8          0          0          0          0         68   __main.o
       284          0          0          0          0        156   __printf_wp.o
         0          0          0          0          0          0   __rtentry.o
        12          0          0          0          0          0   __rtentry2.o
         6          0          0          0          0          0   __rtentry4.o
        52          8          0          0          0          0   __scatter.o
        26          0          0          0          0          0   __scatter_copy.o
        28          0          0          0          0          0   __scatter_zi.o
        48          6          0          0          0         96   _printf_char_common.o
       120         16          0          0          0         92   _printf_dec.o
         6          0          0          0          0          0   _printf_f.o
      1054          0          0          0          0        216   _printf_fp_dec.o
       128         16          0          0          0         84   _printf_fp_infnan.o
       178          0          0          0          0         88   _printf_intcommon.o
         0          0          0          0          0          0   _printf_percent.o
         4          0          0          0          0          0   _printf_percent_end.o
         6          0          0          0          0          0   _printf_u.o
        16          0          0          0          0         68   _snputc.o
        10          0          0          0          0         68   _sputc.o
       228          4        148          0          0         96   bigflt0.o
      1936        128          0          0          0        672   btod.o
        18          0          0          0          0         80   exit.o
         6          0          0          0          0        152   heapauxi.o
         0          0          0          0          0          0   indicate_semi.o
        44         10         28          0          0         76   lc_numeric_c.o
         2          0          0          0          0          0   libinit.o
        22          0          0          0          0          0   libinit2.o
         2          0          0          0          0          0   libshutdown.o
         2          0          0          0          0          0   libshutdown2.o
         8          4          0          0         96         68   libspace.o
       138          0          0          0          0         80   lludiv10.o
       238          0          0          0          0        100   lludivv7m.o
         8          4          0          0          0         68   rt_locale_intlibspace.o
        78          0          0          0          0         80   rt_memclr_w.o
         2          0          0          0          0          0   rtexit.o
        10          0          0          0          0          0   rtexit2.o
       128          0          0          0          0         68   strcmpv7m.o
        12          4          0          0          0         68   sys_exit.o
        74          0          0          0          0         80   sys_stackheap_outer.o
         2          0          0          0          0         68   use_no_semi.o
        12          0          0          0          0        116   dretinf.o
        86          4          0          0          0        132   f2d.o
       140          4          0          0          0        132   fnaninf.o
        10          0          0          0          0        116   fpinit.o
         4          0          0          0          0        116   printf1.o
         0          0          0          0          0          0   usenofp.o
        48          0          0          0          0        124   fpclassify.o

    ----------------------------------------------------------------------
      5314        214        176          0         96       3516   Library Totals
        14          0          0          0          0          0   (incl. Padding)

    ----------------------------------------------------------------------

      Code (inc. data)   RO Data    RW Data    ZI Data      Debug   Library Name

      5000        206        176          0         96       2780   c_w.l
       252          8          0          0          0        612   fz_wm.l
        48          0          0          0          0        124   m_wm.l

    ----------------------------------------------------------------------
      5314        214        176          0         96       3516   Library Totals

    ----------------------------------------------------------------------

==============================================================================


      Code (inc. data)   RO Data    RW Data    ZI Data      Debug   

     23932       1184        692        188       2788     892586   Grand Totals
     23932       1184        692        188       2788     892586   ELF Image Totals
     23932       1184        692        188          0          0   ROM Totals

==============================================================================

    Total RO  Size (Code + RO Data)                24624 (  24.05kB)
    Total RW  Size (RW Data + ZI Data)              2976 (   2.91kB)
    Total ROM Size (Code + RO Data + RW Data)      24812 (  24.23kB)

==============================================================================

