Component: ARM Compiler 5.06 update 7 (build 960) Tool: armlink [4d3601]

==============================================================================

Section Cross References

    startup_stm32f446xx.o(STACK) refers (Special) to heapauxi.o(.text) for __use_two_region_memory
    startup_stm32f446xx.o(HEAP) refers (Special) to heapauxi.o(.text) for __use_two_region_memory
    startup_stm32f446xx.o(RESET) refers (Special) to heapauxi.o(.text) for __use_two_region_memory
    startup_stm32f446xx.o(RESET) refers to startup_stm32f446xx.o(STACK) for __initial_sp
    startup_stm32f446xx.o(RESET) refers to startup_stm32f446xx.o(.text) for Reset_Handler
    startup_stm32f446xx.o(RESET) refers to stm32f4xx_it.o(i.NMI_Handler) for NMI_Handler
    startup_stm32f446xx.o(RESET) refers to stm32f4xx_it.o(i.HardFault_Handler) for HardFault_Handler
    startup_stm32f446xx.o(RESET) refers to stm32f4xx_it.o(i.MemManage_Handler) for MemManage_Handler
    startup_stm32f446xx.o(RESET) refers to stm32f4xx_it.o(i.BusFault_Handler) for BusFault_Handler
    startup_stm32f446xx.o(RESET) refers to stm32f4xx_it.o(i.UsageFault_Handler) for UsageFault_Handler
    startup_stm32f446xx.o(RESET) refers to stm32f4xx_it.o(i.SVC_Handler) for SVC_Handler
    startup_stm32f446xx.o(RESET) refers to stm32f4xx_it.o(i.DebugMon_Handler) for DebugMon_Handler
    startup_stm32f446xx.o(RESET) refers to stm32f4xx_it.o(i.PendSV_Handler) for PendSV_Handler
    startup_stm32f446xx.o(RESET) refers to stm32f4xx_it.o(i.SysTick_Handler) for SysTick_Handler
    startup_stm32f446xx.o(RESET) refers to stm32f4xx_it.o(i.I2C1_EV_IRQHandler) for I2C1_EV_IRQHandler
    startup_stm32f446xx.o(RESET) refers to stm32f4xx_it.o(i.I2C1_ER_IRQHandler) for I2C1_ER_IRQHandler
    startup_stm32f446xx.o(RESET) refers to stm32f4xx_it.o(i.USART1_IRQHandler) for USART1_IRQHandler
    startup_stm32f446xx.o(RESET) refers to stm32f4xx_it.o(i.DMA2_Stream1_IRQHandler) for DMA2_Stream1_IRQHandler
    startup_stm32f446xx.o(RESET) refers to stm32f4xx_it.o(i.DMA2_Stream2_IRQHandler) for DMA2_Stream2_IRQHandler
    startup_stm32f446xx.o(RESET) refers to stm32f4xx_it.o(i.DMA2_Stream6_IRQHandler) for DMA2_Stream6_IRQHandler
    startup_stm32f446xx.o(RESET) refers to stm32f4xx_it.o(i.DMA2_Stream7_IRQHandler) for DMA2_Stream7_IRQHandler
    startup_stm32f446xx.o(.text) refers (Special) to heapauxi.o(.text) for __use_two_region_memory
    startup_stm32f446xx.o(.text) refers to system_stm32f4xx.o(i.SystemInit) for SystemInit
    startup_stm32f446xx.o(.text) refers to __main.o(!!!main) for __main
    startup_stm32f446xx.o(.text) refers to startup_stm32f446xx.o(HEAP) for Heap_Mem
    startup_stm32f446xx.o(.text) refers to startup_stm32f446xx.o(STACK) for Stack_Mem
    gpio.o(i.MX_GPIO_Init) refers to rt_memclr_w.o(.text) for __aeabi_memclr4
    gpio.o(i.MX_GPIO_Init) refers to stm32f4xx_hal_gpio.o(i.HAL_GPIO_WritePin) for HAL_GPIO_WritePin
    gpio.o(i.MX_GPIO_Init) refers to stm32f4xx_hal_gpio.o(i.HAL_GPIO_Init) for HAL_GPIO_Init
    adc.o(i.HAL_ADC_MspDeInit) refers to stm32f4xx_hal_gpio.o(i.HAL_GPIO_DeInit) for HAL_GPIO_DeInit
    adc.o(i.HAL_ADC_MspInit) refers to rt_memclr_w.o(.text) for __aeabi_memclr4
    adc.o(i.HAL_ADC_MspInit) refers to stm32f4xx_hal_gpio.o(i.HAL_GPIO_Init) for HAL_GPIO_Init
    adc.o(i.MX_ADC1_Init) refers to stm32f4xx_hal_adc.o(i.HAL_ADC_Init) for HAL_ADC_Init
    adc.o(i.MX_ADC1_Init) refers to main.o(i.Error_Handler) for Error_Handler
    adc.o(i.MX_ADC1_Init) refers to stm32f4xx_hal_adc.o(i.HAL_ADC_ConfigChannel) for HAL_ADC_ConfigChannel
    adc.o(i.MX_ADC1_Init) refers to adc.o(.bss) for .bss
    dma.o(i.MX_DMA_Init) refers to stm32f4xx_hal_cortex.o(i.HAL_NVIC_SetPriority) for HAL_NVIC_SetPriority
    dma.o(i.MX_DMA_Init) refers to stm32f4xx_hal_cortex.o(i.HAL_NVIC_EnableIRQ) for HAL_NVIC_EnableIRQ
    i2c.o(i.HAL_I2C_MspDeInit) refers to stm32f4xx_hal_gpio.o(i.HAL_GPIO_DeInit) for HAL_GPIO_DeInit
    i2c.o(i.HAL_I2C_MspDeInit) refers to stm32f4xx_hal_cortex.o(i.HAL_NVIC_DisableIRQ) for HAL_NVIC_DisableIRQ
    i2c.o(i.HAL_I2C_MspInit) refers to rt_memclr_w.o(.text) for __aeabi_memclr4
    i2c.o(i.HAL_I2C_MspInit) refers to stm32f4xx_hal_gpio.o(i.HAL_GPIO_Init) for HAL_GPIO_Init
    i2c.o(i.HAL_I2C_MspInit) refers to stm32f4xx_hal_cortex.o(i.HAL_NVIC_SetPriority) for HAL_NVIC_SetPriority
    i2c.o(i.HAL_I2C_MspInit) refers to stm32f4xx_hal_cortex.o(i.HAL_NVIC_EnableIRQ) for HAL_NVIC_EnableIRQ
    i2c.o(i.MX_I2C1_Init) refers to stm32f4xx_hal_i2c.o(i.HAL_I2C_Init) for HAL_I2C_Init
    i2c.o(i.MX_I2C1_Init) refers to main.o(i.Error_Handler) for Error_Handler
    i2c.o(i.MX_I2C1_Init) refers to i2c.o(.bss) for .bss
    tim.o(i.HAL_TIM_Encoder_MspDeInit) refers to stm32f4xx_hal_gpio.o(i.HAL_GPIO_DeInit) for HAL_GPIO_DeInit
    tim.o(i.HAL_TIM_Encoder_MspInit) refers to rt_memclr_w.o(.text) for __aeabi_memclr4
    tim.o(i.HAL_TIM_Encoder_MspInit) refers to stm32f4xx_hal_gpio.o(i.HAL_GPIO_Init) for HAL_GPIO_Init
[...]
    i.MX_TIM3_Init                           0x080050ec   Section        0  tim.o(i.MX_TIM3_Init)
    i.MX_TIM4_Init                           0x0800518c   Section        0  tim.o(i.MX_TIM4_Init)
    i.MX_USART1_UART_Init                    0x080051f4   Section        0  usart.o(i.MX_USART1_UART_Init)
    i.MX_USART6_UART_Init                    0x0800522c   Section        0  usart.o(i.MX_USART6_UART_Init)
    i.MemManage_Handler                      0x08005264   Section        0  stm32f4xx_it.o(i.MemManage_Handler)
    i.NMI_Handler                            0x08005266   Section        0  stm32f4xx_it.o(i.NMI_Handler)
    i.PendSV_Handler                         0x08005268   Section        0  stm32f4xx_it.o(i.PendSV_Handler)
    i.ProcessLidarData                       0x0800526c   Section        0  main.o(i.ProcessLidarData)
    i.SVC_Handler                            0x08005444   Section        0  stm32f4xx_it.o(i.SVC_Handler)
    i.SendConnectionNotification             0x08005448   Section        0  main.o(i.SendConnectionNotification)
    i.SendLidarDataToBluetooth               0x08005478   Section        0  main.o(i.SendLidarDataToBluetooth)
    i.StartObstacleCheck                     0x080054e0   Section        0  main.o(i.StartObstacleCheck)
    i.SysTick_Handler                        0x08005500   Section        0  stm32f4xx_it.o(i.SysTick_Handler)
    i.SystemClock_Config                     0x08005504   Section        0  main.o(i.SystemClock_Config)
    i.SystemInit                             0x080055a4   Section        0  system_stm32f4xx.o(i.SystemInit)
    i.TIM_Base_SetConfig                     0x080055b4   Section        0  stm32f4xx_hal_tim.o(i.TIM_Base_SetConfig)
    i.TIM_CCxChannelCmd                      0x08005684   Section        0  stm32f4xx_hal_tim.o(i.TIM_CCxChannelCmd)
    i.TIM_OC1_SetConfig                      0x080056a0   Section        0  stm32f4xx_hal_tim.o(i.TIM_OC1_SetConfig)
    TIM_OC1_SetConfig                        0x080056a1   Thumb Code    88  stm32f4xx_hal_tim.o(i.TIM_OC1_SetConfig)
    i.TIM_OC2_SetConfig                      0x08005700   Section        0  stm32f4xx_hal_tim.o(i.TIM_OC2_SetConfig)
    i.TIM_OC3_SetConfig                      0x0800576c   Section        0  stm32f4xx_hal_tim.o(i.TIM_OC3_SetConfig)
    TIM_OC3_SetConfig                        0x0800576d   Thumb Code    96  stm32f4xx_hal_tim.o(i.TIM_OC3_SetConfig)
    i.TIM_OC4_SetConfig                      0x080057d4   Section        0  stm32f4xx_hal_tim.o(i.TIM_OC4_SetConfig)
    TIM_OC4_SetConfig                        0x080057d5   Thumb Code    70  stm32f4xx_hal_tim.o(i.TIM_OC4_SetConfig)
    i.UART_DMAAbortOnError                   0x08005824   Section        0  stm32f4xx_hal_uart.o(i.UART_DMAAbortOnError)
    UART_DMAAbortOnError                     0x08005825   Thumb Code    14  stm32f4xx_hal_uart.o(i.UART_DMAAbortOnError)
    i.UART_DMAError                          0x08005832   Section        0  stm32f4xx_hal_uart.o(i.UART_DMAError)
    UART_DMAError                            0x08005833   Thumb Code    74  stm32f4xx_hal_uart.o(i.UART_DMAError)
    i.UART_DMAReceiveCplt                    0x0800587c   Section        0  stm32f4xx_hal_uart.o(i.UART_DMAReceiveCplt)
    UART_DMAReceiveCplt                      0x0800587d   Thumb Code   134  stm32f4xx_hal_uart.o(i.UART_DMAReceiveCplt)
    i.UART_DMARxHalfCplt                     0x08005902   Section        0  stm32f4xx_hal_uart.o(i.UART_DMARxHalfCplt)
    UART_DMARxHalfCplt                       0x08005903   Thumb Code    30  stm32f4xx_hal_uart.o(i.UART_DMARxHalfCplt)
    i.UART_EndRxTransfer                     0x08005920   Section        0  stm32f4xx_hal_uart.o(i.UART_EndRxTransfer)
    UART_EndRxTransfer                       0x08005921   Thumb Code    78  stm32f4xx_hal_uart.o(i.UART_EndRxTransfer)
    i.UART_EndTxTransfer                     0x0800596e   Section        0  stm32f4xx_hal_uart.o(i.UART_EndTxTransfer)
    UART_EndTxTransfer                       0x0800596f   Thumb Code    28  stm32f4xx_hal_uart.o(i.UART_EndTxTransfer)
    i.UART_Receive_IT                        0x0800598a   Section        0  stm32f4xx_hal_uart.o(i.UART_Receive_IT)
    UART_Receive_IT                          0x0800598b   Thumb Code   194  stm32f4xx_hal_uart.o(i.UART_Receive_IT)
    i.UART_SetConfig                         0x08005a4c   Section        0  stm32f4xx_hal_uart.o(i.UART_SetConfig)
    UART_SetConfig                           0x08005a4d   Thumb Code   258  stm32f4xx_hal_uart.o(i.UART_SetConfig)
    i.UART_Start_Receive_DMA                 0x08005b58   Section        0  stm32f4xx_hal_uart.o(i.UART_Start_Receive_DMA)
    i.UART_Start_Receive_IT                  0x08005bf8   Section        0  stm32f4xx_hal_uart.o(i.UART_Start_Receive_IT)
    i.UART_WaitOnFlagUntilTimeout            0x08005c2e   Section        0  stm32f4xx_hal_uart.o(i.UART_WaitOnFlagUntilTimeout)
    UART_WaitOnFlagUntilTimeout              0x08005c2f   Thumb Code   114  stm32f4xx_hal_uart.o(i.UART_WaitOnFlagUntilTimeout)
    i.USART1_IRQHandler                      0x08005ca0   Section        0  stm32f4xx_it.o(i.USART1_IRQHandler)
    i.UpdateSpeedRamp                        0x08005cac   Section        0  main.o(i.UpdateSpeedRamp)
    i.UsageFault_Handler                     0x08005d54   Section        0  stm32f4xx_it.o(i.UsageFault_Handler)
    i.__ARM_fpclassify                       0x08005d56   Section        0  fpclassify.o(i.__ARM_fpclassify)
    i.__NVIC_SetPriority                     0x08005d86   Section        0  stm32f4xx_hal_cortex.o(i.__NVIC_SetPriority)
    __NVIC_SetPriority                       0x08005d87   Thumb Code    32  stm32f4xx_hal_cortex.o(i.__NVIC_SetPriority)
    i.__hardfp_fmodf                         0x08005da6   Section        0  fmodf.o(i.__hardfp_fmodf)
    i.__mathlib_flt_invalid                  0x08005e58   Section        0  funder.o(i.__mathlib_flt_invalid)
    i._is_digit                              0x08005e68   Section        0  __printf_wp.o(i._is_digit)
    i.main                                   0x08005e78   Section        0  main.o(i.main)
    locale$$code                             0x08006254   Section       44  lc_numeric_c.o(locale$$code)
    x$fpl$dretinf                            0x08006280   Section       12  dretinf.o(x$fpl$dretinf)
    $v0                                      0x08006280   Number         0  dretinf.o(x$fpl$dretinf)
    x$fpl$f2d                                0x0800628c   Section       86  f2d.o(x$fpl$f2d)
    $v0                                      0x0800628c   Number         0  f2d.o(x$fpl$f2d)
    x$fpl$fnaninf                            0x080062e2   Section      140  fnaninf.o(x$fpl$fnaninf)
    $v0                                      0x080062e2   Number         0  fnaninf.o(x$fpl$fnaninf)
    x$fpl$fpinit                             0x0800636e   Section       10  fpinit.o(x$fpl$fpinit)
    $v0                                      0x0800636e   Number         0  fpinit.o(x$fpl$fpinit)
    x$fpl$frem                               0x08006378   Section      244  frem_clz.o(x$fpl$frem)
    $v0                                      0x08006378   Number         0  frem_clz.o(x$fpl$frem)
    x$fpl$printf1                            0x0800646c   Section        4  printf1.o(x$fpl$printf1)
    $v0                                      0x0800646c   Number         0  printf1.o(x$fpl$printf1)
    .constdata                               0x08006470   Section        8  stm32f4xx_hal_dma.o(.constdata)
    x$fpl$usenofp                            0x08006470   Section        0  usenofp.o(x$fpl$usenofp)
    flagBitshiftOffset                       0x08006470   Data           8  stm32f4xx_hal_dma.o(.constdata)
    .constdata                               0x08006478   Section       16  system_stm32f4xx.o(.constdata)
    .constdata                               0x08006488   Section        8  system_stm32f4xx.o(.constdata)
    .constdata                               0x08006490   Section      148  bigflt0.o(.constdata)
    tenpwrs_x                                0x08006490   Data          60  bigflt0.o(.constdata)
    tenpwrs_i                                0x080064cc   Data          64  bigflt0.o(.constdata)
    locale$$data                             0x08006544   Section       28  lc_numeric_c.o(locale$$data)
    __lcnum_c_name                           0x08006548   Data           2  lc_numeric_c.o(locale$$data)
    __lcnum_c_start                          0x08006550   Data           0  lc_numeric_c.o(locale$$data)
    __lcnum_c_point                          0x0800655c   Data           0  lc_numeric_c.o(locale$$data)
    __lcnum_c_thousands                      0x0800655e   Data           0  lc_numeric_c.o(locale$$data)
    __lcnum_c_grouping                       0x0800655f   Data           0  lc_numeric_c.o(locale$$data)
    __lcnum_c_end                            0x08006560   Data           0  lc_numeric_c.o(locale$$data)
    .data                                    0x20000000   Section      192  main.o(.data)
    motion                                   0x20000005   Data           1  main.o(.data)
    turn_target_sumabs_cm                    0x20000020   Data           4  main.o(.data)
    turn_accum_sumabs_cm                     0x20000024   Data           4  main.o(.data)
    last_debug_time                          0x2000003c   Data           4  main.o(.data)
    left_compensation                        0x20000050   Data           4  main.o(.data)
    right_compensation                       0x20000054   Data           4  main.o(.data)
    last_pwm_debug                           0x20000058   Data           4  main.o(.data)
    left_backward_compensation               0x2000005c   Data           4  main.o(.data)
    right_backward_compensation              0x20000060   Data           4  main.o(.data)
    .data                                    0x200000c0   Section       12  stm32f4xx_hal.o(.data)
    .data                                    0x200000cc   Section        4  system_stm32f4xx.o(.data)
    .bss                                     0x200000d0   Section       72  adc.o(.bss)
    .bss                                     0x20000118   Section       84  i2c.o(.bss)
    .bss                                     0x2000016c   Section      216  tim.o(.bss)
    .bss                                     0x20000244   Section      528  usart.o(.bss)
    .bss                                     0x20000454   Section      356  main.o(.bss)
    .bss                                     0x200005b8   Section       96  libspace.o(.bss)
    HEAP                                     0x20000618   Section      512  startup_stm32f446xx.o(HEAP)
    Heap_Mem                                 0x20000618   Data         512  startup_stm32f446xx.o(HEAP)
    STACK                                    0x20000818   Section     1024  startup_stm32f446xx.o(STACK)
    Stack_Mem                                0x20000818   Data        1024  startup_stm32f446xx.o(STACK)
    __initial_sp                             0x20000c18   Data           0  startup_stm32f446xx.o(STACK)

    Global Symbols

    Symbol Name                              Value     Ov Type        Size  Object(Section)

    BuildAttributes$$THM_ISAv4$E$P$D$K$B$S$7EM$VFPi3$EXTD16$VFPS$VFMA$PE$A:L22UL41UL21$X:L11$S22US41US21$IEEE1$IW$USESV6$~STKCKD$USESV7$~SHL$OTIME$ROPI$IEEEX$EBA8$UX$STANDARDLIB$REQ8$PRES8$EABIv2 0x00000000   Number         0  anon$$obj.o ABSOLUTE
    __ARM_use_no_argv                        0x00000000   Number         0  main.o ABSOLUTE
    _printf_flags                            0x00000000   Number         0  printf_stubs.o ABSOLUTE
    _printf_return_value                     0x00000000   Number         0  printf_stubs.o ABSOLUTE
    _printf_sizespec                         0x00000000   Number         0  printf_stubs.o ABSOLUTE
    _printf_widthprec                        0x00000000   Number         0  printf_stubs.o ABSOLUTE
    __ARM_exceptions_init                     - Undefined Weak Reference
    __alloca_initialize                       - Undefined Weak Reference
    __arm_fini_                               - Undefined Weak Reference
    __arm_preinit_                            - Undefined Weak Reference
    __cpp_initialize__aeabi_                  - Undefined Weak Reference
    __cxa_finalize                            - Undefined Weak Reference
    __sigvec_lookup                           - Undefined Weak Reference
    _atexit_init                              - Undefined Weak Reference
    _call_atexit_fns                          - Undefined Weak Reference
    _clock_init                               - Undefined Weak Reference
    _fp_trap_init                             - Undefined Weak Reference
    _fp_trap_shutdown                         - Undefined Weak Reference
    _get_lc_collate                           - Undefined Weak Reference
    _get_lc_ctype                             - Undefined Weak Reference
    _get_lc_monetary                          - Undefined Weak Reference
    _get_lc_time                              - Undefined Weak Reference
    _getenv_init                              - Undefined Weak Reference
    _handle_redirection                       - Undefined Weak Reference
    _init_alloc                               - Undefined Weak Reference
    _init_user_alloc                          - Undefined Weak Reference
    _initio                                   - Undefined Weak Reference
    _printf_mbtowc                            - Undefined Weak Reference
    _printf_post_padding                      - Undefined Weak Reference
    _printf_pre_padding                       - Undefined Weak Reference
    _printf_truncate_signed                   - Undefined Weak Reference
    _printf_truncate_unsigned                 - Undefined Weak Reference
    _rand_init                                - Undefined Weak Reference
    _signal_finish                            - Undefined Weak Reference
    _signal_init                              - Undefined Weak Reference
    _terminate_alloc                          - Undefined Weak Reference
    _terminate_user_alloc                     - Undefined Weak Reference
    _terminateio                              - Undefined Weak Reference
    __Vectors_Size                           0x000001c4   Number         0  startup_stm32f446xx.o ABSOLUTE
    __Vectors                                0x08000000   Data           4  startup_stm32f446xx.o(RESET)
    __Vectors_End                            0x080001c4   Data           0  startup_stm32f446xx.o(RESET)
    __main                                   0x080001c5   Thumb Code     8  __main.o(!!!main)
    __scatterload                            0x080001cd   Thumb Code     0  __scatter.o(!!!scatter)
    __scatterload_rt2                        0x080001cd   Thumb Code    44  __scatter.o(!!!scatter)
    __scatterload_rt2_thumb_only             0x080001cd   Thumb Code     0  __scatter.o(!!!scatter)
    __scatterload_null                       0x080001db   Thumb Code     0  __scatter.o(!!!scatter)
    __scatterload_copy                       0x08000201   Thumb Code    26  __scatter_copy.o(!!handler_copy)
    __scatterload_zeroinit                   0x0800021d   Thumb Code    28  __scatter_zi.o(!!handler_zi)
    _printf_f                                0x08000239   Thumb Code     0  _printf_f.o(.ARM.Collect$$_printf_percent$$00000003)
    _printf_percent                          0x08000239   Thumb Code     0  _printf_percent.o(.ARM.Collect$$_printf_percent$$00000000)
    _printf_d                                0x0800023f   Thumb Code     0  _printf_d.o(.ARM.Collect$$_printf_percent$$00000009)
    _printf_u                                0x08000245   Thumb Code     0  _printf_u.o(.ARM.Collect$$_printf_percent$$0000000A)
    _printf_c                                0x0800024b   Thumb Code     0  _printf_c.o(.ARM.Collect$$_printf_percent$$00000013)
    _printf_percent_end                      0x08000251   Thumb Code     0  _printf_percent_end.o(.ARM.Collect$$_printf_percent$$00000017)
    __rt_lib_init                            0x08000255   Thumb Code     0  libinit.o(.ARM.Collect$$libinit$$00000000)
    __rt_lib_init_fp_1                       0x08000257   Thumb Code     0  libinit2.o(.ARM.Collect$$libinit$$00000001)
    __rt_lib_init_heap_1                     0x0800025b   Thumb Code     0  libinit2.o(.ARM.Collect$$libinit$$0000000A)
    __rt_lib_init_lc_common                  0x0800025b   Thumb Code     0  libinit2.o(.ARM.Collect$$libinit$$0000000F)
    __rt_lib_init_preinit_1                  0x0800025b   Thumb Code     0  libinit2.o(.ARM.Collect$$libinit$$00000004)
    __rt_lib_init_rand_1                     0x0800025b   Thumb Code     0  libinit2.o(.ARM.Collect$$libinit$$0000000E)
    __rt_lib_init_user_alloc_1               0x0800025b   Thumb Code     0  libinit2.o(.ARM.Collect$$libinit$$0000000C)
    __rt_lib_init_lc_collate_1               0x08000261   Thumb Code     0  libinit2.o(.ARM.Collect$$libinit$$00000011)
    __rt_lib_init_lc_ctype_1                 0x08000261   Thumb Code     0  libinit2.o(.ARM.Collect$$libinit$$00000013)
    __rt_lib_init_lc_monetary_1              0x08000261   Thumb Code     0  libinit2.o(.ARM.Collect$$libinit$$00000015)
    __rt_lib_init_lc_numeric_2               0x08000261   Thumb Code     0  libinit2.o(.ARM.Collect$$libinit$$00000016)
    __rt_lib_init_alloca_1                   0x0800026b   Thumb Code     0  libinit2.o(.ARM.Collect$$libinit$$0000002E)
    __rt_lib_init_argv_1                     0x0800026b   Thumb Code     0  libinit2.o(.ARM.Collect$$libinit$$0000002C)
    __rt_lib_init_atexit_1                   0x0800026b   Thumb Code     0  libinit2.o(.ARM.Collect$$libinit$$0000001B)
    __rt_lib_init_clock_1                    0x0800026b   Thumb Code     0  libinit2.o(.ARM.Collect$$libinit$$00000021)
    __rt_lib_init_cpp_1                      0x0800026b   Thumb Code     0  libinit2.o(.ARM.Collect$$libinit$$00000032)
    __rt_lib_init_exceptions_1               0x0800026b   Thumb Code     0  libinit2.o(.ARM.Collect$$libinit$$00000030)
    __rt_lib_init_fp_trap_1                  0x0800026b   Thumb Code     0  libinit2.o(.ARM.Collect$$libinit$$0000001F)
    __rt_lib_init_getenv_1                   0x0800026b   Thumb Code     0  libinit2.o(.ARM.Collect$$libinit$$00000023)
    __rt_lib_init_lc_numeric_1               0x0800026b   Thumb Code     0  libinit2.o(.ARM.Collect$$libinit$$00000017)
    __rt_lib_init_lc_time_1                  0x0800026b   Thumb Code     0  libinit2.o(.ARM.Collect$$libinit$$00000019)
    __rt_lib_init_return                     0x0800026b   Thumb Code     0  libinit2.o(.ARM.Collect$$libinit$$00000033)
    __rt_lib_init_signal_1                   0x0800026b   Thumb Code     0  libinit2.o(.ARM.Collect$$libinit$$0000001D)
    __rt_lib_init_stdio_1                    0x0800026b   Thumb Code     0  libinit2.o(.ARM.Collect$$libinit$$00000025)
    __rt_lib_shutdown                        0x0800026d   Thumb Code     0  libshutdown.o(.ARM.Collect$$libshutdown$$00000000)
    __rt_lib_shutdown_cpp_1                  0x0800026f   Thumb Code     0  libshutdown2.o(.ARM.Collect$$libshutdown$$00000004)
    __rt_lib_shutdown_fini_1                 0x0800026f   Thumb Code     0  libshutdown2.o(.ARM.Collect$$libshutdown$$00000002)
    __rt_lib_shutdown_fp_trap_1              0x0800026f   Thumb Code     0  libshutdown2.o(.ARM.Collect$$libshutdown$$00000009)
    __rt_lib_shutdown_heap_1                 0x0800026f   Thumb Code     0  libshutdown2.o(.ARM.Collect$$libshutdown$$00000011)
    __rt_lib_shutdown_return                 0x0800026f   Thumb Code     0  libshutdown2.o(.ARM.Collect$$libshutdown$$00000012)
    __rt_lib_shutdown_signal_1               0x0800026f   Thumb Code     0  libshutdown2.o(.ARM.Collect$$libshutdown$$0000000C)
    __rt_lib_shutdown_stdio_1                0x0800026f   Thumb Code     0  libshutdown2.o(.ARM.Collect$$libshutdown$$00000006)
    __rt_lib_shutdown_user_alloc_1           0x0800026f   Thumb Code     0  libshutdown2.o(.ARM.Collect$$libshutdown$$0000000E)
    __rt_entry                               0x08000271   Thumb Code     0  __rtentry.o(.ARM.Collect$$rtentry$$00000000)
    __rt_entry_presh_1                       0x08000271   Thumb Code     0  __rtentry2.o(.ARM.Collect$$rtentry$$00000002)
    __rt_entry_sh                            0x08000271   Thumb Code     0  __rtentry4.o(.ARM.Collect$$rtentry$$00000004)
    __rt_entry_li                            0x08000277   Thumb Code     0  __rtentry2.o(.ARM.Collect$$rtentry$$0000000A)
    __rt_entry_postsh_1                      0x08000277   Thumb Code     0  __rtentry2.o(.ARM.Collect$$rtentry$$00000009)
    __rt_entry_main                          0x0800027b   Thumb Code     0  __rtentry2.o(.ARM.Collect$$rtentry$$0000000D)
    __rt_entry_postli_1                      0x0800027b   Thumb Code     0  __rtentry2.o(.ARM.Collect$$rtentry$$0000000C)
    __rt_exit                                0x08000283   Thumb Code     0  rtexit.o(.ARM.Collect$$rtexit$$00000000)
    __rt_exit_ls                             0x08000285   Thumb Code     0  rtexit2.o(.ARM.Collect$$rtexit$$00000003)
    __rt_exit_prels_1                        0x08000285   Thumb Code     0  rtexit2.o(.ARM.Collect$$rtexit$$00000002)
    __rt_exit_exit                           0x08000289   Thumb Code     0  rtexit2.o(.ARM.Collect$$rtexit$$00000004)
    Reset_Handler                            0x08000291   Thumb Code     8  startup_stm32f446xx.o(.text)
    ADC_IRQHandler                           0x080002ab   Thumb Code     0  startup_stm32f446xx.o(.text)
    CAN1_RX0_IRQHandler                      0x080002ab   Thumb Code     0  startup_stm32f446xx.o(.text)
    CAN1_RX1_IRQHandler                      0x080002ab   Thumb Code     0  startup_stm32f446xx.o(.text)
    CAN1_SCE_IRQHandler                      0x080002ab   Thumb Code     0  startup_stm32f446xx.o(.text)
    CAN1_TX_IRQHandler                       0x080002ab   Thumb Code     0  startup_stm32f446xx.o(.text)
    CAN2_RX0_IRQHandler                      0x080002ab   Thumb Code     0  startup_stm32f446xx.o(.text)
    CAN2_RX1_IRQHandler                      0x080002ab   Thumb Code     0  startup_stm32f446xx.o(.text)
    CAN2_SCE_IRQHandler                      0x080002ab   Thumb Code     0  startup_stm32f446xx.o(.text)
    CAN2_TX_IRQHandler                       0x080002ab   Thumb Code     0  startup_stm32f446xx.o(.text)
    CEC_IRQHandler                           0x080002ab   Thumb Code     0  startup_stm32f446xx.o(.text)
    DCMI_IRQHandler                          0x080002ab   Thumb Code     0  startup_stm32f446xx.o(.text)
    DMA1_Stream0_IRQHandler                  0x080002ab   Thumb Code     0  startup_stm32f446xx.o(.text)
    DMA1_Stream1_IRQHandler                  0x080002ab   Thumb Code     0  startup_stm32f446xx.o(.text)
    DMA1_Stream2_IRQHandler                  0x080002ab   Thumb Code     0  startup_stm32f446xx.o(.text)
    DMA1_Stream3_IRQHandler                  0x080002ab   Thumb Code     0  startup_stm32f446xx.o(.text)
    DMA1_Stream4_IRQHandler                  0x080002ab   Thumb Code     0  startup_stm32f446xx.o(.text)
    DMA1_Stream5_IRQHandler                  0x080002ab   Thumb Code     0  startup_stm32f446xx.o(.text)
    DMA1_Stream6_IRQHandler                  0x080002ab   Thumb Code     0  startup_stm32f446xx.o(.text)
    DMA1_Stream7_IRQHandler                  0x080002ab   Thumb Code     0  startup_stm32f446xx.o(.text)
    DMA2_Stream0_IRQHandler                  0x080002ab   Thumb Code     0  startup_stm32f446xx.o(.text)
    DMA2_Stream3_IRQHandler                  0x080002ab   Thumb Code     0  startup_stm32f446xx.o(.text)
    DMA2_Stream4_IRQHandler                  0x080002ab   Thumb Code     0  startup_stm32f446xx.o(.text)
    DMA2_Stream5_IRQHandler                  0x080002ab   Thumb Code     0  startup_stm32f446xx.o(.text)
    EXTI0_IRQHandler                         0x080002ab   Thumb Code     0  startup_stm32f446xx.o(.text)
    EXTI15_10_IRQHandler                     0x080002ab   Thumb Code     0  startup_stm32f446xx.o(.text)
    EXTI1_IRQHandler                         0x080002ab   Thumb Code     0  startup_stm32f446xx.o(.text)
    EXTI2_IRQHandler                         0x080002ab   Thumb Code     0  startup_stm32f446xx.o(.text)
    EXTI3_IRQHandler                         0x080002ab   Thumb Code     0  startup_stm32f446xx.o(.text)
    EXTI4_IRQHandler                         0x080002ab   Thumb Code     0  startup_stm32f446xx.o(.text)
    EXTI9_5_IRQHandler                       0x080002ab   Thumb Code     0  startup_stm32f446xx.o(.text)
    FLASH_IRQHandler                         0x080002ab   Thumb Code     0  startup_stm32f446xx.o(.text)
    FMC_IRQHandler                           0x080002ab   Thumb Code     0  startup_stm32f446xx.o(.text)
    FMPI2C1_ER_IRQHandler                    0x080002ab   Thumb Code     0  startup_stm32f446xx.o(.text)
    FMPI2C1_EV_IRQHandler                    0x080002ab   Thumb Code     0  startup_stm32f446xx.o(.text)
    FPU_IRQHandler                           0x080002ab   Thumb Code     0  startup_stm32f446xx.o(.text)
    I2C2_ER_IRQHandler                       0x080002ab   Thumb Code     0  startup_stm32f446xx.o(.text)
    I2C2_EV_IRQHandler                       0x080002ab   Thumb Code     0  startup_stm32f446xx.o(.text)
    I2C3_ER_IRQHandler                       0x080002ab   Thumb Code     0  startup_stm32f446xx.o(.text)
    I2C3_EV_IRQHandler                       0x080002ab   Thumb Code     0  startup_stm32f446xx.o(.text)
    OTG_FS_IRQHandler                        0x080002ab   Thumb Code     0  startup_stm32f446xx.o(.text)
    OTG_FS_WKUP_IRQHandler                   0x080002ab   Thumb Code     0  startup_stm32f446xx.o(.text)
    OTG_HS_EP1_IN_IRQHandler                 0x080002ab   Thumb Code     0  startup_stm32f446xx.o(.text)
    OTG_HS_EP1_OUT_IRQHandler                0x080002ab   Thumb Code     0  startup_stm32f446xx.o(.text)
    OTG_HS_IRQHandler                        0x080002ab   Thumb Code     0  startup_stm32f446xx.o(.text)
    OTG_HS_WKUP_IRQHandler                   0x080002ab   Thumb Code     0  startup_stm32f446xx.o(.text)
    PVD_IRQHandler                           0x080002ab   Thumb Code     0  startup_stm32f446xx.o(.text)
    QUADSPI_IRQHandler                       0x080002ab   Thumb Code     0  startup_stm32f446xx.o(.text)
    RCC_IRQHandler                           0x080002ab   Thumb Code     0  startup_stm32f446xx.o(.text)
    RTC_Alarm_IRQHandler                     0x080002ab   Thumb Code     0  startup_stm32f446xx.o(.text)
    RTC_WKUP_IRQHandler                      0x080002ab   Thumb Code     0  startup_stm32f446xx.o(.text)
    SAI1_IRQHandler                          0x080002ab   Thumb Code     0  startup_stm32f446xx.o(.text)
    SAI2_IRQHandler                          0x080002ab   Thumb Code     0  startup_stm32f446xx.o(.text)
    SDIO_IRQHandler                          0x080002ab   Thumb Code     0  startup_stm32f446xx.o(.text)
    SPDIF_RX_IRQHandler                      0x080002ab   Thumb Code     0  startup_stm32f446xx.o(.text)
    SPI1_IRQHandler                          0x080002ab   Thumb Code     0  startup_stm32f446xx.o(.text)
    SPI2_IRQHandler                          0x080002ab   Thumb Code     0  startup_stm32f446xx.o(.text)
    SPI3_IRQHandler                          0x080002ab   Thumb Code     0  startup_stm32f446xx.o(.text)
    SPI4_IRQHandler                          0x080002ab   Thumb Code     0  startup_stm32f446xx.o(.text)
    TAMP_STAMP_IRQHandler                    0x080002ab   Thumb Code     0  startup_stm32f446xx.o(.text)
    TIM1_BRK_TIM9_IRQHandler                 0x080002ab   Thumb Code     0  startup_stm32f446xx.o(.text)
    TIM1_CC_IRQHandler                       0x080002ab   Thumb Code     0  startup_stm32f446xx.o(.text)
    TIM1_TRG_COM_TIM11_IRQHandler            0x080002ab   Thumb Code     0  startup_stm32f446xx.o(.text)
    TIM1_UP_TIM10_IRQHandler                 0x080002ab   Thumb Code     0  startup_stm32f446xx.o(.text)
    TIM2_IRQHandler                          0x080002ab   Thumb Code     0  startup_stm32f446xx.o(.text)
    TIM3_IRQHandler                          0x080002ab   Thumb Code     0  startup_stm32f446xx.o(.text)
    TIM4_IRQHandler                          0x080002ab   Thumb Code     0  startup_stm32f446xx.o(.text)
    TIM5_IRQHandler                          0x080002ab   Thumb Code     0  startup_stm32f446xx.o(.text)
    TIM6_DAC_IRQHandler                      0x080002ab   Thumb Code     0  startup_stm32f446xx.o(.text)
    TIM7_IRQHandler                          0x080002ab   Thumb Code     0  startup_stm32f446xx.o(.text)
    TIM8_BRK_TIM12_IRQHandler                0x080002ab   Thumb Code     0  startup_stm32f446xx.o(.text)
    TIM8_CC_IRQHandler                       0x080002ab   Thumb Code     0  startup_stm32f446xx.o(.text)
    TIM8_TRG_COM_TIM14_IRQHandler            0x080002ab   Thumb Code     0  startup_stm32f446xx.o(.text)
    TIM8_UP_TIM13_IRQHandler                 0x080002ab   Thumb Code     0  startup_stm32f446xx.o(.text)
    UART4_IRQHandler                         0x080002ab   Thumb Code     0  startup_stm32f446xx.o(.text)
    UART5_IRQHandler                         0x080002ab   Thumb Code     0  startup_stm32f446xx.o(.text)
    USART2_IRQHandler                        0x080002ab   Thumb Code     0  startup_stm32f446xx.o(.text)
    USART3_IRQHandler                        0x080002ab   Thumb Code     0  startup_stm32f446xx.o(.text)
    USART6_IRQHandler                        0x080002ab   Thumb Code     0  startup_stm32f446xx.o(.text)
    WWDG_IRQHandler                          0x080002ab   Thumb Code     0  startup_stm32f446xx.o(.text)
    __user_initial_stackheap                 0x080002ad   Thumb Code     0  startup_stm32f446xx.o(.text)
    __aeabi_uldivmod                         0x080002d1   Thumb Code     0  lludivv7m.o(.text)
    _ll_udiv                                 0x080002d1   Thumb Code   238  lludivv7m.o(.text)
    __2snprintf                              0x080003c1   Thumb Code    50  __2snprintf.o(.text)
    _printf_str                              0x080003f9   Thumb Code    82  _printf_str.o(.text)
    _printf_int_dec                          0x0800044d   Thumb Code   104  _printf_dec.o(.text)
    __printf                                 0x080004c5   Thumb Code   270  __printf_wp.o(.text)
    strlen                                   0x080005d3   Thumb Code    62  strlen.o(.text)
    __aeabi_memclr4                          0x08000611   Thumb Code     0  rt_memclr_w.o(.text)
    __aeabi_memclr8                          0x08000611   Thumb Code     0  rt_memclr_w.o(.text)
    __rt_memclr_w                            0x08000611   Thumb Code    78  rt_memclr_w.o(.text)
    _memset_w                                0x08000615   Thumb Code     0  rt_memclr_w.o(.text)
    __use_two_region_memory                  0x0800065f   Thumb Code     2  heapauxi.o(.text)
    __rt_heap_escrow$2region                 0x08000661   Thumb Code     2  heapauxi.o(.text)
    __rt_heap_expand$2region                 0x08000663   Thumb Code     2  heapauxi.o(.text)
    __read_errno                             0x08000665   Thumb Code    10  _rserrno.o(.text)
    __set_errno                              0x0800066f   Thumb Code    12  _rserrno.o(.text)
    _printf_int_common                       0x0800067b   Thumb Code   178  _printf_intcommon.o(.text)
    __lib_sel_fp_printf                      0x0800072d   Thumb Code     2  _printf_fp_dec.o(.text)
    _printf_fp_dec_real                      0x080008df   Thumb Code   620  _printf_fp_dec.o(.text)
    _printf_char_common                      0x08000b57   Thumb Code    32  _printf_char_common.o(.text)
    _sputc                                   0x08000b7d   Thumb Code    10  _sputc.o(.text)
    _snputc                                  0x08000b87   Thumb Code    16  _snputc.o(.text)
    _printf_cs_common                        0x08000b97   Thumb Code    20  _printf_char.o(.text)
    _printf_char                             0x08000bab   Thumb Code    16  _printf_char.o(.text)
    _printf_string                           0x08000bbb   Thumb Code     8  _printf_char.o(.text)
    __rt_locale                              0x08000bc5   Thumb Code     8  rt_locale_intlibspace.o(.text)
    __aeabi_errno_addr                       0x08000bcd   Thumb Code     8  rt_errno_addr_intlibspace.o(.text)
    __errno$intlibspace                      0x08000bcd   Thumb Code     0  rt_errno_addr_intlibspace.o(.text)
    __rt_errno_addr$intlibspace              0x08000bcd   Thumb Code     0  rt_errno_addr_intlibspace.o(.text)
    _ll_udiv10                               0x08000bd5   Thumb Code   138  lludiv10.o(.text)
    _printf_fp_infnan                        0x08000c61   Thumb Code   112  _printf_fp_infnan.o(.text)
    _btod_etento                             0x08000ce1   Thumb Code   224  bigflt0.o(.text)
    __user_libspace                          0x08000dc5   Thumb Code     8  libspace.o(.text)
    __user_perproc_libspace                  0x08000dc5   Thumb Code     0  libspace.o(.text)
    __user_perthread_libspace                0x08000dc5   Thumb Code     0  libspace.o(.text)
    __user_setup_stackheap                   0x08000dcd   Thumb Code    74  sys_stackheap_outer.o(.text)
    exit                                     0x08000e17   Thumb Code    18  exit.o(.text)
    strcmp                                   0x08000e29   Thumb Code   128  strcmpv7m.o(.text)
    _sys_exit                                0x08000ea9   Thumb Code     8  sys_exit.o(.text)
    __I$use$semihosting                      0x08000eb5   Thumb Code     0  use_no_semi.o(.text)
    __use_no_semihosting_swi                 0x08000eb5   Thumb Code     2  use_no_semi.o(.text)
    __semihosting_library_function           0x08000eb7   Thumb Code     0  indicate_semi.o(.text)
    _btod_d2e                                0x08000eb7   Thumb Code    62  btod.o(CL$$btod_d2e)
    _d2e_denorm_low                          0x08000ef5   Thumb Code    70  btod.o(CL$$btod_d2e_denorm_low)
    _d2e_norm_op1                            0x08000f3b   Thumb Code    96  btod.o(CL$$btod_d2e_norm_op1)
    __btod_div_common                        0x08000f9b   Thumb Code   696  btod.o(CL$$btod_div_common)
    _e2e                                     0x080012d3   Thumb Code   220  btod.o(CL$$btod_e2e)
    _btod_ediv                               0x080013af   Thumb Code    42  btod.o(CL$$btod_ediv)
    _btod_emul                               0x080013d9   Thumb Code    42  btod.o(CL$$btod_emul)
    __btod_mult_common                       0x08001403   Thumb Code   580  btod.o(CL$$btod_mult_common)
    BusFault_Handler                         0x08001771   Thumb Code     2  stm32f4xx_it.o(i.BusFault_Handler)
    ControlMotor                             0x08001775   Thumb Code   392  main.o(i.ControlMotor)
    DMA2_Stream1_IRQHandler                  0x08001911   Thumb Code     6  stm32f4xx_it.o(i.DMA2_Stream1_IRQHandler)
    DMA2_Stream2_IRQHandler                  0x0800191d   Thumb Code     6  stm32f4xx_it.o(i.DMA2_Stream2_IRQHandler)
    DMA2_Stream6_IRQHandler                  0x08001929   Thumb Code     6  stm32f4xx_it.o(i.DMA2_Stream6_IRQHandler)
    DMA2_Stream7_IRQHandler                  0x08001935   Thumb Code     6  stm32f4xx_it.o(i.DMA2_Stream7_IRQHandler)
    DebugMon_Handler                         0x080019e5   Thumb Code     2  stm32f4xx_it.o(i.DebugMon_Handler)
    Error_Handler                            0x080019e7   Thumb Code     4  main.o(i.Error_Handler)
    FinalizeObstacleCheck                    0x080019ed   Thumb Code    92  main.o(i.FinalizeObstacleCheck)
    HAL_ADC_ConfigChannel                    0x08001a69   Thumb Code   334  stm32f4xx_hal_adc.o(i.HAL_ADC_ConfigChannel)
    HAL_ADC_GetValue                         0x08001bcd   Thumb Code     6  stm32f4xx_hal_adc.o(i.HAL_ADC_GetValue)
    HAL_ADC_Init                             0x08001bd3   Thumb Code    84  stm32f4xx_hal_adc.o(i.HAL_ADC_Init)
    HAL_ADC_MspInit                          0x08001c29   Thumb Code    84  adc.o(i.HAL_ADC_MspInit)
    HAL_ADC_PollForConversion                0x08001c89   Thumb Code   170  stm32f4xx_hal_adc.o(i.HAL_ADC_PollForConversion)
    HAL_ADC_Start                            0x08001d35   Thumb Code   228  stm32f4xx_hal_adc.o(i.HAL_ADC_Start)
    HAL_DMA_Abort                            0x08001e31   Thumb Code   146  stm32f4xx_hal_dma.o(i.HAL_DMA_Abort)
    HAL_DMA_Abort_IT                         0x08001ec3   Thumb Code    36  stm32f4xx_hal_dma.o(i.HAL_DMA_Abort_IT)
    HAL_DMA_GetState                         0x08001ee7   Thumb Code     6  stm32f4xx_hal_dma.o(i.HAL_DMA_GetState)
    HAL_DMA_IRQHandler                       0x08001eed   Thumb Code   412  stm32f4xx_hal_dma.o(i.HAL_DMA_IRQHandler)
    HAL_DMA_Init                             0x0800208d   Thumb Code   206  stm32f4xx_hal_dma.o(i.HAL_DMA_Init)
    HAL_DMA_Start_IT                         0x08002161   Thumb Code   110  stm32f4xx_hal_dma.o(i.HAL_DMA_Start_IT)
    HAL_Delay                                0x080021d1   Thumb Code    32  stm32f4xx_hal.o(i.HAL_Delay)
    HAL_GPIO_Init                            0x080021f5   Thumb Code   436  stm32f4xx_hal_gpio.o(i.HAL_GPIO_Init)
    HAL_GPIO_WritePin                        0x080023d1   Thumb Code    10  stm32f4xx_hal_gpio.o(i.HAL_GPIO_WritePin)
    HAL_GetTick                              0x080023dd   Thumb Code     6  stm32f4xx_hal.o(i.HAL_GetTick)
    HAL_I2C_AbortCpltCallback                0x080023e9   Thumb Code     2  stm32f4xx_hal_i2c.o(i.HAL_I2C_AbortCpltCallback)
    HAL_I2C_AddrCallback                     0x080023eb   Thumb Code     2  stm32f4xx_hal_i2c.o(i.HAL_I2C_AddrCallback)
    HAL_I2C_ER_IRQHandler                    0x080023ed   Thumb Code   186  stm32f4xx_hal_i2c.o(i.HAL_I2C_ER_IRQHandler)
    HAL_I2C_EV_IRQHandler                    0x080024a7   Thumb Code   560  stm32f4xx_hal_i2c.o(i.HAL_I2C_EV_IRQHandler)
    HAL_I2C_ErrorCallback                    0x080026d7   Thumb Code     2  stm32f4xx_hal_i2c.o(i.HAL_I2C_ErrorCallback)
    HAL_I2C_Init                             0x080026d9   Thumb Code   376  stm32f4xx_hal_i2c.o(i.HAL_I2C_Init)
    HAL_I2C_ListenCpltCallback               0x08002861   Thumb Code     2  stm32f4xx_hal_i2c.o(i.HAL_I2C_ListenCpltCallback)
    HAL_I2C_MasterRxCpltCallback             0x08002863   Thumb Code     2  stm32f4xx_hal_i2c.o(i.HAL_I2C_MasterRxCpltCallback)
    HAL_I2C_MasterTxCpltCallback             0x08002865   Thumb Code     2  stm32f4xx_hal_i2c.o(i.HAL_I2C_MasterTxCpltCallback)
    HAL_I2C_MemRxCpltCallback                0x08002867   Thumb Code     2  stm32f4xx_hal_i2c.o(i.HAL_I2C_MemRxCpltCallback)
    HAL_I2C_MemTxCpltCallback                0x08002869   Thumb Code     2  stm32f4xx_hal_i2c.o(i.HAL_I2C_MemTxCpltCallback)
    HAL_I2C_Mem_Read                         0x0800286d   Thumb Code   502  stm32f4xx_hal_i2c.o(i.HAL_I2C_Mem_Read)
    HAL_I2C_Mem_Write                        0x08002a71   Thumb Code   294  stm32f4xx_hal_i2c.o(i.HAL_I2C_Mem_Write)
    HAL_I2C_MspInit                          0x08002ba1   Thumb Code   126  i2c.o(i.HAL_I2C_MspInit)
    HAL_I2C_SlaveRxCpltCallback              0x08002c2d   Thumb Code     2  stm32f4xx_hal_i2c.o(i.HAL_I2C_SlaveRxCpltCallback)
    HAL_I2C_SlaveTxCpltCallback              0x08002c2f   Thumb Code     2  stm32f4xx_hal_i2c.o(i.HAL_I2C_SlaveTxCpltCallback)
    HAL_IncTick                              0x08002c31   Thumb Code    12  stm32f4xx_hal.o(i.HAL_IncTick)
    HAL_Init                                 0x08002c41   Thumb Code    48  stm32f4xx_hal.o(i.HAL_Init)
    HAL_InitTick                             0x08002c75   Thumb Code    54  stm32f4xx_hal.o(i.HAL_InitTick)
    HAL_MspInit                              0x08002cb5   Thumb Code    48  stm32f4xx_hal_msp.o(i.HAL_MspInit)
    HAL_NVIC_EnableIRQ                       0x08002ce9   Thumb Code    26  stm32f4xx_hal_cortex.o(i.HAL_NVIC_EnableIRQ)
    HAL_NVIC_SetPriority                     0x08002d05   Thumb Code    60  stm32f4xx_hal_cortex.o(i.HAL_NVIC_SetPriority)
    HAL_NVIC_SetPriorityGrouping             0x08002d45   Thumb Code    26  stm32f4xx_hal_cortex.o(i.HAL_NVIC_SetPriorityGrouping)
    HAL_PWREx_EnableOverDrive                0x08002d69   Thumb Code    98  stm32f4xx_hal_pwr_ex.o(i.HAL_PWREx_EnableOverDrive)
    HAL_RCC_ClockConfig                      0x08002dd9   Thumb Code   288  stm32f4xx_hal_rcc.o(i.HAL_RCC_ClockConfig)
    HAL_RCC_GetPCLK1Freq                     0x08002f0d   Thumb Code    20  stm32f4xx_hal_rcc.o(i.HAL_RCC_GetPCLK1Freq)
    HAL_RCC_GetPCLK2Freq                     0x08002f2d   Thumb Code    20  stm32f4xx_hal_rcc.o(i.HAL_RCC_GetPCLK2Freq)
    HAL_RCC_GetSysClockFreq                  0x08002f4d   Thumb Code   140  stm32f4xx_hal_rcc_ex.o(i.HAL_RCC_GetSysClockFreq)
    HAL_RCC_OscConfig                        0x08002fe1   Thumb Code   900  stm32f4xx_hal_rcc_ex.o(i.HAL_RCC_OscConfig)
    HAL_SYSTICK_Config                       0x08003379   Thumb Code    40  stm32f4xx_hal_cortex.o(i.HAL_SYSTICK_Config)
    HAL_TIMEx_MasterConfigSynchronization    0x080033a1   Thumb Code   116  stm32f4xx_hal_tim_ex.o(i.HAL_TIMEx_MasterConfigSynchronization)
    HAL_TIM_Encoder_Init                     0x08003431   Thumb Code   164  stm32f4xx_hal_tim.o(i.HAL_TIM_Encoder_Init)
    HAL_TIM_Encoder_MspInit                  0x080034d5   Thumb Code   148  tim.o(i.HAL_TIM_Encoder_MspInit)
    HAL_TIM_Encoder_Start                    0x08003579   Thumb Code   142  stm32f4xx_hal_tim.o(i.HAL_TIM_Encoder_Start)
    HAL_TIM_MspPostInit                      0x08003609   Thumb Code   104  tim.o(i.HAL_TIM_MspPostInit)
    HAL_TIM_PWM_ConfigChannel                0x08003681   Thumb Code   204  stm32f4xx_hal_tim.o(i.HAL_TIM_PWM_ConfigChannel)
    HAL_TIM_PWM_Init                         0x0800374d   Thumb Code    90  stm32f4xx_hal_tim.o(i.HAL_TIM_PWM_Init)
    HAL_TIM_PWM_MspInit                      0x080037a9   Thumb Code    30  tim.o(i.HAL_TIM_PWM_MspInit)
    HAL_TIM_PWM_Start                        0x080037d1   Thumb Code   172  stm32f4xx_hal_tim.o(i.HAL_TIM_PWM_Start)
    HAL_UARTEx_RxEventCallback               0x08003899   Thumb Code     2  stm32f4xx_hal_uart.o(i.HAL_UARTEx_RxEventCallback)
    HAL_UART_ErrorCallback                   0x0800389b   Thumb Code     2  stm32f4xx_hal_uart.o(i.HAL_UART_ErrorCallback)
    HAL_UART_IRQHandler                      0x0800389d   Thumb Code   636  stm32f4xx_hal_uart.o(i.HAL_UART_IRQHandler)
    HAL_UART_Init                            0x08003b1d   Thumb Code   100  stm32f4xx_hal_uart.o(i.HAL_UART_Init)
    HAL_UART_MspInit                         0x08003b81   Thumb Code   354  usart.o(i.HAL_UART_MspInit)
    HAL_UART_Receive_DMA                     0x08003d05   Thumb Code    28  stm32f4xx_hal_uart.o(i.HAL_UART_Receive_DMA)
    HAL_UART_Receive_IT                      0x08003d21   Thumb Code    28  stm32f4xx_hal_uart.o(i.HAL_UART_Receive_IT)
    HAL_UART_RxCpltCallback                  0x08003d3d   Thumb Code   208  main.o(i.HAL_UART_RxCpltCallback)
    HAL_UART_RxHalfCpltCallback              0x08003e29   Thumb Code     2  stm32f4xx_hal_uart.o(i.HAL_UART_RxHalfCpltCallback)
    HAL_UART_Transmit                        0x08003e2b   Thumb Code   160  stm32f4xx_hal_uart.o(i.HAL_UART_Transmit)
    HAL_UART_TxCpltCallback                  0x08003ecb   Thumb Code     2  stm32f4xx_hal_uart.o(i.HAL_UART_TxCpltCallback)
    HardFault_Handler                        0x08003f69   Thumb Code     2  stm32f4xx_it.o(i.HardFault_Handler)
    I2C1_ER_IRQHandler                       0x08003f6d   Thumb Code     6  stm32f4xx_it.o(i.I2C1_ER_IRQHandler)
    I2C1_EV_IRQHandler                       0x08003f79   Thumb Code     6  stm32f4xx_it.o(i.I2C1_EV_IRQHandler)
    MPU6500_Init                             0x08004d6f   Thumb Code   168  mpu6500.o(i.MPU6500_Init)
    MPU6500_ReadData                         0x08004e19   Thumb Code   182  mpu6500.o(i.MPU6500_ReadData)
    MX_ADC1_Init                             0x08004ed9   Thumb Code    88  adc.o(i.MX_ADC1_Init)
    MX_DMA_Init                              0x08004f3d   Thumb Code    88  dma.o(i.MX_DMA_Init)
    MX_GPIO_Init                             0x08004f99   Thumb Code   164  gpio.o(i.MX_GPIO_Init)
    MX_I2C1_Init                             0x08005049   Thumb Code    50  i2c.o(i.MX_I2C1_Init)
    MX_TIM2_Init                             0x08005089   Thumb Code    96  tim.o(i.MX_TIM2_Init)
    MX_TIM3_Init                             0x080050ed   Thumb Code   152  tim.o(i.MX_TIM3_Init)
    MX_TIM4_Init                             0x0800518d   Thumb Code    96  tim.o(i.MX_TIM4_Init)
    MX_USART1_UART_Init                      0x080051f5   Thumb Code    48  usart.o(i.MX_USART1_UART_Init)
    MX_USART6_UART_Init                      0x0800522d   Thumb Code    48  usart.o(i.MX_USART6_UART_Init)
    MemManage_Handler                        0x08005265   Thumb Code     2  stm32f4xx_it.o(i.MemManage_Handler)
    NMI_Handler                              0x08005267   Thumb Code     2  stm32f4xx_it.o(i.NMI_Handler)
    PendSV_Handler                           0x08005269   Thumb Code     2  stm32f4xx_it.o(i.PendSV_Handler)
    ProcessLidarData                         0x0800526d   Thumb Code   420  main.o(i.ProcessLidarData)
    SVC_Handler                              0x08005445   Thumb Code     2  stm32f4xx_it.o(i.SVC_Handler)
    SendConnectionNotification               0x08005449   Thumb Code    38  main.o(i.SendConnectionNotification)
    SendLidarDataToBluetooth                 0x08005479   Thumb Code    56  main.o(i.SendLidarDataToBluetooth)
    StartObstacleCheck                       0x080054e1   Thumb Code    28  main.o(i.StartObstacleCheck)
    SysTick_Handler                          0x08005501   Thumb Code     4  stm32f4xx_it.o(i.SysTick_Handler)
    SystemClock_Config                       0x08005505   Thumb Code   150  main.o(i.SystemClock_Config)
    SystemInit                               0x080055a5   Thumb Code    12  system_stm32f4xx.o(i.SystemInit)
    TIM_Base_SetConfig                       0x080055b5   Thumb Code   164  stm32f4xx_hal_tim.o(i.TIM_Base_SetConfig)
    TIM_CCxChannelCmd                        0x08005685   Thumb Code    26  stm32f4xx_hal_tim.o(i.TIM_CCxChannelCmd)
    TIM_OC2_SetConfig                        0x08005701   Thumb Code    98  stm32f4xx_hal_tim.o(i.TIM_OC2_SetConfig)
    UART_Start_Receive_DMA                   0x08005b59   Thumb Code   146  stm32f4xx_hal_uart.o(i.UART_Start_Receive_DMA)
    UART_Start_Receive_IT                    0x08005bf9   Thumb Code    54  stm32f4xx_hal_uart.o(i.UART_Start_Receive_IT)
    USART1_IRQHandler                        0x08005ca1   Thumb Code     6  stm32f4xx_it.o(i.USART1_IRQHandler)
    UpdateSpeedRamp                          0x08005cad   Thumb Code   162  main.o(i.UpdateSpeedRamp)
    UsageFault_Handler                       0x08005d55   Thumb Code     2  stm32f4xx_it.o(i.UsageFault_Handler)
    __ARM_fpclassify                         0x08005d57   Thumb Code    48  fpclassify.o(i.__ARM_fpclassify)
    __hardfp_fmodf                           0x08005da7   Thumb Code   176  fmodf.o(i.__hardfp_fmodf)
    __mathlib_flt_invalid                    0x08005e59   Thumb Code    10  funder.o(i.__mathlib_flt_invalid)
    _is_digit                                0x08005e69   Thumb Code    14  __printf_wp.o(i._is_digit)
    main                                     0x08005e79   Thumb Code   836  main.o(i.main)
    _get_lc_numeric                          0x08006255   Thumb Code    44  lc_numeric_c.o(locale$$code)
    __fpl_dretinf                            0x08006281   Thumb Code    12  dretinf.o(x$fpl$dretinf)
    __aeabi_f2d                              0x0800628d   Thumb Code     0  f2d.o(x$fpl$f2d)
    _f2d                                     0x0800628d   Thumb Code    86  f2d.o(x$fpl$f2d)
    __fpl_fnaninf                            0x080062e3   Thumb Code   140  fnaninf.o(x$fpl$fnaninf)
    _fp_init                                 0x0800636f   Thumb Code    10  fpinit.o(x$fpl$fpinit)
    __fplib_config_fpu_vfp                   0x08006377   Thumb Code     0  fpinit.o(x$fpl$fpinit)
    __fplib_config_pureend_doubles           0x08006377   Thumb Code     0  fpinit.o(x$fpl$fpinit)
    _frem                                    0x08006379   Thumb Code   240  frem_clz.o(x$fpl$frem)
    _printf_fp_dec                           0x0800646d   Thumb Code     4  printf1.o(x$fpl$printf1)
    __I$use$fp                               0x08006470   Number         0  usenofp.o(x$fpl$usenofp)
    AHBPrescTable                            0x08006478   Data          16  system_stm32f4xx.o(.constdata)
    APBPrescTable                            0x08006488   Data           8  system_stm32f4xx.o(.constdata)
    Region$$Table$$Base                      0x08006524   Number         0  anon$$obj.o(Region$$Table)
    Region$$Table$$Limit                     0x08006544   Number         0  anon$$obj.o(Region$$Table)
    bluetooth_rx_data                        0x20000000   Data           1  main.o(.data)
    target_direction                         0x20000001   Data           1  main.o(.data)
    current_direction                        0x20000002   Data           1  main.o(.data)
    bluetooth_connected                      0x20000003   Data           1  main.o(.data)
    connection_announced                     0x20000004   Data           1  main.o(.data)
    use_timed_turning                        0x20000006   Data           1  main.o(.data)
    lidar_dataIndex                          0x20000007   Data           1  main.o(.data)
    lidar_process_packet                     0x20000008   Data           1  main.o(.data)
    distance_control_active                  0x20000009   Data           1  main.o(.data)
    latest_lidar_quality                     0x2000000a   Data           1  main.o(.data)
    has_new_lidar_data                       0x2000000b   Data           1  main.o(.data)
    obstacle_check_active                    0x2000000c   Data           1  main.o(.data)
    obstacle_front                           0x2000000d   Data           1  main.o(.data)
    obstacle_back                            0x2000000e   Data           1  main.o(.data)
    obstacle_left                            0x2000000f   Data           1  main.o(.data)
    obstacle_right                           0x20000010   Data           1  main.o(.data)
    obstacle_report_sent                     0x20000011   Data           1  main.o(.data)
    current_speed                            0x20000014   Data           4  main.o(.data)
    target_speed                             0x20000018   Data           4  main.o(.data)
    last_speed_update_time                   0x2000001c   Data           4  main.o(.data)
    lastEncoderA                             0x20000028   Data           4  main.o(.data)
    lastEncoderB                             0x2000002c   Data           4  main.o(.data)
    lidar_rxIndex                            0x20000030   Data           4  main.o(.data)
    lastLidarAngle                           0x20000034   Data           4  main.o(.data)
    lastLidarRxTime                          0x20000038   Data           4  main.o(.data)
    accumulated_pulses                       0x20000040   Data           4  main.o(.data)
    latest_lidar_angle                       0x20000044   Data           4  main.o(.data)
    latest_lidar_distance                    0x20000048   Data           4  main.o(.data)
    obstacle_check_start                     0x2000004c   Data           4  main.o(.data)
    lidar_dataBuffer                         0x20000064   Data           5  main.o(.data)
    pidA                                     0x2000006c   Data          36  main.o(.data)
    pidB                                     0x20000090   Data          36  main.o(.data)
    connection_msg                           0x200000b4   Data          12  main.o(.data)
    uwTickFreq                               0x200000c0   Data           1  stm32f4xx_hal.o(.data)
    uwTickPrio                               0x200000c4   Data           4  stm32f4xx_hal.o(.data)
    uwTick                                   0x200000c8   Data           4  stm32f4xx_hal.o(.data)
    SystemCoreClock                          0x200000cc   Data           4  system_stm32f4xx.o(.data)
    hadc1                                    0x200000d0   Data          72  adc.o(.bss)
    hi2c1                                    0x20000118   Data          84  i2c.o(.bss)
    htim2                                    0x2000016c   Data          72  tim.o(.bss)
    htim3                                    0x200001b4   Data          72  tim.o(.bss)
    htim4                                    0x200001fc   Data          72  tim.o(.bss)
    huart1                                   0x20000244   Data          72  usart.o(.bss)
    huart6                                   0x2000028c   Data          72  usart.o(.bss)
    hdma_usart1_rx                           0x200002d4   Data          96  usart.o(.bss)
    hdma_usart1_tx                           0x20000334   Data          96  usart.o(.bss)
    hdma_usart6_rx                           0x20000394   Data          96  usart.o(.bss)
    hdma_usart6_tx                           0x200003f4   Data          96  usart.o(.bss)
    uart_buf                                 0x20000454   Data         100  main.o(.bss)
    lidar_dma_buffer                         0x200004b8   Data         256  main.o(.bss)
    __libspace_start                         0x200005b8   Data          96  libspace.o(.bss)
    __temporary_stack_top$libspace           0x20000618   Data           0  libspace.o(.bss)



==============================================================================

Memory Map of the image

  Image Entry point : 0x080001c5

  Load Region LR_IROM1 (Base: 0x08000000, Size: 0x00006630, Max: 0x00080000, ABSOLUTE)

    Execution Region ER_IROM1 (Exec base: 0x08000000, Load base: 0x08000000, Size: 0x00006560, Max: 0x00080000, ABSOLUTE)

    Exec Addr    Load Addr    Size         Type   Attr      Idx    E Section Name        Object

    0x08000000   0x08000000   0x000001c4   Data   RO            3    RESET               startup_stm32f446xx.o
    0x080001c4   0x080001c4   0x00000008   Code   RO         4128  * !!!main             c_w.l(__main.o)
    0x080001cc   0x080001cc   0x00000034   Code   RO         4399    !!!scatter          c_w.l(__scatter.o)
    0x08000200   0x08000200   0x0000001a   Code   RO         4401    !!handler_copy      c_w.l(__scatter_copy.o)
    0x0800021a   0x0800021a   0x00000002   PAD
    0x0800021c   0x0800021c   0x0000001c   Code   RO         4403    !!handler_zi        c_w.l(__scatter_zi.o)
    0x08000238   0x08000238   0x00000000   Code   RO         4121    .ARM.Collect$$_printf_percent$$00000000  c_w.l(_printf_percent.o)
    0x08000238   0x08000238   0x00000006   Code   RO         4120    .ARM.Collect$$_printf_percent$$00000003  c_w.l(_printf_f.o)
    0x0800023e   0x0800023e   0x00000006   Code   RO         4118    .ARM.Collect$$_printf_percent$$00000009  c_w.l(_printf_d.o)
    0x08000244   0x08000244   0x00000006   Code   RO         4119    .ARM.Collect$$_printf_percent$$0000000A  c_w.l(_printf_u.o)
    0x0800024a   0x0800024a   0x00000006   Code   RO         4117    .ARM.Collect$$_printf_percent$$00000013  c_w.l(_printf_c.o)
    0x08000250   0x08000250   0x00000004   Code   RO         4165    .ARM.Collect$$_printf_percent$$00000017  c_w.l(_printf_percent_end.o)
    0x08000254   0x08000254   0x00000002   Code   RO         4270    .ARM.Collect$$libinit$$00000000  c_w.l(libinit.o)
    0x08000256   0x08000256   0x00000004   Code   RO         4271    .ARM.Collect$$libinit$$00000001  c_w.l(libinit2.o)
    0x0800025a   0x0800025a   0x00000000   Code   RO         4274    .ARM.Collect$$libinit$$00000004  c_w.l(libinit2.o)
    0x0800025a   0x0800025a   0x00000000   Code   RO         4277    .ARM.Collect$$libinit$$0000000A  c_w.l(libinit2.o)
    0x0800025a   0x0800025a   0x00000000   Code   RO         4279    .ARM.Collect$$libinit$$0000000C  c_w.l(libinit2.o)
    0x0800025a   0x0800025a   0x00000000   Code   RO         4281    .ARM.Collect$$libinit$$0000000E  c_w.l(libinit2.o)
    0x0800025a   0x0800025a   0x00000006   Code   RO         4282    .ARM.Collect$$libinit$$0000000F  c_w.l(libinit2.o)
    0x08000260   0x08000260   0x00000000   Code   RO         4284    .ARM.Collect$$libinit$$00000011  c_w.l(libinit2.o)
    0x08000260   0x08000260   0x00000000   Code   RO         4286    .ARM.Collect$$libinit$$00000013  c_w.l(libinit2.o)
    0x08000260   0x08000260   0x00000000   Code   RO         4288    .ARM.Collect$$libinit$$00000015  c_w.l(libinit2.o)
    0x08000260   0x08000260   0x0000000a   Code   RO         4289    .ARM.Collect$$libinit$$00000016  c_w.l(libinit2.o)
    0x0800026a   0x0800026a   0x00000000   Code   RO         4290    .ARM.Collect$$libinit$$00000017  c_w.l(libinit2.o)
    0x0800026a   0x0800026a   0x00000000   Code   RO         4292    .ARM.Collect$$libinit$$00000019  c_w.l(libinit2.o)
    0x0800026a   0x0800026a   0x00000000   Code   RO         4294    .ARM.Collect$$libinit$$0000001B  c_w.l(libinit2.o)
    0x0800026a   0x0800026a   0x00000000   Code   RO         4296    .ARM.Collect$$libinit$$0000001D  c_w.l(libinit2.o)
    0x0800026a   0x0800026a   0x00000000   Code   RO         4298    .ARM.Collect$$libinit$$0000001F  c_w.l(libinit2.o)
    0x0800026a   0x0800026a   0x00000000   Code   RO         4300    .ARM.Collect$$libinit$$00000021  c_w.l(libinit2.o)
    0x0800026a   0x0800026a   0x00000000   Code   RO         4302    .ARM.Collect$$libinit$$00000023  c_w.l(libinit2.o)
    0x0800026a   0x0800026a   0x00000000   Code   RO         4304    .ARM.Collect$$libinit$$00000025  c_w.l(libinit2.o)
    0x0800026a   0x0800026a   0x00000000   Code   RO         4308    .ARM.Collect$$libinit$$0000002C  c_w.l(libinit2.o)
    0x0800026a   0x0800026a   0x00000000   Code   RO         4310    .ARM.Collect$$libinit$$0000002E  c_w.l(libinit2.o)
    0x0800026a   0x0800026a   0x00000000   Code   RO         4312    .ARM.Collect$$libinit$$00000030  c_w.l(libinit2.o)
    0x0800026a   0x0800026a   0x00000000   Code   RO         4314    .ARM.Collect$$libinit$$00000032  c_w.l(libinit2.o)
    0x0800026a   0x0800026a   0x00000002   Code   RO         4315    .ARM.Collect$$libinit$$00000033  c_w.l(libinit2.o)
    0x0800026c   0x0800026c   0x00000002   Code   RO         4362    .ARM.Collect$$libshutdown$$00000000  c_w.l(libshutdown.o)
    0x0800026e   0x0800026e   0x00000000   Code   RO         4380    .ARM.Collect$$libshutdown$$00000002  c_w.l(libshutdown2.o)
    0x0800026e   0x0800026e   0x00000000   Code   RO         4382    .ARM.Collect$$libshutdown$$00000004  c_w.l(libshutdown2.o)
    0x0800026e   0x0800026e   0x00000000   Code   RO         4384    .ARM.Collect$$libshutdown$$00000006  c_w.l(libshutdown2.o)
    0x0800026e   0x0800026e   0x00000000   Code   RO         4387    .ARM.Collect$$libshutdown$$00000009  c_w.l(libshutdown2.o)
    0x0800026e   0x0800026e   0x00000000   Code   RO         4390    .ARM.Collect$$libshutdown$$0000000C  c_w.l(libshutdown2.o)
    0x0800026e   0x0800026e   0x00000000   Code   RO         4392    .ARM.Collect$$libshutdown$$0000000E  c_w.l(libshutdown2.o)
    0x0800026e   0x0800026e   0x00000000   Code   RO         4395    .ARM.Collect$$libshutdown$$00000011  c_w.l(libshutdown2.o)
    0x0800026e   0x0800026e   0x00000002   Code   RO         4396    .ARM.Collect$$libshutdown$$00000012  c_w.l(libshutdown2.o)
    0x08000270   0x08000270   0x00000000   Code   RO         4146    .ARM.Collect$$rtentry$$00000000  c_w.l(__rtentry.o)
    0x08000270   0x08000270   0x00000000   Code   RO         4188    .ARM.Collect$$rtentry$$00000002  c_w.l(__rtentry2.o)
    0x08000270   0x08000270   0x00000006   Code   RO         4200    .ARM.Collect$$rtentry$$00000004  c_w.l(__rtentry4.o)
    0x08000276   0x08000276   0x00000000   Code   RO         4190    .ARM.Collect$$rtentry$$00000009  c_w.l(__rtentry2.o)
    0x08000276   0x08000276   0x00000004   Code   RO         4191    .ARM.Collect$$rtentry$$0000000A  c_w.l(__rtentry2.o)
    0x0800027a   0x0800027a   0x00000000   Code   RO         4193    .ARM.Collect$$rtentry$$0000000C  c_w.l(__rtentry2.o)
    0x0800027a   0x0800027a   0x00000008   Code   RO         4194    .ARM.Collect$$rtentry$$0000000D  c_w.l(__rtentry2.o)
    0x08000282   0x08000282   0x00000002   Code   RO         4316    .ARM.Collect$$rtexit$$00000000  c_w.l(rtexit.o)
    0x08000284   0x08000284   0x00000000   Code   RO         4331    .ARM.Collect$$rtexit$$00000002  c_w.l(rtexit2.o)
    0x08000284   0x08000284   0x00000004   Code   RO         4332    .ARM.Collect$$rtexit$$00000003  c_w.l(rtexit2.o)
    0x08000288   0x08000288   0x00000006   Code   RO         4333    .ARM.Collect$$rtexit$$00000004  c_w.l(rtexit2.o)
    0x0800028e   0x0800028e   0x00000002   PAD
    0x08000290   0x08000290   0x00000040   Code   RO            4    .text               startup_stm32f446xx.o
    0x080002d0   0x080002d0   0x000000ee   Code   RO         4085    .text               c_w.l(lludivv7m.o)
    0x080003be   0x080003be   0x00000002   PAD
    0x080003c0   0x080003c0   0x00000038   Code   RO         4087    .text               c_w.l(__2snprintf.o)
    0x080003f8   0x080003f8   0x00000052   Code   RO         4093    .text               c_w.l(_printf_str.o)
    0x0800044a   0x0800044a   0x00000002   PAD
    0x0800044c   0x0800044c   0x00000078   Code   RO         4095    .text               c_w.l(_printf_dec.o)
    0x080004c4   0x080004c4   0x0000010e   Code   RO         4105    .text               c_w.l(__printf_wp.o)
    0x080005d2   0x080005d2   0x0000003e   Code   RO         4122    .text               c_w.l(strlen.o)
    0x08000610   0x08000610   0x0000004e   Code   RO         4124    .text               c_w.l(rt_memclr_w.o)
    0x0800065e   0x0800065e   0x00000006   Code   RO         4126    .text               c_w.l(heapauxi.o)
    0x08000664   0x08000664   0x00000016   Code   RO         4151    .text               c_w.l(_rserrno.o)
    0x0800067a   0x0800067a   0x000000b2   Code   RO         4153    .text               c_w.l(_printf_intcommon.o)
    0x0800072c   0x0800072c   0x0000041e   Code   RO         4155    .text               c_w.l(_printf_fp_dec.o)
    0x08000b4a   0x08000b4a   0x00000002   PAD
    0x08000b4c   0x08000b4c   0x00000030   Code   RO         4157    .text               c_w.l(_printf_char_common.o)
    0x08000b7c   0x08000b7c   0x0000000a   Code   RO         4159    .text               c_w.l(_sputc.o)
    0x08000b86   0x08000b86   0x00000010   Code   RO         4161    .text               c_w.l(_snputc.o)
    0x08000b96   0x08000b96   0x0000002c   Code   RO         4163    .text               c_w.l(_printf_char.o)
    0x08000bc2   0x08000bc2   0x00000002   PAD
    0x08000bc4   0x08000bc4   0x00000008   Code   RO         4207    .text               c_w.l(rt_locale_intlibspace.o)
    0x08000bcc   0x08000bcc   0x00000008   Code   RO         4212    .text               c_w.l(rt_errno_addr_intlibspace.o)
    0x08000bd4   0x08000bd4   0x0000008a   Code   RO         4214    .text               c_w.l(lludiv10.o)
    0x08000c5e   0x08000c5e   0x00000002   PAD
    0x08000c60   0x08000c60   0x00000080   Code   RO         4216    .text               c_w.l(_printf_fp_infnan.o)
    0x08000ce0   0x08000ce0   0x000000e4   Code   RO         4220    .text               c_w.l(bigflt0.o)
    0x08000dc4   0x08000dc4   0x00000008   Code   RO         4252    .text               c_w.l(libspace.o)
    0x08000dcc   0x08000dcc   0x0000004a   Code   RO         4255    .text               c_w.l(sys_stackheap_outer.o)
    0x08000e16   0x08000e16   0x00000012   Code   RO         4257    .text               c_w.l(exit.o)
    0x08000e28   0x08000e28   0x00000080   Code   RO         4263    .text               c_w.l(strcmpv7m.o)
    0x08000ea8   0x08000ea8   0x0000000c   Code   RO         4328    .text               c_w.l(sys_exit.o)
    0x08000eb4   0x08000eb4   0x00000002   Code   RO         4349    .text               c_w.l(use_no_semi.o)
    0x08000eb6   0x08000eb6   0x00000000   Code   RO         4351    .text               c_w.l(indicate_semi.o)
    0x08000eb6   0x08000eb6   0x0000003e   Code   RO         4223    CL$$btod_d2e        c_w.l(btod.o)
    0x08000ef4   0x08000ef4   0x00000046   Code   RO         4225    CL$$btod_d2e_denorm_low  c_w.l(btod.o)
    0x08000f3a   0x08000f3a   0x00000060   Code   RO         4224    CL$$btod_d2e_norm_op1  c_w.l(btod.o)
    0x08000f9a   0x08000f9a   0x00000338   Code   RO         4233    CL$$btod_div_common  c_w.l(btod.o)
    0x080012d2   0x080012d2   0x000000dc   Code   RO         4230    CL$$btod_e2e        c_w.l(btod.o)
    0x080013ae   0x080013ae   0x0000002a   Code   RO         4227    CL$$btod_ediv       c_w.l(btod.o)
    0x080013d8   0x080013d8   0x0000002a   Code   RO         4226    CL$$btod_emul       c_w.l(btod.o)
    0x08001402   0x08001402   0x00000244   Code   RO         4232    CL$$btod_mult_common  c_w.l(btod.o)
    0x08001646   0x08001646   0x00000002   PAD
    0x08001648   0x08001648   0x00000128   Code   RO          718    i.ADC_Init          stm32f4xx_hal_adc.o
    0x08001770   0x08001770   0x00000002   Code   RO          389    i.BusFault_Handler  stm32f4xx_it.o
    0x08001772   0x08001772   0x00000002   PAD
    0x08001774   0x08001774   0x0000019c   Code   RO          568    i.ControlMotor      main.o
    0x08001910   0x08001910   0x0000000c   Code   RO          390    i.DMA2_Stream1_IRQHandler  stm32f4xx_it.o
    0x0800191c   0x0800191c   0x0000000c   Code   RO          391    i.DMA2_Stream2_IRQHandler  stm32f4xx_it.o
    0x08001928   0x08001928   0x0000000c   Code   RO          392    i.DMA2_Stream6_IRQHandler  stm32f4xx_it.o
    0x08001934   0x08001934   0x0000000c   Code   RO          393    i.DMA2_Stream7_IRQHandler  stm32f4xx_it.o
    0x08001940   0x08001940   0x00000028   Code   RO         1536    i.DMA_CalcBaseAndBitshift  stm32f4xx_hal_dma.o
    0x08001968   0x08001968   0x00000054   Code   RO         1537    i.DMA_CheckFifoParam  stm32f4xx_hal_dma.o
    0x080019bc   0x080019bc   0x00000028   Code   RO         1538    i.DMA_SetConfig     stm32f4xx_hal_dma.o
    0x080019e4   0x080019e4   0x00000002   Code   RO          394    i.DebugMon_Handler  stm32f4xx_it.o
    0x080019e6   0x080019e6   0x00000004   Code   RO          569    i.Error_Handler     main.o
    0x080019ea   0x080019ea   0x00000002   PAD
    0x080019ec   0x080019ec   0x0000007c   Code   RO          570    i.FinalizeObstacleCheck  main.o
    0x08001a68   0x08001a68   0x00000164   Code   RO          720    i.HAL_ADC_ConfigChannel  stm32f4xx_hal_adc.o
    0x08001bcc   0x08001bcc   0x00000006   Code   RO          727    i.HAL_ADC_GetValue  stm32f4xx_hal_adc.o
    0x08001bd2   0x08001bd2   0x00000054   Code   RO          729    i.HAL_ADC_Init      stm32f4xx_hal_adc.o
    0x08001c26   0x08001c26   0x00000002   PAD
    0x08001c28   0x08001c28   0x00000060   Code   RO          153    i.HAL_ADC_MspInit   adc.o
    0x08001c88   0x08001c88   0x000000aa   Code   RO          733    i.HAL_ADC_PollForConversion  stm32f4xx_hal_adc.o
    0x08001d32   0x08001d32   0x00000002   PAD
    0x08001d34   0x08001d34   0x000000fc   Code   RO          735    i.HAL_ADC_Start     stm32f4xx_hal_adc.o
    0x08001e30   0x08001e30   0x00000092   Code   RO         1539    i.HAL_DMA_Abort     stm32f4xx_hal_dma.o
    0x08001ec2   0x08001ec2   0x00000024   Code   RO         1540    i.HAL_DMA_Abort_IT  stm32f4xx_hal_dma.o
    0x08001ee6   0x08001ee6   0x00000006   Code   RO         1543    i.HAL_DMA_GetState  stm32f4xx_hal_dma.o
    0x08001eec   0x08001eec   0x000001a0   Code   RO         1544    i.HAL_DMA_IRQHandler  stm32f4xx_hal_dma.o
    0x0800208c   0x0800208c   0x000000d4   Code   RO         1545    i.HAL_DMA_Init      stm32f4xx_hal_dma.o
    0x08002160   0x08002160   0x0000006e   Code   RO         1549    i.HAL_DMA_Start_IT  stm32f4xx_hal_dma.o
    0x080021ce   0x080021ce   0x00000002   PAD
    0x080021d0   0x080021d0   0x00000024   Code   RO         1994    i.HAL_Delay         stm32f4xx_hal.o
    0x080021f4   0x080021f4   0x000001dc   Code   RO         1432    i.HAL_GPIO_Init     stm32f4xx_hal_gpio.o
    0x080023d0   0x080023d0   0x0000000a   Code   RO         1436    i.HAL_GPIO_WritePin  stm32f4xx_hal_gpio.o
    0x080023da   0x080023da   0x00000002   PAD
    0x080023dc   0x080023dc   0x0000000c   Code   RO         2000    i.HAL_GetTick       stm32f4xx_hal.o
    0x080023e8   0x080023e8   0x00000002   Code   RO         2245    i.HAL_I2C_AbortCpltCallback  stm32f4xx_hal_i2c.o
    0x080023ea   0x080023ea   0x00000002   Code   RO         2246    i.HAL_I2C_AddrCallback  stm32f4xx_hal_i2c.o
    0x080023ec   0x080023ec   0x000000ba   Code   RO         2249    i.HAL_I2C_ER_IRQHandler  stm32f4xx_hal_i2c.o
    0x080024a6   0x080024a6   0x00000230   Code   RO         2250    i.HAL_I2C_EV_IRQHandler  stm32f4xx_hal_i2c.o
    0x080026d6   0x080026d6   0x00000002   Code   RO         2252    i.HAL_I2C_ErrorCallback  stm32f4xx_hal_i2c.o
    0x080026d8   0x080026d8   0x00000188   Code   RO         2256    i.HAL_I2C_Init      stm32f4xx_hal_i2c.o
    0x08002860   0x08002860   0x00000002   Code   RO         2258    i.HAL_I2C_ListenCpltCallback  stm32f4xx_hal_i2c.o
    0x08002862   0x08002862   0x00000002   Code   RO         2259    i.HAL_I2C_MasterRxCpltCallback  stm32f4xx_hal_i2c.o
    0x08002864   0x08002864   0x00000002   Code   RO         2260    i.HAL_I2C_MasterTxCpltCallback  stm32f4xx_hal_i2c.o
    0x08002866   0x08002866   0x00000002   Code   RO         2272    i.HAL_I2C_MemRxCpltCallback  stm32f4xx_hal_i2c.o
    0x08002868   0x08002868   0x00000002   Code   RO         2273    i.HAL_I2C_MemTxCpltCallback  stm32f4xx_hal_i2c.o
    0x0800286a   0x0800286a   0x00000002   PAD
    0x0800286c   0x0800286c   0x00000204   Code   RO         2274    i.HAL_I2C_Mem_Read  stm32f4xx_hal_i2c.o
    0x08002a70   0x08002a70   0x00000130   Code   RO         2277    i.HAL_I2C_Mem_Write  stm32f4xx_hal_i2c.o
    0x08002ba0   0x08002ba0   0x0000008c   Code   RO          222    i.HAL_I2C_MspInit   i2c.o
    0x08002c2c   0x08002c2c   0x00000002   Code   RO         2282    i.HAL_I2C_SlaveRxCpltCallback  stm32f4xx_hal_i2c.o
    0x08002c2e   0x08002c2e   0x00000002   Code   RO         2283    i.HAL_I2C_SlaveTxCpltCallback  stm32f4xx_hal_i2c.o
    0x08002c30   0x08002c30   0x00000010   Code   RO         2006    i.HAL_IncTick       stm32f4xx_hal.o
    0x08002c40   0x08002c40   0x00000034   Code   RO         2007    i.HAL_Init          stm32f4xx_hal.o
    0x08002c74   0x08002c74   0x00000040   Code   RO         2008    i.HAL_InitTick      stm32f4xx_hal.o
    0x08002cb4   0x08002cb4   0x00000034   Code   RO          507    i.HAL_MspInit       stm32f4xx_hal_msp.o
    0x08002ce8   0x08002ce8   0x0000001a   Code   RO         1842    i.HAL_NVIC_EnableIRQ  stm32f4xx_hal_cortex.o
    0x08002d02   0x08002d02   0x00000002   PAD
    0x08002d04   0x08002d04   0x00000040   Code   RO         1848    i.HAL_NVIC_SetPriority  stm32f4xx_hal_cortex.o
    0x08002d44   0x08002d44   0x00000024   Code   RO         1849    i.HAL_NVIC_SetPriorityGrouping  stm32f4xx_hal_cortex.o
    0x08002d68   0x08002d68   0x00000070   Code   RO         1768    i.HAL_PWREx_EnableOverDrive  stm32f4xx_hal_pwr_ex.o
    0x08002dd8   0x08002dd8   0x00000134   Code   RO          994    i.HAL_RCC_ClockConfig  stm32f4xx_hal_rcc.o
    0x08002f0c   0x08002f0c   0x00000020   Code   RO         1001    i.HAL_RCC_GetPCLK1Freq  stm32f4xx_hal_rcc.o
    0x08002f2c   0x08002f2c   0x00000020   Code   RO         1002    i.HAL_RCC_GetPCLK2Freq  stm32f4xx_hal_rcc.o
    0x08002f4c   0x08002f4c   0x00000094   Code   RO         1105    i.HAL_RCC_GetSysClockFreq  stm32f4xx_hal_rcc_ex.o
    0x08002fe0   0x08002fe0   0x00000398   Code   RO         1106    i.HAL_RCC_OscConfig  stm32f4xx_hal_rcc_ex.o
    0x08003378   0x08003378   0x00000028   Code   RO         1853    i.HAL_SYSTICK_Config  stm32f4xx_hal_cortex.o
    0x080033a0   0x080033a0   0x00000090   Code   RO         3437    i.HAL_TIMEx_MasterConfigSynchronization  stm32f4xx_hal_tim_ex.o
    0x08003430   0x08003430   0x000000a4   Code   RO         2735    i.HAL_TIM_Encoder_Init  stm32f4xx_hal_tim.o
    0x080034d4   0x080034d4   0x000000a4   Code   RO          264    i.HAL_TIM_Encoder_MspInit  tim.o
    0x08003578   0x08003578   0x0000008e   Code   RO         2738    i.HAL_TIM_Encoder_Start  stm32f4xx_hal_tim.o
    0x08003606   0x08003606   0x00000002   PAD
    0x08003608   0x08003608   0x00000078   Code   RO          265    i.HAL_TIM_MspPostInit  tim.o
    0x08003680   0x08003680   0x000000cc   Code   RO         2786    i.HAL_TIM_PWM_ConfigChannel  stm32f4xx_hal_tim.o
    0x0800374c   0x0800374c   0x0000005a   Code   RO         2789    i.HAL_TIM_PWM_Init  stm32f4xx_hal_tim.o
    0x080037a6   0x080037a6   0x00000002   PAD
    0x080037a8   0x080037a8   0x00000028   Code   RO          267    i.HAL_TIM_PWM_MspInit  tim.o
    0x080037d0   0x080037d0   0x000000c8   Code   RO         2794    i.HAL_TIM_PWM_Start  stm32f4xx_hal_tim.o
    0x08003898   0x08003898   0x00000002   Code   RO         3697    i.HAL_UARTEx_RxEventCallback  stm32f4xx_hal_uart.o
    0x0800389a   0x0800389a   0x00000002   Code   RO         3711    i.HAL_UART_ErrorCallback  stm32f4xx_hal_uart.o
    0x0800389c   0x0800389c   0x00000280   Code   RO         3714    i.HAL_UART_IRQHandler  stm32f4xx_hal_uart.o
    0x08003b1c   0x08003b1c   0x00000064   Code   RO         3715    i.HAL_UART_Init     stm32f4xx_hal_uart.o
    0x08003b80   0x08003b80   0x00000184   Code   RO          336    i.HAL_UART_MspInit  usart.o
    0x08003d04   0x08003d04   0x0000001c   Code   RO         3719    i.HAL_UART_Receive_DMA  stm32f4xx_hal_uart.o
    0x08003d20   0x08003d20   0x0000001c   Code   RO         3720    i.HAL_UART_Receive_IT  stm32f4xx_hal_uart.o
    0x08003d3c   0x08003d3c   0x000000ec   Code   RO          571    i.HAL_UART_RxCpltCallback  main.o
    0x08003e28   0x08003e28   0x00000002   Code   RO         3722    i.HAL_UART_RxHalfCpltCallback  stm32f4xx_hal_uart.o
    0x08003e2a   0x08003e2a   0x000000a0   Code   RO         3723    i.HAL_UART_Transmit  stm32f4xx_hal_uart.o
    0x08003eca   0x08003eca   0x00000002   Code   RO         3726    i.HAL_UART_TxCpltCallback  stm32f4xx_hal_uart.o
    0x08003ecc   0x08003ecc   0x0000009c   Code   RO          572    i.HandleMotionManager  main.o
    0x08003f68   0x08003f68   0x00000002   Code   RO          395    i.HardFault_Handler  stm32f4xx_it.o
    0x08003f6a   0x08003f6a   0x00000002   PAD
    0x08003f6c   0x08003f6c   0x0000000c   Code   RO          396    i.I2C1_ER_IRQHandler  stm32f4xx_it.o
    0x08003f78   0x08003f78   0x0000000c   Code   RO          397    i.I2C1_EV_IRQHandler  stm32f4xx_it.o
    0x08003f84   0x08003f84   0x000000bc   Code   RO         2294    i.I2C_DMAAbort      stm32f4xx_hal_i2c.o
    0x08004040   0x08004040   0x00000010   Code   RO         2297    i.I2C_Flush_DR      stm32f4xx_hal_i2c.o
    0x08004050   0x08004050   0x00000158   Code   RO         2298    i.I2C_ITError       stm32f4xx_hal_i2c.o
    0x080041a8   0x080041a8   0x0000002e   Code   RO         2299    i.I2C_IsAcknowledgeFailed  stm32f4xx_hal_i2c.o
    0x080041d6   0x080041d6   0x000000da   Code   RO         2300    i.I2C_MasterReceive_BTF  stm32f4xx_hal_i2c.o
    0x080042b0   0x080042b0   0x000000f4   Code   RO         2301    i.I2C_MasterReceive_RXNE  stm32f4xx_hal_i2c.o
    0x080043a4   0x080043a4   0x00000082   Code   RO         2304    i.I2C_MasterTransmit_BTF  stm32f4xx_hal_i2c.o
    0x08004426   0x08004426   0x00000002   PAD
    0x08004428   0x08004428   0x000000b6   Code   RO         2305    i.I2C_MasterTransmit_TXE  stm32f4xx_hal_i2c.o
    0x080044de   0x080044de   0x00000002   PAD
    0x080044e0   0x080044e0   0x00000118   Code   RO         2306    i.I2C_Master_ADDR   stm32f4xx_hal_i2c.o
    0x080045f8   0x080045f8   0x0000008c   Code   RO         2307    i.I2C_Master_SB     stm32f4xx_hal_i2c.o
    0x08004684   0x08004684   0x000000a8   Code   RO         2308    i.I2C_MemoryTransmit_TXE_BTF  stm32f4xx_hal_i2c.o
    0x0800472c   0x0800472c   0x000000fc   Code   RO         2309    i.I2C_RequestMemoryRead  stm32f4xx_hal_i2c.o
    0x08004828   0x08004828   0x000000a8   Code   RO         2310    i.I2C_RequestMemoryWrite  stm32f4xx_hal_i2c.o
    0x080048d0   0x080048d0   0x00000046   Code   RO         2311    i.I2C_Slave_ADDR    stm32f4xx_hal_i2c.o
    0x08004916   0x08004916   0x00000002   PAD
    0x08004918   0x08004918   0x00000090   Code   RO         2312    i.I2C_Slave_AF      stm32f4xx_hal_i2c.o
    0x080049a8   0x080049a8   0x0000015c   Code   RO         2313    i.I2C_Slave_STOPF   stm32f4xx_hal_i2c.o
    0x08004b04   0x08004b04   0x00000056   Code   RO         2314    i.I2C_WaitOnBTFFlagUntilTimeout  stm32f4xx_hal_i2c.o
    0x08004b5a   0x08004b5a   0x00000002   PAD
    0x08004b5c   0x08004b5c   0x00000090   Code   RO         2315    i.I2C_WaitOnFlagUntilTimeout  stm32f4xx_hal_i2c.o
    0x08004bec   0x08004bec   0x000000bc   Code   RO         2316    i.I2C_WaitOnMasterAddressFlagUntilTimeout  stm32f4xx_hal_i2c.o
    0x08004ca8   0x08004ca8   0x00000070   Code   RO         2317    i.I2C_WaitOnRXNEFlagUntilTimeout  stm32f4xx_hal_i2c.o
    0x08004d18   0x08004d18   0x00000056   Code   RO         2318    i.I2C_WaitOnTXEFlagUntilTimeout  stm32f4xx_hal_i2c.o
    0x08004d6e   0x08004d6e   0x000000a8   Code   RO          531    i.MPU6500_Init      mpu6500.o
    0x08004e16   0x08004e16   0x00000002   PAD
    0x08004e18   0x08004e18   0x000000c0   Code   RO          532    i.MPU6500_ReadData  mpu6500.o
    0x08004ed8   0x08004ed8   0x00000064   Code   RO          154    i.MX_ADC1_Init      adc.o
    0x08004f3c   0x08004f3c   0x0000005c   Code   RO          194    i.MX_DMA_Init       dma.o
    0x08004f98   0x08004f98   0x000000b0   Code   RO           13    i.MX_GPIO_Init      gpio.o
    0x08005048   0x08005048   0x00000040   Code   RO          223    i.MX_I2C1_Init      i2c.o
    0x08005088   0x08005088   0x00000064   Code   RO          268    i.MX_TIM2_Init      tim.o
    0x080050ec   0x080050ec   0x000000a0   Code   RO          269    i.MX_TIM3_Init      tim.o
    0x0800518c   0x0800518c   0x00000068   Code   RO          270    i.MX_TIM4_Init      tim.o
    0x080051f4   0x080051f4   0x00000038   Code   RO          337    i.MX_USART1_UART_Init  usart.o
    0x0800522c   0x0800522c   0x00000038   Code   RO          338    i.MX_USART6_UART_Init  usart.o
    0x08005264   0x08005264   0x00000002   Code   RO          398    i.MemManage_Handler  stm32f4xx_it.o
    0x08005266   0x08005266   0x00000002   Code   RO          399    i.NMI_Handler       stm32f4xx_it.o
    0x08005268   0x08005268   0x00000002   Code   RO          400    i.PendSV_Handler    stm32f4xx_it.o
    0x0800526a   0x0800526a   0x00000002   PAD
    0x0800526c   0x0800526c   0x000001d8   Code   RO          574    i.ProcessLidarData  main.o
    0x08005444   0x08005444   0x00000002   Code   RO          401    i.SVC_Handler       stm32f4xx_it.o
    0x08005446   0x08005446   0x00000002   PAD
    0x08005448   0x08005448   0x00000030   Code   RO          575    i.SendConnectionNotification  main.o
    0x08005478   0x08005478   0x00000068   Code   RO          576    i.SendLidarDataToBluetooth  main.o
    0x080054e0   0x080054e0   0x00000020   Code   RO          578    i.StartObstacleCheck  main.o
    0x08005500   0x08005500   0x00000004   Code   RO          402    i.SysTick_Handler   stm32f4xx_it.o
    0x08005504   0x08005504   0x000000a0   Code   RO          579    i.SystemClock_Config  main.o
    0x080055a4   0x080055a4   0x00000010   Code   RO         4049    i.SystemInit        system_stm32f4xx.o
    0x080055b4   0x080055b4   0x000000d0   Code   RO         2807    i.TIM_Base_SetConfig  stm32f4xx_hal_tim.o
    0x08005684   0x08005684   0x0000001a   Code   RO         2808    i.TIM_CCxChannelCmd  stm32f4xx_hal_tim.o
    0x0800569e   0x0800569e   0x00000002   PAD
    0x080056a0   0x080056a0   0x00000060   Code   RO         2820    i.TIM_OC1_SetConfig  stm32f4xx_hal_tim.o
    0x08005700   0x08005700   0x0000006c   Code   RO         2821    i.TIM_OC2_SetConfig  stm32f4xx_hal_tim.o
    0x0800576c   0x0800576c   0x00000068   Code   RO         2822    i.TIM_OC3_SetConfig  stm32f4xx_hal_tim.o
    0x080057d4   0x080057d4   0x00000050   Code   RO         2823    i.TIM_OC4_SetConfig  stm32f4xx_hal_tim.o
    0x08005824   0x08005824   0x0000000e   Code   RO         3728    i.UART_DMAAbortOnError  stm32f4xx_hal_uart.o
    0x08005832   0x08005832   0x0000004a   Code   RO         3729    i.UART_DMAError     stm32f4xx_hal_uart.o
    0x0800587c   0x0800587c   0x00000086   Code   RO         3730    i.UART_DMAReceiveCplt  stm32f4xx_hal_uart.o
    0x08005902   0x08005902   0x0000001e   Code   RO         3732    i.UART_DMARxHalfCplt  stm32f4xx_hal_uart.o
    0x08005920   0x08005920   0x0000004e   Code   RO         3738    i.UART_EndRxTransfer  stm32f4xx_hal_uart.o
    0x0800596e   0x0800596e   0x0000001c   Code   RO         3739    i.UART_EndTxTransfer  stm32f4xx_hal_uart.o
    0x0800598a   0x0800598a   0x000000c2   Code   RO         3740    i.UART_Receive_IT   stm32f4xx_hal_uart.o
    0x08005a4c   0x08005a4c   0x0000010c   Code   RO         3741    i.UART_SetConfig    stm32f4xx_hal_uart.o
    0x08005b58   0x08005b58   0x000000a0   Code   RO         3742    i.UART_Start_Receive_DMA  stm32f4xx_hal_uart.o
    0x08005bf8   0x08005bf8   0x00000036   Code   RO         3743    i.UART_Start_Receive_IT  stm32f4xx_hal_uart.o
    0x08005c2e   0x08005c2e   0x00000072   Code   RO         3744    i.UART_WaitOnFlagUntilTimeout  stm32f4xx_hal_uart.o
    0x08005ca0   0x08005ca0   0x0000000c   Code   RO          403    i.USART1_IRQHandler  stm32f4xx_it.o
    0x08005cac   0x08005cac   0x000000a8   Code   RO          580    i.UpdateSpeedRamp   main.o
    0x08005d54   0x08005d54   0x00000002   Code   RO          404    i.UsageFault_Handler  stm32f4xx_it.o
    0x08005d56   0x08005d56   0x00000030   Code   RO         4250    i.__ARM_fpclassify  m_wm.l(fpclassify.o)
    0x08005d86   0x08005d86   0x00000020   Code   RO         1855    i.__NVIC_SetPriority  stm32f4xx_hal_cortex.o
    0x08005da6   0x08005da6   0x000000b0   Code   RO         4134    i.__hardfp_fmodf    m_wm.l(fmodf.o)
    0x08005e56   0x08005e56   0x00000002   PAD
    0x08005e58   0x08005e58   0x00000010   Code   RO         4176    i.__mathlib_flt_invalid  m_wm.l(funder.o)
    0x08005e68   0x08005e68   0x0000000e   Code   RO         4107    i._is_digit         c_w.l(__printf_wp.o)
    0x08005e76   0x08005e76   0x00000002   PAD
    0x08005e78   0x08005e78   0x000003dc   Code   RO          581    i.main              main.o
    0x08006254   0x08006254   0x0000002c   Code   RO         4246    locale$$code        c_w.l(lc_numeric_c.o)
    0x08006280   0x08006280   0x0000000c   Code   RO         4166    x$fpl$dretinf       fz_wm.l(dretinf.o)
    0x0800628c   0x0800628c   0x00000056   Code   RO         4130    x$fpl$f2d           fz_wm.l(f2d.o)
    0x080062e2   0x080062e2   0x0000008c   Code   RO         4168    x$fpl$fnaninf       fz_wm.l(fnaninf.o)
    0x0800636e   0x0800636e   0x0000000a   Code   RO         4326    x$fpl$fpinit        fz_wm.l(fpinit.o)
    0x08006378   0x08006378   0x000000f4   Code   RO         4170    x$fpl$frem          fz_wm.l(frem_clz.o)
    0x0800646c   0x0800646c   0x00000004   Code   RO         4132    x$fpl$printf1       fz_wm.l(printf1.o)
    0x08006470   0x08006470   0x00000000   Code   RO         4172    x$fpl$usenofp       fz_wm.l(usenofp.o)
    0x08006470   0x08006470   0x00000008   Data   RO         1551    .constdata          stm32f4xx_hal_dma.o
    0x08006478   0x08006478   0x00000010   Data   RO         4050    .constdata          system_stm32f4xx.o
    0x08006488   0x08006488   0x00000008   Data   RO         4051    .constdata          system_stm32f4xx.o
    0x08006490   0x08006490   0x00000094   Data   RO         4221    .constdata          c_w.l(bigflt0.o)
    0x08006524   0x08006524   0x00000020   Data   RO         4397    Region$$Table       anon$$obj.o
    0x08006544   0x08006544   0x0000001c   Data   RO         4245    locale$$data        c_w.l(lc_numeric_c.o)


    Execution Region RW_IRAM1 (Exec base: 0x20000000, Load base: 0x08006560, Size: 0x00000c18, Max: 0x00020000, ABSOLUTE)

    Exec Addr    Load Addr    Size         Type   Attr      Idx    E Section Name        Object

    0x20000000   0x08006560   0x000000c0   Data   RW          583    .data               main.o
    0x200000c0   0x08006620   0x0000000c   Data   RW         2014    .data               stm32f4xx_hal.o
    0x200000cc   0x0800662c   0x00000004   Data   RW         4052    .data               system_stm32f4xx.o
    0x200000d0        -       0x00000048   Zero   RW          155    .bss                adc.o
    0x20000118        -       0x00000054   Zero   RW          224    .bss                i2c.o
    0x2000016c        -       0x000000d8   Zero   RW          271    .bss                tim.o
    0x20000244        -       0x00000210   Zero   RW          340    .bss                usart.o
    0x20000454        -       0x00000164   Zero   RW          582    .bss                main.o
    0x200005b8        -       0x00000060   Zero   RW         4253    .bss                c_w.l(libspace.o)
    0x20000618        -       0x00000200   Zero   RW            2    HEAP                startup_stm32f446xx.o
    0x20000818        -       0x00000400   Zero   RW            1    STACK               startup_stm32f446xx.o


==============================================================================

Image component sizes


      Code (inc. data)   RO Data    RW Data    ZI Data      Debug   Object Name

       196         24          0          0         72       1705   adc.o
        92          4          0          0          0        802   dma.o
       176         12          0          0          0     735487   gpio.o
       204         28          0          0         84       1693   i2c.o
      2904        384          0        192        356      14668   main.o
       360         10          0          0          0       2266   mpu6500.o
        64         26        452          0       1536        844   startup_stm32f446xx.o
       180         28          0         12          0       9281   stm32f4xx_hal.o
      1164         58          0          0          0       5282   stm32f4xx_hal_adc.o
       198         14          0          0          0      33819   stm32f4xx_hal_cortex.o
      1090         16          8          0          0       7949   stm32f4xx_hal_dma.o
       486         40          0          0          0       2184   stm32f4xx_hal_gpio.o
      5532         92          0          0          0      33576   stm32f4xx_hal_i2c.o
        52          4          0          0          0        870   stm32f4xx_hal_msp.o
       112         14          0          0          0       1288   stm32f4xx_hal_pwr_ex.o
       372         44          0          0          0       2910   stm32f4xx_hal_rcc.o
      1068         28          0          0          0       2818   stm32f4xx_hal_rcc_ex.o
      1422        108          0          0          0      10441   stm32f4xx_hal_tim.o
       144         28          0          0          0       1376   stm32f4xx_hal_tim_ex.o
      2112         28          0          0          0      16258   stm32f4xx_hal_uart.o
       104         42          0          0          0       7512   stm32f4xx_it.o
        16          4         24          4          0       1127   system_stm32f4xx.o
       688         62          0          0        216       4499   tim.o
       500         50          0          0        528       2827   usart.o

    ----------------------------------------------------------------------
     19274       1148        516        208       2792     901482   Object Totals
         0          0         32          0          0          0   (incl. Generated)
        38          0          0          0          0          0   (incl. Padding)

    ----------------------------------------------------------------------

      Code (inc. data)   RO Data    RW Data    ZI Data      Debug   Library Member Name

        56          6          0          0          0         88   __2snprintf.o
         8          0          0          0          0         68   __main.o
       284          0          0          0          0        156   __printf_wp.o
         0          0          0          0          0          0   __rtentry.o
        12          0          0          0          0          0   __rtentry2.o
         6          0          0          0          0          0   __rtentry4.o
        52          8          0          0          0          0   __scatter.o
        26          0          0          0          0          0   __scatter_copy.o
        28          0          0          0          0          0   __scatter_zi.o
         6          0          0          0          0          0   _printf_c.o
        44          0          0          0          0        108   _printf_char.o
        48          6          0          0          0         96   _printf_char_common.o
         6          0          0          0          0          0   _printf_d.o
       120         16          0          0          0         92   _printf_dec.o
         6          0          0          0          0          0   _printf_f.o
      1054          0          0          0          0        216   _printf_fp_dec.o
       128         16          0          0          0         84   _printf_fp_infnan.o
       178          0          0          0          0         88   _printf_intcommon.o
         0          0          0          0          0          0   _printf_percent.o
         4          0          0          0          0          0   _printf_percent_end.o
        82          0          0          0          0         80   _printf_str.o
         6          0          0          0          0          0   _printf_u.o
        22          0          0          0          0        100   _rserrno.o
        16          0          0          0          0         68   _snputc.o
        10          0          0          0          0         68   _sputc.o
       228          4        148          0          0         96   bigflt0.o
      1936        128          0          0          0        672   btod.o
        18          0          0          0          0         80   exit.o
         6          0          0          0          0        152   heapauxi.o
         0          0          0          0          0          0   indicate_semi.o
        44         10         28          0          0         76   lc_numeric_c.o
         2          0          0          0          0          0   libinit.o
        22          0          0          0          0          0   libinit2.o
         2          0          0          0          0          0   libshutdown.o
         2          0          0          0          0          0   libshutdown2.o
         8          4          0          0         96         68   libspace.o
       138          0          0          0          0         80   lludiv10.o
       238          0          0          0          0        100   lludivv7m.o
         8          4          0          0          0         68   rt_errno_addr_intlibspace.o
         8          4          0          0          0         68   rt_locale_intlibspace.o
        78          0          0          0          0         80   rt_memclr_w.o
         2          0          0          0          0          0   rtexit.o
        10          0          0          0          0          0   rtexit2.o
       128          0          0          0          0         68   strcmpv7m.o
        62          0          0          0          0         76   strlen.o
        12          4          0          0          0         68   sys_exit.o
        74          0          0          0          0         80   sys_stackheap_outer.o
         2          0          0          0          0         68   use_no_semi.o
        12          0          0          0          0        116   dretinf.o
        86          4          0          0          0        132   f2d.o
       140          4          0          0          0        132   fnaninf.o
        10          0          0          0          0        116   fpinit.o
       244          8          0          0          0        132   frem_clz.o
         4          0          0          0          0        116   printf1.o
         0          0          0          0          0          0   usenofp.o
       176          0          0          0          0        168   fmodf.o
        48          0          0          0          0        124   fpclassify.o
        16          6          0          0          0        116   funder.o

    ----------------------------------------------------------------------
      5986        232        176          0         96       4364   Library Totals
        20          0          0          0          0          0   (incl. Padding)

    ----------------------------------------------------------------------

      Code (inc. data)   RO Data    RW Data    ZI Data      Debug   Library Name

      5230        210        176          0         96       3212   c_w.l
       496         16          0          0          0        744   fz_wm.l
       240          6          0          0          0        408   m_wm.l

    ----------------------------------------------------------------------
      5986        232        176          0         96       4364   Library Totals

    ----------------------------------------------------------------------

==============================================================================


      Code (inc. data)   RO Data    RW Data    ZI Data      Debug   

     25260       1380        692        208       2888     889278   Grand Totals
     25260       1380        692        208       2888     889278   ELF Image Totals
     25260       1380        692        208          0          0   ROM Totals

==============================================================================

    Total RO  Size (Code + RO Data)                25952 (  25.34kB)
    Total RW  Size (RW Data + ZI Data)              3096 (   3.02kB)
    Total ROM Size (Code + RO Data + RW Data)      26160 (  25.55kB)

==============================================================================

